Archive member included to satisfy reference by file (symbol)

/Applications/STM32CubeIDE.app/Contents/Eclipse/plugins/com.st.stm32cube.ide.mcu.externaltools.gnu-tools-for-stm32.13.3.rel1.macos64_1.0.0.202411102158/tools/bin/../lib/gcc/arm-none-eabi/13.3.1/../../../../arm-none-eabi/lib/thumb/v7e-m+fp/hard/libc_nano.a(libc_a-exit.o)
                              /Applications/STM32CubeIDE.app/Contents/Eclipse/plugins/com.st.stm32cube.ide.mcu.externaltools.gnu-tools-for-stm32.13.3.rel1.macos64_1.0.0.202411102158/tools/bin/../lib/gcc/arm-none-eabi/13.3.1/../../../../arm-none-eabi/lib/thumb/v7e-m+fp/hard/crt0.o (exit)
/Applications/STM32CubeIDE.app/Contents/Eclipse/plugins/com.st.stm32cube.ide.mcu.externaltools.gnu-tools-for-stm32.13.3.rel1.macos64_1.0.0.202411102158/tools/bin/../lib/gcc/arm-none-eabi/13.3.1/../../../../arm-none-eabi/lib/thumb/v7e-m+fp/hard/libc_nano.a(libc_a-nano-vfprintf_float.o)
                              (_printf_float)
/Applications/STM32CubeIDE.app/Contents/Eclipse/plugins/com.st.stm32cube.ide.mcu.externaltools.gnu-tools-for-stm32.13.3.rel1.macos64_1.0.0.202411102158/tools/bin/../lib/gcc/arm-none-eabi/13.3.1/../../../../arm-none-eabi/lib/thumb/v7e-m+fp/hard/libc_nano.a(libc_a-malloc.o)
                              ./Core/Src/vl53l0x_platform.o (malloc)
/Applications/STM32CubeIDE.app/Contents/Eclipse/plugins/com.st.stm32cube.ide.mcu.externaltools.gnu-tools-for-stm32.13.3.rel1.macos64_1.0.0.202411102158/tools/bin/../lib/gcc/arm-none-eabi/13.3.1/../../../../arm-none-eabi/lib/thumb/v7e-m+fp/hard/libc_nano.a(libc_a-mallocr.o)
                              /Applications/STM32CubeIDE.app/Contents/Eclipse/plugins/com.st.stm32cube.ide.mcu.externaltools.gnu-tools-for-stm32.13.3.rel1.macos64_1.0.0.202411102158/tools/bin/../lib/gcc/arm-none-eabi/13.3.1/../../../../arm-none-eabi/lib/thumb/v7e-m+fp/hard/libc_nano.a(libc_a-malloc.o) (_malloc_r)
/Applications/STM32CubeIDE.app/Contents/Eclipse/plugins/com.st.stm32cube.ide.mcu.externaltools.gnu-tools-for-stm32.13.3.rel1.macos64_1.0.0.202411102158/tools/bin/../lib/gcc/arm-none-eabi/13.3.1/../../../../arm-none-eabi/lib/thumb/v7e-m+fp/hard/libc_nano.a(libc_a-nano-vfprintf_i.o)
                              /Applications/STM32CubeIDE.app/Contents/Eclipse/plugins/com.st.stm32cube.ide.mcu.externaltools.gnu-tools-for-stm32.13.3.rel1.macos64_1.0.0.202411102158/tools/bin/../lib/gcc/arm-none-eabi/13.3.1/../../../../arm-none-eabi/lib/thumb/v7e-m+fp/hard/libc_nano.a(libc_a-nano-vfprintf_float.o) (_printf_common)
/Applications/STM32CubeIDE.app/Contents/Eclipse/plugins/com.st.stm32cube.ide.mcu.externaltools.gnu-tools-for-stm32.13.3.rel1.macos64_1.0.0.202411102158/tools/bin/../lib/gcc/arm-none-eabi/13.3.1/../../../../arm-none-eabi/lib/thumb/v7e-m+fp/hard/libc_nano.a(libc_a-snprintf.o)
                              ./Core/Src/main.o (snprintf)
/Applications/STM32CubeIDE.app/Contents/Eclipse/plugins/com.st.stm32cube.ide.mcu.externaltools.gnu-tools-for-stm32.13.3.rel1.macos64_1.0.0.202411102158/tools/bin/../lib/gcc/arm-none-eabi/13.3.1/../../../../arm-none-eabi/lib/thumb/v7e-m+fp/hard/libc_nano.a(libc_a-mlock.o)
                              /Applications/STM32CubeIDE.app/Contents/Eclipse/plugins/com.st.stm32cube.ide.mcu.externaltools.gnu-tools-for-stm32.13.3.rel1.macos64_1.0.0.202411102158/tools/bin/../lib/gcc/arm-none-eabi/13.3.1/../../../../arm-none-eabi/lib/thumb/v7e-m+fp/hard/libc_nano.a(libc_a-mallocr.o) (__malloc_lock)
/Applications/STM32CubeIDE.app/Contents/Eclipse/plugins/com.st.stm32cube.ide.mcu.externaltools.gnu-tools-for-stm32.13.3.rel1.macos64_1.0.0.202411102158/tools/bin/../lib/gcc/arm-none-eabi/13.3.1/../../../../arm-none-eabi/lib/thumb/v7e-m+fp/hard/libc_nano.a(libc_a-sprintf.o)
                              ./Core/Src/main.o (sprintf)
/Applications/STM32CubeIDE.app/Contents/Eclipse/plugins/com.st.stm32cube.ide.mcu.externaltools.gnu-tools-for-stm32.13.3.rel1.macos64_1.0.0.202411102158/tools/bin/../lib/gcc/arm-none-eabi/13.3.1/../../../../arm-none-eabi/lib/thumb/v7e-m+fp/hard/libc_nano.a(libc_a-findfp.o)
                              /Applications/STM32CubeIDE.app/Contents/Eclipse/plugins/com.st.stm32cube.ide.mcu.externaltools.gnu-tools-for-stm32.13.3.rel1.macos64_1.0.0.202411102158/tools/bin/../lib/gcc/arm-none-eabi/13.3.1/../../../../arm-none-eabi/lib/thumb/v7e-m+fp/hard/libc_nano.a(libc_a-exit.o) (__stdio_exit_handler)
/Applications/STM32CubeIDE.app/Contents/Eclipse/plugins/com.st.stm32cube.ide.mcu.externaltools.gnu-tools-for-stm32.13.3.rel1.macos64_1.0.0.202411102158/tools/bin/../lib/gcc/arm-none-eabi/13.3.1/../../../../arm-none-eabi/lib/thumb/v7e-m+fp/hard/libc_nano.a(libc_a-fwalk.o)
                              /Applications/STM32CubeIDE.app/Contents/Eclipse/plugins/com.st.stm32cube.ide.mcu.externaltools.gnu-tools-for-stm32.13.3.rel1.macos64_1.0.0.202411102158/tools/bin/../lib/gcc/arm-none-eabi/13.3.1/../../../../arm-none-eabi/lib/thumb/v7e-m+fp/hard/libc_nano.a(libc_a-findfp.o) (_fwalk_sglue)
[...]
Memory Configuration

Name             Origin             Length             Attributes
RAM              0x20000000         0x00020000         xrw
FLASH            0x08000000         0x00080000         xr
*default*        0x00000000         0xffffffff

Linker script and memory map

LOAD /Applications/STM32CubeIDE.app/Contents/Eclipse/plugins/com.st.stm32cube.ide.mcu.externaltools.gnu-tools-for-stm32.13.3.rel1.macos64_1.0.0.202411102158/tools/bin/../lib/gcc/arm-none-eabi/13.3.1/thumb/v7e-m+fp/hard/crti.o
LOAD /Applications/STM32CubeIDE.app/Contents/Eclipse/plugins/com.st.stm32cube.ide.mcu.externaltools.gnu-tools-for-stm32.13.3.rel1.macos64_1.0.0.202411102158/tools/bin/../lib/gcc/arm-none-eabi/13.3.1/thumb/v7e-m+fp/hard/crtbegin.o
LOAD /Applications/STM32CubeIDE.app/Contents/Eclipse/plugins/com.st.stm32cube.ide.mcu.externaltools.gnu-tools-for-stm32.13.3.rel1.macos64_1.0.0.202411102158/tools/bin/../lib/gcc/arm-none-eabi/13.3.1/../../../../arm-none-eabi/lib/thumb/v7e-m+fp/hard/crt0.o
LOAD ./Core/Src/cup_system.o
LOAD ./Core/Src/hx711.o
LOAD ./Core/Src/main.o
LOAD ./Core/Src/stm32f4xx_hal_msp.o
LOAD ./Core/Src/stm32f4xx_it.o
LOAD ./Core/Src/syscalls.o
LOAD ./Core/Src/sysmem.o
LOAD ./Core/Src/system_stm32f4xx.o
LOAD ./Core/Src/ultra.o
LOAD ./Core/Src/vl53l0x_platform.o
LOAD ./Core/Src/vl53l0x_wrapper.o
LOAD ./Core/Startup/startup_stm32f446retx.o
LOAD ./Drivers/STM32F4xx_HAL_Driver/Src/stm32f4xx_hal.o
LOAD ./Drivers/STM32F4xx_HAL_Driver/Src/stm32f4xx_hal_cortex.o
LOAD ./Drivers/STM32F4xx_HAL_Driver/Src/stm32f4xx_hal_dma.o
LOAD ./Drivers/STM32F4xx_HAL_Driver/Src/stm32f4xx_hal_dma_ex.o
LOAD ./Drivers/STM32F4xx_HAL_Driver/Src/stm32f4xx_hal_exti.o
LOAD ./Drivers/STM32F4xx_HAL_Driver/Src/stm32f4xx_hal_flash.o
LOAD ./Drivers/STM32F4xx_HAL_Driver/Src/stm32f4xx_hal_flash_ex.o
LOAD ./Drivers/STM32F4xx_HAL_Driver/Src/stm32f4xx_hal_flash_ramfunc.o
LOAD ./Drivers/STM32F4xx_HAL_Driver/Src/stm32f4xx_hal_gpio.o
LOAD ./Drivers/STM32F4xx_HAL_Driver/Src/stm32f4xx_hal_i2c.o
LOAD ./Drivers/STM32F4xx_HAL_Driver/Src/stm32f4xx_hal_i2c_ex.o
LOAD ./Drivers/STM32F4xx_HAL_Driver/Src/stm32f4xx_hal_pwr.o
LOAD ./Drivers/STM32F4xx_HAL_Driver/Src/stm32f4xx_hal_pwr_ex.o
LOAD ./Drivers/STM32F4xx_HAL_Driver/Src/stm32f4xx_hal_rcc.o
LOAD ./Drivers/STM32F4xx_HAL_Driver/Src/stm32f4xx_hal_rcc_ex.o
LOAD ./Drivers/STM32F4xx_HAL_Driver/Src/stm32f4xx_hal_tim.o
LOAD ./Drivers/STM32F4xx_HAL_Driver/Src/stm32f4xx_hal_tim_ex.o
LOAD ./Drivers/STM32F4xx_HAL_Driver/Src/stm32f4xx_hal_uart.o
LOAD ./Drivers/VL53L0X/core/src/vl53l0x_api.o
LOAD ./Drivers/VL53L0X/core/src/vl53l0x_api_calibration.o
LOAD ./Drivers/VL53L0X/core/src/vl53l0x_api_core.o
LOAD ./Drivers/VL53L0X/core/src/vl53l0x_api_ranging.o
LOAD ./Drivers/VL53L0X/core/src/vl53l0x_api_strings.o
START GROUP
LOAD /Applications/STM32CubeIDE.app/Contents/Eclipse/plugins/com.st.stm32cube.ide.mcu.externaltools.gnu-tools-for-stm32.13.3.rel1.macos64_1.0.0.202411102158/tools/bin/../lib/gcc/arm-none-eabi/13.3.1/../../../../arm-none-eabi/lib/thumb/v7e-m+fp/hard/libc_nano.a
LOAD /Applications/STM32CubeIDE.app/Contents/Eclipse/plugins/com.st.stm32cube.ide.mcu.externaltools.gnu-tools-for-stm32.13.3.rel1.macos64_1.0.0.202411102158/tools/bin/../lib/gcc/arm-none-eabi/13.3.1/../../../../arm-none-eabi/lib/thumb/v7e-m+fp/hard/libm.a
END GROUP
START GROUP
LOAD /Applications/STM32CubeIDE.app/Contents/Eclipse/plugins/com.st.stm32cube.ide.mcu.externaltools.gnu-tools-for-stm32.13.3.rel1.macos64_1.0.0.202411102158/tools/bin/../lib/gcc/arm-none-eabi/13.3.1/thumb/v7e-m+fp/hard/libgcc.a
LOAD /Applications/STM32CubeIDE.app/Contents/Eclipse/plugins/com.st.stm32cube.ide.mcu.externaltools.gnu-tools-for-stm32.13.3.rel1.macos64_1.0.0.202411102158/tools/bin/../lib/gcc/arm-none-eabi/13.3.1/../../../../arm-none-eabi/lib/thumb/v7e-m+fp/hard/libc_nano.a
END GROUP
START GROUP
LOAD /Applications/STM32CubeIDE.app/Contents/Eclipse/plugins/com.st.stm32cube.ide.mcu.externaltools.gnu-tools-for-stm32.13.3.rel1.macos64_1.0.0.202411102158/tools/bin/../lib/gcc/arm-none-eabi/13.3.1/thumb/v7e-m+fp/hard/libgcc.a
LOAD /Applications/STM32CubeIDE.app/Contents/Eclipse/plugins/com.st.stm32cube.ide.mcu.externaltools.gnu-tools-for-stm32.13.3.rel1.macos64_1.0.0.202411102158/tools/bin/../lib/gcc/arm-none-eabi/13.3.1/../../../../arm-none-eabi/lib/thumb/v7e-m+fp/hard/libc_nano.a
LOAD /Applications/STM32CubeIDE.app/Contents/Eclipse/plugins/com.st.stm32cube.ide.mcu.externaltools.gnu-tools-for-stm32.13.3.rel1.macos64_1.0.0.202411102158/tools/bin/../lib/gcc/arm-none-eabi/13.3.1/../../../../arm-none-eabi/lib/thumb/v7e-m+fp/hard/libnosys.a
END GROUP
START GROUP
LOAD /Applications/STM32CubeIDE.app/Contents/Eclipse/plugins/com.st.stm32cube.ide.mcu.externaltools.gnu-tools-for-stm32.13.3.rel1.macos64_1.0.0.202411102158/tools/bin/../lib/gcc/arm-none-eabi/13.3.1/thumb/v7e-m+fp/hard/libgcc.a
LOAD /Applications/STM32CubeIDE.app/Contents/Eclipse/plugins/com.st.stm32cube.ide.mcu.externaltools.gnu-tools-for-stm32.13.3.rel1.macos64_1.0.0.202411102158/tools/bin/../lib/gcc/arm-none-eabi/13.3.1/../../../../arm-none-eabi/lib/thumb/v7e-m+fp/hard/libc_nano.a
LOAD /Applications/STM32CubeIDE.app/Contents/Eclipse/plugins/com.st.stm32cube.ide.mcu.externaltools.gnu-tools-for-stm32.13.3.rel1.macos64_1.0.0.202411102158/tools/bin/../lib/gcc/arm-none-eabi/13.3.1/../../../../arm-none-eabi/lib/thumb/v7e-m+fp/hard/libnosys.a
END GROUP
LOAD /Applications/STM32CubeIDE.app/Contents/Eclipse/plugins/com.st.stm32cube.ide.mcu.externaltools.gnu-tools-for-stm32.13.3.rel1.macos64_1.0.0.202411102158/tools/bin/../lib/gcc/arm-none-eabi/13.3.1/thumb/v7e-m+fp/hard/crtend.o
LOAD /Applications/STM32CubeIDE.app/Contents/Eclipse/plugins/com.st.stm32cube.ide.mcu.externaltools.gnu-tools-for-stm32.13.3.rel1.macos64_1.0.0.202411102158/tools/bin/../lib/gcc/arm-none-eabi/13.3.1/thumb/v7e-m+fp/hard/crtn.o
                0x20020000                        _estack = (ORIGIN (RAM) + LENGTH (RAM))
                0x00000200                        _Min_Heap_Size = 0x200
                0x00000400                        _Min_Stack_Size = 0x400

.isr_vector     0x08000000      0x1c4
                0x08000000                        . = ALIGN (0x4)
 *(.isr_vector)
 .isr_vector    0x08000000      0x1c4 ./Core/Startup/startup_stm32f446retx.o
                0x08000000                g_pfnVectors
                0x080001c4                        . = ALIGN (0x4)

.text           0x080001d0     0xe3ec
                0x080001d0                        . = ALIGN (0x4)
 *(.text)
 .text          0x080001d0       0x40 /Applications/STM32CubeIDE.app/Contents/Eclipse/plugins/com.st.stm32cube.ide.mcu.externaltools.gnu-tools-for-stm32.13.3.rel1.macos64_1.0.0.202411102158/tools/bin/../lib/gcc/arm-none-eabi/13.3.1/thumb/v7e-m+fp/hard/crtbegin.o
 .text          0x08000210       0xa0 /Applications/STM32CubeIDE.app/Contents/Eclipse/plugins/com.st.stm32cube.ide.mcu.externaltools.gnu-tools-for-stm32.13.3.rel1.macos64_1.0.0.202411102158/tools/bin/../lib/gcc/arm-none-eabi/13.3.1/../../../../arm-none-eabi/lib/thumb/v7e-m+fp/hard/libc_nano.a(libc_a-memchr.o)
                0x08000210                memchr
 .text          0x080002b0       0x10 /Applications/STM32CubeIDE.app/Contents/Eclipse/plugins/com.st.stm32cube.ide.mcu.externaltools.gnu-tools-for-stm32.13.3.rel1.macos64_1.0.0.202411102158/tools/bin/../lib/gcc/arm-none-eabi/13.3.1/../../../../arm-none-eabi/lib/thumb/v7e-m+fp/hard/libc_nano.a(libc_a-strlen.o)
                0x080002b0                strlen
 .text          0x080002c0      0x378 /Applications/STM32CubeIDE.app/Contents/Eclipse/plugins/com.st.stm32cube.ide.mcu.externaltools.gnu-tools-for-stm32.13.3.rel1.macos64_1.0.0.202411102158/tools/bin/../lib/gcc/arm-none-eabi/13.3.1/thumb/v7e-m+fp/hard/libgcc.a(_arm_addsubdf3.o)
                0x080002c0                __aeabi_drsub
                0x080002c8                __subdf3
                0x080002c8                __aeabi_dsub
                0x080002cc                __aeabi_dadd
                0x080002cc                __adddf3
                0x08000544                __aeabi_ui2d
                0x08000544                __floatunsidf
                0x08000564                __floatsidf
                0x08000564                __aeabi_i2d
                0x08000588                __extendsfdf2
                0x08000588                __aeabi_f2d
                0x080005cc                __aeabi_ul2d
                0x080005cc                __floatundidf
                0x080005dc                __aeabi_l2d
                0x080005dc                __floatdidf
 .text          0x08000638      0x424 /Applications/STM32CubeIDE.app/Contents/Eclipse/plugins/com.st.stm32cube.ide.mcu.externaltools.gnu-tools-for-stm32.13.3.rel1.macos64_1.0.0.202411102158/tools/bin/../lib/gcc/arm-none-eabi/13.3.1/thumb/v7e-m+fp/hard/libgcc.a(_arm_muldivdf3.o)
                0x08000638                __aeabi_dmul
                0x08000638                __muldf3
                0x0800088c                __aeabi_ddiv
                0x0800088c                __divdf3
 .text          0x08000a5c      0x110 /Applications/STM32CubeIDE.app/Contents/Eclipse/plugins/com.st.stm32cube.ide.mcu.externaltools.gnu-tools-for-stm32.13.3.rel1.macos64_1.0.0.202411102158/tools/bin/../lib/gcc/arm-none-eabi/13.3.1/thumb/v7e-m+fp/hard/libgcc.a(_arm_cmpdf2.o)
                0x08000a5c                __gedf2
                0x08000a5c                __gtdf2
                0x08000a64                __ledf2
                0x08000a64                __ltdf2
                0x08000a6c                __cmpdf2
                0x08000a6c                __eqdf2
                0x08000a6c                __nedf2
                0x08000ae8                __aeabi_cdrcmple
                0x08000af8                __aeabi_cdcmple
                0x08000af8                __aeabi_cdcmpeq
                0x08000b08                __aeabi_dcmpeq
                0x08000b1c                __aeabi_dcmplt
                0x08000b30                __aeabi_dcmple
                0x08000b44                __aeabi_dcmpge
                0x08000b58                __aeabi_dcmpgt
 .text          0x08000b6c       0x2c /Applications/STM32CubeIDE.app/Contents/Eclipse/plugins/com.st.stm32cube.ide.mcu.externaltools.gnu-tools-for-stm32.13.3.rel1.macos64_1.0.0.202411102158/tools/bin/../lib/gcc/arm-none-eabi/13.3.1/thumb/v7e-m+fp/hard/libgcc.a(_arm_unorddf2.o)
                0x08000b6c                __aeabi_dcmpun
                0x08000b6c                __unorddf2
 .text          0x08000b98       0x50 /Applications/STM32CubeIDE.app/Contents/Eclipse/plugins/com.st.stm32cube.ide.mcu.externaltools.gnu-tools-for-stm32.13.3.rel1.macos64_1.0.0.202411102158/tools/bin/../lib/gcc/arm-none-eabi/13.3.1/thumb/v7e-m+fp/hard/libgcc.a(_arm_fixdfsi.o)
                0x08000b98                __fixdfsi
                0x08000b98                __aeabi_d2iz
 .text          0x08000be8       0xa0 /Applications/STM32CubeIDE.app/Contents/Eclipse/plugins/com.st.stm32cube.ide.mcu.externaltools.gnu-tools-for-stm32.13.3.rel1.macos64_1.0.0.202411102158/tools/bin/../lib/gcc/arm-none-eabi/13.3.1/thumb/v7e-m+fp/hard/libgcc.a(_aeabi_ldivmod.o)
                0x08000be8                __aeabi_ldivmod
 .text          0x08000c88       0x30 /Applications/STM32CubeIDE.app/Contents/Eclipse/plugins/com.st.stm32cube.ide.mcu.externaltools.gnu-tools-for-stm32.13.3.rel1.macos64_1.0.0.202411102158/tools/bin/../lib/gcc/arm-none-eabi/13.3.1/thumb/v7e-m+fp/hard/libgcc.a(_aeabi_uldivmod.o)
                0x08000c88                __aeabi_uldivmod
 .text          0x08000cb8      0x2f8 /Applications/STM32CubeIDE.app/Contents/Eclipse/plugins/com.st.stm32cube.ide.mcu.externaltools.gnu-tools-for-stm32.13.3.rel1.macos64_1.0.0.202411102158/tools/bin/../lib/gcc/arm-none-eabi/13.3.1/thumb/v7e-m+fp/hard/libgcc.a(_udivmoddi4.o)
                0x08000cb8                __udivmoddi4
 .text          0x08000fb0        0x4 /Applications/STM32CubeIDE.app/Contents/Eclipse/plugins/com.st.stm32cube.ide.mcu.externaltools.gnu-tools-for-stm32.13.3.rel1.macos64_1.0.0.202411102158/tools/bin/../lib/gcc/arm-none-eabi/13.3.1/thumb/v7e-m+fp/hard/libgcc.a(_dvmd_tls.o)
                0x08000fb0                __aeabi_ldiv0
                0x08000fb0                __aeabi_idiv0
 *(.text*)
 .text.CupSystem_Init
                0x08000fb4       0x2c ./Core/Src/cup_system.o
                0x08000fb4                CupSystem_Init
 .text.CupSystem_Update
                0x08000fe0       0xe0 ./Core/Src/cup_system.o
                0x08000fe0                CupSystem_Update
 .text.HX711_IsReady
                0x080010c0       0x2c ./Core/Src/hx711.o
 .text.HX711_Init
                0x080010ec       0x5e ./Core/Src/hx711.o
                0x080010ec                HX711_Init
 .text.HX711_ReadRaw
                0x0800114a      0x126 ./Core/Src/hx711.o
                0x0800114a                HX711_ReadRaw
 .text.HX711_Tare
                0x08001270       0x86 ./Core/Src/hx711.o
                0x08001270                HX711_Tare
 *fill*         0x080012f6        0x2 
 .text.HX711_DWT_Delay_Init
                0x080012f8       0x34 ./Core/Src/hx711.o
 .text.HX711_DWT_Delay_us
                0x0800132c       0x48 ./Core/Src/hx711.o
 .text.read_valid
                0x08001374       0x30 ./Core/Src/hx711.o
 .text.HX711_Tare_Robust
                0x080013a4      0x228 ./Core/Src/hx711.o
                0x080013a4                HX711_Tare_Robust
 .text.avg_reset
                0x080015cc       0x4c ./Core/Src/main.o
 .text.avg_push
                0x08001618       0xb4 ./Core/Src/main.o
 .text.is_saturated
                0x080016cc       0x30 ./Core/Src/main.o
 .text._write   0x080016fc       0x2c ./Core/Src/main.o
                0x080016fc                _write
 .text.main     0x08001728      0x5c0 ./Core/Src/main.o
                0x08001728                main
 .text.SystemClock_Config
                0x08001ce8       0xdc ./Core/Src/main.o
                0x08001ce8                SystemClock_Config
 .text.MX_I2C1_Init
                0x08001dc4       0x5c ./Core/Src/main.o
 .text.MX_TIM2_Init
                0x08001e20       0xec ./Core/Src/main.o
 .text.MX_USART2_UART_Init
                0x08001f0c       0x54 ./Core/Src/main.o
 .text.MX_GPIO_Init
                0x08001f60      0x174 ./Core/Src/main.o
 .text.generate_uuid
                0x080020d4       0x88 ./Core/Src/main.o
                0x080020d4                generate_uuid
 .text.SendLaserDataToServer
                0x0800215c       0xc8 ./Core/Src/main.o
                0x0800215c                SendLaserDataToServer
 .text.SendLoadcellDataToServer
                0x08002224       0x58 ./Core/Src/main.o
                0x08002224                SendLoadcellDataToServer
 .text.__io_getchar
                0x0800227c       0x24 ./Core/Src/main.o
                0x0800227c                __io_getchar
 .text.Error_Handler
                0x080022a0        0xc ./Core/Src/main.o
                0x080022a0                Error_Handler
 .text.HAL_MspInit
                0x080022ac       0x50 ./Core/Src/stm32f4xx_hal_msp.o
                0x080022ac                HAL_MspInit
 .text.HAL_I2C_MspInit
                0x080022fc       0x90 ./Core/Src/stm32f4xx_hal_msp.o
                0x080022fc                HAL_I2C_MspInit
 .text.HAL_TIM_Base_MspInit
                0x0800238c       0x4c ./Core/Src/stm32f4xx_hal_msp.o
                0x0800238c                HAL_TIM_Base_MspInit
 .text.HAL_TIM_MspPostInit
                0x080023d8       0x70 ./Core/Src/stm32f4xx_hal_msp.o
                0x080023d8                HAL_TIM_MspPostInit
 .text.HAL_UART_MspInit
                0x08002448       0x90 ./Core/Src/stm32f4xx_hal_msp.o
                0x08002448                HAL_UART_MspInit
 .text.NMI_Handler
                0x080024d8        0x8 ./Core/Src/stm32f4xx_it.o
                0x080024d8                NMI_Handler
 .text.HardFault_Handler
                0x080024e0        0x8 ./Core/Src/stm32f4xx_it.o
                0x080024e0                HardFault_Handler
 .text.MemManage_Handler
                0x080024e8        0x8 ./Core/Src/stm32f4xx_it.o
                0x080024e8                MemManage_Handler
 .text.BusFault_Handler
                0x080024f0        0x8 ./Core/Src/stm32f4xx_it.o
                0x080024f0                BusFault_Handler
 .text.UsageFault_Handler
                0x080024f8        0x8 ./Core/Src/stm32f4xx_it.o
                0x080024f8                UsageFault_Handler
 .text.SVC_Handler
                0x08002500        0xe ./Core/Src/stm32f4xx_it.o
                0x08002500                SVC_Handler
 .text.DebugMon_Handler
                0x0800250e        0xe ./Core/Src/stm32f4xx_it.o
                0x0800250e                DebugMon_Handler
 .text.PendSV_Handler
                0x0800251c        0xe ./Core/Src/stm32f4xx_it.o
                0x0800251c                PendSV_Handler
 .text.SysTick_Handler
                0x0800252a        0xc ./Core/Src/stm32f4xx_it.o
                0x0800252a                SysTick_Handler
 *fill*         0x08002536        0x2 
 .text.TIM2_IRQHandler
                0x08002538       0x14 ./Core/Src/stm32f4xx_it.o
                0x08002538                TIM2_IRQHandler
 .text._getpid  0x0800254c       0x10 ./Core/Src/syscalls.o
                0x0800254c                _getpid
 .text._kill    0x0800255c       0x20 ./Core/Src/syscalls.o
                0x0800255c                _kill
 .text._exit    0x0800257c       0x16 ./Core/Src/syscalls.o
                0x0800257c                _exit
 .text._read    0x08002592       0x3a ./Core/Src/syscalls.o
                0x08002592                _read
 .text._close   0x080025cc       0x18 ./Core/Src/syscalls.o
                0x080025cc                _close
 .text._fstat   0x080025e4       0x20 ./Core/Src/syscalls.o
                0x080025e4                _fstat
 .text._isatty  0x08002604       0x16 ./Core/Src/syscalls.o
                0x08002604                _isatty
 .text._lseek   0x0800261a       0x1a ./Core/Src/syscalls.o
                0x0800261a                _lseek
 .text._sbrk    0x08002634       0x6c ./Core/Src/sysmem.o
                0x08002634                _sbrk
 .text.SystemInit
                0x080026a0       0x24 ./Core/Src/system_stm32f4xx.o
                0x080026a0                SystemInit
 .text.Ultra_Init
                0x080026c4        0xc ./Core/Src/ultra.o
                0x080026c4                Ultra_Init
 .text.US_Trigger10us
                0x080026d0       0x3c ./Core/Src/ultra.o
 .text.US_MeasureEcho_us
                0x0800270c       0xa4 ./Core/Src/ultra.o
 .text.Ultra_GetDistance_CM
                0x080027b0       0x50 ./Core/Src/ultra.o
                0x080027b0                Ultra_GetDistance_CM
 .text.Ultra_CalibrateHeight
                0x08002800       0x6a ./Core/Src/ultra.o
                0x08002800                Ultra_CalibrateHeight
 *fill*         0x0800286a        0x2 
 .text.DWT_DelayInit
                0x0800286c       0x34 ./Core/Src/ultra.o
 .text.DWT_Delay_us
                0x080028a0       0x50 ./Core/Src/ultra.o
 .text.VL53L0X_WriteMulti
                0x080028f0       0x84 ./Core/Src/vl53l0x_platform.o
                0x080028f0                VL53L0X_WriteMulti
 .text.VL53L0X_ReadMulti
                0x08002974       0x58 ./Core/Src/vl53l0x_platform.o
                0x08002974                VL53L0X_ReadMulti
 .text.VL53L0X_WrByte
                0x080029cc       0x26 ./Core/Src/vl53l0x_platform.o
                0x080029cc                VL53L0X_WrByte
 .text.VL53L0X_RdByte
                0x080029f2       0x24 ./Core/Src/vl53l0x_platform.o
                0x080029f2                VL53L0X_RdByte
 .text.VL53L0X_WrWord
                0x08002a16       0x38 ./Core/Src/vl53l0x_platform.o
                0x08002a16                VL53L0X_WrWord
 .text.VL53L0X_RdWord
                0x08002a4e       0x42 ./Core/Src/vl53l0x_platform.o
                0x08002a4e                VL53L0X_RdWord
 .text.VL53L0X_RdDWord
                0x08002a90       0x44 ./Core/Src/vl53l0x_platform.o
                0x08002a90                VL53L0X_RdDWord
 .text.VL53L0X_PollingDelay
                0x08002ad4       0x18 ./Core/Src/vl53l0x_platform.o
                0x08002ad4                VL53L0X_PollingDelay
 .text.VL53L0X_UpdateByte
                0x08002aec       0x6a ./Core/Src/vl53l0x_platform.o
                0x08002aec                VL53L0X_UpdateByte
 .text.VL53L0X_Calibration
                0x08002b56       0x74 ./Core/Src/vl53l0x_wrapper.o
 *fill*         0x08002bca        0x2 
 .text.VL53L0X_SetMode
                0x08002bcc      0x170 ./Core/Src/vl53l0x_wrapper.o
                0x08002bcc                VL53L0X_SetMode
 .text.VL53L0X_DeviceInit
                0x08002d3c       0x80 ./Core/Src/vl53l0x_wrapper.o
                0x08002d3c                VL53L0X_DeviceInit
 .text.VL53L0X_SingleMeasurement
                0x08002dbc       0x40 ./Core/Src/vl53l0x_wrapper.o
                0x08002dbc                VL53L0X_SingleMeasurement
 .text.Reset_Handler
                0x08002dfc       0x50 ./Core/Startup/startup_stm32f446retx.o
                0x08002dfc                Reset_Handler
 .text.Default_Handler
                0x08002e4c        0x2 ./Core/Startup/startup_stm32f446retx.o
                0x08002e4c                DMA1_Stream3_IRQHandler
                0x08002e4c                EXTI2_IRQHandler
                0x08002e4c                TIM8_CC_IRQHandler
                0x08002e4c                FMPI2C1_EV_IRQHandler
                0x08002e4c                SPI4_IRQHandler
                0x08002e4c                TIM1_CC_IRQHandler
                0x08002e4c                DMA2_Stream5_IRQHandler
                0x08002e4c                DMA1_Stream5_IRQHandler
                0x08002e4c                PVD_IRQHandler
                0x08002e4c                SDIO_IRQHandler
                0x08002e4c                TAMP_STAMP_IRQHandler
                0x08002e4c                CAN2_RX1_IRQHandler
                0x08002e4c                EXTI3_IRQHandler
                0x08002e4c                TIM8_TRG_COM_TIM14_IRQHandler
                0x08002e4c                TIM1_UP_TIM10_IRQHandler
                0x08002e4c                TIM8_UP_TIM13_IRQHandler
                0x08002e4c                I2C3_ER_IRQHandler
                0x08002e4c                EXTI0_IRQHandler
                0x08002e4c                I2C2_EV_IRQHandler
                0x08002e4c                DMA1_Stream2_IRQHandler
                0x08002e4c                CAN1_RX0_IRQHandler
                0x08002e4c                FPU_IRQHandler
                0x08002e4c                OTG_HS_WKUP_IRQHandler
                0x08002e4c                CAN2_SCE_IRQHandler
                0x08002e4c                DMA2_Stream2_IRQHandler
                0x08002e4c                SPI1_IRQHandler
                0x08002e4c                TIM6_DAC_IRQHandler
                0x08002e4c                TIM1_BRK_TIM9_IRQHandler
                0x08002e4c                DCMI_IRQHandler
                0x08002e4c                CAN2_RX0_IRQHandler
                0x08002e4c                DMA2_Stream3_IRQHandler
                0x08002e4c                SAI2_IRQHandler
                0x08002e4c                USART6_IRQHandler
                0x08002e4c                USART3_IRQHandler
                0x08002e4c                CAN1_RX1_IRQHandler
                0x08002e4c                UART5_IRQHandler
                0x08002e4c                DMA2_Stream0_IRQHandler
                0x08002e4c                TIM4_IRQHandler
                0x08002e4c                QUADSPI_IRQHandler
                0x08002e4c                I2C1_EV_IRQHandler
                0x08002e4c                DMA1_Stream6_IRQHandler
                0x08002e4c                DMA1_Stream1_IRQHandler
                0x08002e4c                UART4_IRQHandler
                0x08002e4c                TIM3_IRQHandler
                0x08002e4c                RCC_IRQHandler
                0x08002e4c                TIM8_BRK_TIM12_IRQHandler
                0x08002e4c                Default_Handler
                0x08002e4c                CEC_IRQHandler
                0x08002e4c                EXTI15_10_IRQHandler
                0x08002e4c                ADC_IRQHandler
                0x08002e4c                DMA1_Stream7_IRQHandler
                0x08002e4c                TIM7_IRQHandler
                0x08002e4c                CAN2_TX_IRQHandler
                0x08002e4c                TIM5_IRQHandler
                0x08002e4c                DMA2_Stream7_IRQHandler
                0x08002e4c                I2C3_EV_IRQHandler
                0x08002e4c                EXTI9_5_IRQHandler
                0x08002e4c                RTC_WKUP_IRQHandler
                0x08002e4c                SPDIF_RX_IRQHandler
                0x08002e4c                SPI2_IRQHandler
                0x08002e4c                OTG_HS_EP1_IN_IRQHandler
                0x08002e4c                DMA1_Stream0_IRQHandler
                0x08002e4c                CAN1_TX_IRQHandler
                0x08002e4c                FMPI2C1_ER_IRQHandler
                0x08002e4c                EXTI4_IRQHandler
                0x08002e4c                OTG_HS_EP1_OUT_IRQHandler
                0x08002e4c                WWDG_IRQHandler
                0x08002e4c                OTG_FS_WKUP_IRQHandler
                0x08002e4c                TIM1_TRG_COM_TIM11_IRQHandler
                0x08002e4c                OTG_HS_IRQHandler
                0x08002e4c                EXTI1_IRQHandler
                0x08002e4c                USART2_IRQHandler
                0x08002e4c                I2C2_ER_IRQHandler
                0x08002e4c                DMA2_Stream1_IRQHandler
                0x08002e4c                CAN1_SCE_IRQHandler
                0x08002e4c                FLASH_IRQHandler
                0x08002e4c                DMA2_Stream4_IRQHandler
                0x08002e4c                USART1_IRQHandler
                0x08002e4c                OTG_FS_IRQHandler
                0x08002e4c                SPI3_IRQHandler
                0x08002e4c                DMA1_Stream4_IRQHandler
                0x08002e4c                I2C1_ER_IRQHandler
                0x08002e4c                FMC_IRQHandler
                0x08002e4c                DMA2_Stream6_IRQHandler
                0x08002e4c                SAI1_IRQHandler
                0x08002e4c                RTC_Alarm_IRQHandler
 *fill*         0x08002e4e        0x2 
 .text.HAL_Init
                0x08002e50       0x44 ./Drivers/STM32F4xx_HAL_Driver/Src/stm32f4xx_hal.o
                0x08002e50                HAL_Init
 .text.HAL_InitTick
                0x08002e94       0x60 ./Drivers/STM32F4xx_HAL_Driver/Src/stm32f4xx_hal.o
                0x08002e94                HAL_InitTick
 .text.HAL_IncTick
                0x08002ef4       0x28 ./Drivers/STM32F4xx_HAL_Driver/Src/stm32f4xx_hal.o
                0x08002ef4                HAL_IncTick
 .text.HAL_GetTick
                0x08002f1c       0x18 ./Drivers/STM32F4xx_HAL_Driver/Src/stm32f4xx_hal.o
                0x08002f1c                HAL_GetTick
 .text.HAL_Delay
                0x08002f34       0x48 ./Drivers/STM32F4xx_HAL_Driver/Src/stm32f4xx_hal.o
                0x08002f34                HAL_Delay
 .text.__NVIC_SetPriorityGrouping
                0x08002f7c       0x48 ./Drivers/STM32F4xx_HAL_Driver/Src/stm32f4xx_hal_cortex.o
 .text.__NVIC_GetPriorityGrouping
                0x08002fc4       0x1c ./Drivers/STM32F4xx_HAL_Driver/Src/stm32f4xx_hal_cortex.o
 .text.__NVIC_EnableIRQ
                0x08002fe0       0x3c ./Drivers/STM32F4xx_HAL_Driver/Src/stm32f4xx_hal_cortex.o
 .text.__NVIC_SetPriority
                0x0800301c       0x54 ./Drivers/STM32F4xx_HAL_Driver/Src/stm32f4xx_hal_cortex.o
 .text.NVIC_EncodePriority
                0x08003070       0x66 ./Drivers/STM32F4xx_HAL_Driver/Src/stm32f4xx_hal_cortex.o
 *fill*         0x080030d6        0x2 
 .text.SysTick_Config
                0x080030d8       0x44 ./Drivers/STM32F4xx_HAL_Driver/Src/stm32f4xx_hal_cortex.o
 .text.HAL_NVIC_SetPriorityGrouping
                0x0800311c       0x16 ./Drivers/STM32F4xx_HAL_Driver/Src/stm32f4xx_hal_cortex.o
                0x0800311c                HAL_NVIC_SetPriorityGrouping
 .text.HAL_NVIC_SetPriority
                0x08003132       0x38 ./Drivers/STM32F4xx_HAL_Driver/Src/stm32f4xx_hal_cortex.o
                0x08003132                HAL_NVIC_SetPriority
 .text.HAL_NVIC_EnableIRQ
                0x0800316a       0x1c ./Drivers/STM32F4xx_HAL_Driver/Src/stm32f4xx_hal_cortex.o
                0x0800316a                HAL_NVIC_EnableIRQ
 .text.HAL_SYSTICK_Config
                0x08003186       0x18 ./Drivers/STM32F4xx_HAL_Driver/Src/stm32f4xx_hal_cortex.o
                0x08003186                HAL_SYSTICK_Config
 *fill*         0x0800319e        0x2 
 .text.HAL_GPIO_Init
                0x080031a0      0x328 ./Drivers/STM32F4xx_HAL_Driver/Src/stm32f4xx_hal_gpio.o
                0x080031a0                HAL_GPIO_Init
 .text.HAL_GPIO_ReadPin
                0x080034c8       0x30 ./Drivers/STM32F4xx_HAL_Driver/Src/stm32f4xx_hal_gpio.o
                0x080034c8                HAL_GPIO_ReadPin
 .text.HAL_GPIO_WritePin
                0x080034f8       0x32 ./Drivers/STM32F4xx_HAL_Driver/Src/stm32f4xx_hal_gpio.o
                0x080034f8                HAL_GPIO_WritePin
 *fill*         0x0800352a        0x2 
 .text.HAL_I2C_Init
                0x0800352c      0x288 ./Drivers/STM32F4xx_HAL_Driver/Src/stm32f4xx_hal_i2c.o
                0x0800352c                HAL_I2C_Init
 .text.HAL_I2C_Master_Transmit
                0x080037b4      0x1fc ./Drivers/STM32F4xx_HAL_Driver/Src/stm32f4xx_hal_i2c.o
                0x080037b4                HAL_I2C_Master_Transmit
 .text.HAL_I2C_Mem_Read
                0x080039b0      0x464 ./Drivers/STM32F4xx_HAL_Driver/Src/stm32f4xx_hal_i2c.o
                0x080039b0                HAL_I2C_Mem_Read
 .text.I2C_MasterRequestWrite
                0x08003e14      0x104 ./Drivers/STM32F4xx_HAL_Driver/Src/stm32f4xx_hal_i2c.o
 .text.I2C_RequestMemoryRead
                0x08003f18      0x1d0 ./Drivers/STM32F4xx_HAL_Driver/Src/stm32f4xx_hal_i2c.o
 .text.I2C_WaitOnFlagUntilTimeout
                0x080040e8       0xf4 ./Drivers/STM32F4xx_HAL_Driver/Src/stm32f4xx_hal_i2c.o
 .text.I2C_WaitOnMasterAddressFlagUntilTimeout
                0x080041dc      0x140 ./Drivers/STM32F4xx_HAL_Driver/Src/stm32f4xx_hal_i2c.o
 .text.I2C_WaitOnTXEFlagUntilTimeout
                0x0800431c       0x90 ./Drivers/STM32F4xx_HAL_Driver/Src/stm32f4xx_hal_i2c.o
 .text.I2C_WaitOnBTFFlagUntilTimeout
                0x080043ac       0x90 ./Drivers/STM32F4xx_HAL_Driver/Src/stm32f4xx_hal_i2c.o
 .text.I2C_WaitOnRXNEFlagUntilTimeout
                0x0800443c       0xba ./Drivers/STM32F4xx_HAL_Driver/Src/stm32f4xx_hal_i2c.o
 .text.I2C_IsAcknowledgeFailed
                0x080044f6       0x5e ./Drivers/STM32F4xx_HAL_Driver/Src/stm32f4xx_hal_i2c.o
 .text.HAL_RCC_ClockConfig
                0x08004554      0x1cc ./Drivers/STM32F4xx_HAL_Driver/Src/stm32f4xx_hal_rcc.o
                0x08004554                HAL_RCC_ClockConfig
 .text.HAL_RCC_GetHCLKFreq
                0x08004720       0x18 ./Drivers/STM32F4xx_HAL_Driver/Src/stm32f4xx_hal_rcc.o
                0x08004720                HAL_RCC_GetHCLKFreq
 .text.HAL_RCC_GetPCLK1Freq
                0x08004738       0x28 ./Drivers/STM32F4xx_HAL_Driver/Src/stm32f4xx_hal_rcc.o
                0x08004738                HAL_RCC_GetPCLK1Freq
 .text.HAL_RCC_GetPCLK2Freq
                0x08004760       0x28 ./Drivers/STM32F4xx_HAL_Driver/Src/stm32f4xx_hal_rcc.o
                0x08004760                HAL_RCC_GetPCLK2Freq
 .text.HAL_RCC_GetSysClockFreq
                0x08004788      0x460 ./Drivers/STM32F4xx_HAL_Driver/Src/stm32f4xx_hal_rcc_ex.o
                0x08004788                HAL_RCC_GetSysClockFreq
 .text.HAL_RCC_OscConfig
                0x08004be8      0x53c ./Drivers/STM32F4xx_HAL_Driver/Src/stm32f4xx_hal_rcc_ex.o
                0x08004be8                HAL_RCC_OscConfig
 .text.HAL_TIM_Base_Init
                0x08005124       0x9e ./Drivers/STM32F4xx_HAL_Driver/Src/stm32f4xx_hal_tim.o
                0x08005124                HAL_TIM_Base_Init
 .text.HAL_TIM_PWM_Init
                0x080051c2       0x9e ./Drivers/STM32F4xx_HAL_Driver/Src/stm32f4xx_hal_tim.o
                0x080051c2                HAL_TIM_PWM_Init
 .text.HAL_TIM_PWM_MspInit
                0x08005260       0x14 ./Drivers/STM32F4xx_HAL_Driver/Src/stm32f4xx_hal_tim.o
                0x08005260                HAL_TIM_PWM_MspInit
 .text.HAL_TIM_PWM_Start
                0x08005274      0x190 ./Drivers/STM32F4xx_HAL_Driver/Src/stm32f4xx_hal_tim.o
                0x08005274                HAL_TIM_PWM_Start
 .text.HAL_TIM_IRQHandler
                0x08005404      0x1e0 ./Drivers/STM32F4xx_HAL_Driver/Src/stm32f4xx_hal_tim.o
                0x08005404                HAL_TIM_IRQHandler
 .text.HAL_TIM_PWM_ConfigChannel
                0x080055e4      0x184 ./Drivers/STM32F4xx_HAL_Driver/Src/stm32f4xx_hal_tim.o
                0x080055e4                HAL_TIM_PWM_ConfigChannel
 .text.HAL_TIM_ConfigClockSource
                0x08005768      0x18e ./Drivers/STM32F4xx_HAL_Driver/Src/stm32f4xx_hal_tim.o
                0x08005768                HAL_TIM_ConfigClockSource
 .text.HAL_TIM_PeriodElapsedCallback
                0x080058f6       0x14 ./Drivers/STM32F4xx_HAL_Driver/Src/stm32f4xx_hal_tim.o
                0x080058f6                HAL_TIM_PeriodElapsedCallback
 .text.HAL_TIM_OC_DelayElapsedCallback
                0x0800590a       0x14 ./Drivers/STM32F4xx_HAL_Driver/Src/stm32f4xx_hal_tim.o
                0x0800590a                HAL_TIM_OC_DelayElapsedCallback
 .text.HAL_TIM_IC_CaptureCallback
                0x0800591e       0x14 ./Drivers/STM32F4xx_HAL_Driver/Src/stm32f4xx_hal_tim.o
                0x0800591e                HAL_TIM_IC_CaptureCallback
 .text.HAL_TIM_PWM_PulseFinishedCallback
                0x08005932       0x14 ./Drivers/STM32F4xx_HAL_Driver/Src/stm32f4xx_hal_tim.o
                0x08005932                HAL_TIM_PWM_PulseFinishedCallback
 .text.HAL_TIM_TriggerCallback
                0x08005946       0x14 ./Drivers/STM32F4xx_HAL_Driver/Src/stm32f4xx_hal_tim.o
                0x08005946                HAL_TIM_TriggerCallback
 *fill*         0x0800595a        0x2 
 .text.TIM_Base_SetConfig
                0x0800595c      0x14c ./Drivers/STM32F4xx_HAL_Driver/Src/stm32f4xx_hal_tim.o
                0x0800595c                TIM_Base_SetConfig
 .text.TIM_OC1_SetConfig
                0x08005aa8       0xe0 ./Drivers/STM32F4xx_HAL_Driver/Src/stm32f4xx_hal_tim.o
 .text.TIM_OC2_SetConfig
                0x08005b88       0xec ./Drivers/STM32F4xx_HAL_Driver/Src/stm32f4xx_hal_tim.o
                0x08005b88                TIM_OC2_SetConfig
 .text.TIM_OC3_SetConfig
                0x08005c74       0xe8 ./Drivers/STM32F4xx_HAL_Driver/Src/stm32f4xx_hal_tim.o
 .text.TIM_OC4_SetConfig
                0x08005d5c       0xac ./Drivers/STM32F4xx_HAL_Driver/Src/stm32f4xx_hal_tim.o
 .text.TIM_TI1_ConfigInputStage
                0x08005e08       0x5e ./Drivers/STM32F4xx_HAL_Driver/Src/stm32f4xx_hal_tim.o
 .text.TIM_TI2_ConfigInputStage
                0x08005e66       0x60 ./Drivers/STM32F4xx_HAL_Driver/Src/stm32f4xx_hal_tim.o
 .text.TIM_ITRx_SetConfig
                0x08005ec6       0x36 ./Drivers/STM32F4xx_HAL_Driver/Src/stm32f4xx_hal_tim.o
 .text.TIM_ETR_SetConfig
                0x08005efc       0x40 ./Drivers/STM32F4xx_HAL_Driver/Src/stm32f4xx_hal_tim.o
                0x08005efc                TIM_ETR_SetConfig
 .text.TIM_CCxChannelCmd
                0x08005f3c       0x4a ./Drivers/STM32F4xx_HAL_Driver/Src/stm32f4xx_hal_tim.o
                0x08005f3c                TIM_CCxChannelCmd
 *fill*         0x08005f86        0x2 
 .text.HAL_TIMEx_MasterConfigSynchronization
                0x08005f88       0xf8 ./Drivers/STM32F4xx_HAL_Driver/Src/stm32f4xx_hal_tim_ex.o
                0x08005f88                HAL_TIMEx_MasterConfigSynchronization
 .text.HAL_TIMEx_CommutCallback
                0x08006080       0x14 ./Drivers/STM32F4xx_HAL_Driver/Src/stm32f4xx_hal_tim_ex.o
                0x08006080                HAL_TIMEx_CommutCallback
 .text.HAL_TIMEx_BreakCallback
                0x08006094       0x14 ./Drivers/STM32F4xx_HAL_Driver/Src/stm32f4xx_hal_tim_ex.o
                0x08006094                HAL_TIMEx_BreakCallback
 .text.HAL_UART_Init
                0x080060a8       0xa0 ./Drivers/STM32F4xx_HAL_Driver/Src/stm32f4xx_hal_uart.o
                0x080060a8                HAL_UART_Init
 .text.HAL_UART_Transmit
                0x08006148      0x116 ./Drivers/STM32F4xx_HAL_Driver/Src/stm32f4xx_hal_uart.o
                0x08006148                HAL_UART_Transmit
 .text.HAL_UART_Receive
                0x0800625e      0x12e ./Drivers/STM32F4xx_HAL_Driver/Src/stm32f4xx_hal_uart.o
                0x0800625e                HAL_UART_Receive
 .text.UART_WaitOnFlagUntilTimeout
                0x0800638c       0xb2 ./Drivers/STM32F4xx_HAL_Driver/Src/stm32f4xx_hal_uart.o
 .text.UART_EndRxTransfer
                0x0800643e       0xc6 ./Drivers/STM32F4xx_HAL_Driver/Src/stm32f4xx_hal_uart.o
 .text.UART_SetConfig
                0x08006504      0x4e8 ./Drivers/STM32F4xx_HAL_Driver/Src/stm32f4xx_hal_uart.o
 .text.VL53L0X_GetDeviceInfo
                0x080069ec       0x26 ./Drivers/VL53L0X/core/src/vl53l0x_api.o
                0x080069ec                VL53L0X_GetDeviceInfo
 .text.VL53L0X_GetOffsetCalibrationDataMicroMeter
                0x08006a12       0x26 ./Drivers/VL53L0X/core/src/vl53l0x_api.o
                0x08006a12                VL53L0X_GetOffsetCalibrationDataMicroMeter
 .text.VL53L0X_DataInit
                0x08006a38      0x2c8 ./Drivers/VL53L0X/core/src/vl53l0x_api.o
                0x08006a38                VL53L0X_DataInit
 .text.VL53L0X_StaticInit
                0x08006d00      0x300 ./Drivers/VL53L0X/core/src/vl53l0x_api.o
                0x08006d00                VL53L0X_StaticInit
 .text.VL53L0X_GetDeviceParameters
                0x08007000      0x120 ./Drivers/VL53L0X/core/src/vl53l0x_api.o
                0x08007000                VL53L0X_GetDeviceParameters
 .text.VL53L0X_SetDeviceMode
                0x08007120       0x58 ./Drivers/VL53L0X/core/src/vl53l0x_api.o
                0x08007120                VL53L0X_SetDeviceMode
 .text.VL53L0X_GetDeviceMode
                0x08007178       0x26 ./Drivers/VL53L0X/core/src/vl53l0x_api.o
                0x08007178                VL53L0X_GetDeviceMode
 .text.VL53L0X_GetFractionEnable
                0x0800719e       0x3e ./Drivers/VL53L0X/core/src/vl53l0x_api.o
                0x0800719e                VL53L0X_GetFractionEnable
 .text.VL53L0X_SetMeasurementTimingBudgetMicroSeconds
                0x080071dc       0x26 ./Drivers/VL53L0X/core/src/vl53l0x_api.o
                0x080071dc                VL53L0X_SetMeasurementTimingBudgetMicroSeconds
 .text.VL53L0X_GetMeasurementTimingBudgetMicroSeconds
                0x08007202       0x26 ./Drivers/VL53L0X/core/src/vl53l0x_api.o
                0x08007202                VL53L0X_GetMeasurementTimingBudgetMicroSeconds
 .text.VL53L0X_SetVcselPulsePeriod
                0x08007228       0x30 ./Drivers/VL53L0X/core/src/vl53l0x_api.o
                0x08007228                VL53L0X_SetVcselPulsePeriod
 .text.VL53L0X_GetVcselPulsePeriod
                0x08007258       0x2e ./Drivers/VL53L0X/core/src/vl53l0x_api.o
                0x08007258                VL53L0X_GetVcselPulsePeriod
 *fill*         0x08007286        0x2 
 .text.VL53L0X_SetSequenceStepEnable
                0x08007288      0x140 ./Drivers/VL53L0X/core/src/vl53l0x_api.o
                0x08007288                VL53L0X_SetSequenceStepEnable
 .text.sequence_step_enabled
                0x080073c8       0xa4 ./Drivers/VL53L0X/core/src/vl53l0x_api.o
                0x080073c8                sequence_step_enabled
 .text.VL53L0X_GetSequenceStepEnables
                0x0800746c       0xb0 ./Drivers/VL53L0X/core/src/vl53l0x_api.o
                0x0800746c                VL53L0X_GetSequenceStepEnables
 .text.VL53L0X_GetInterMeasurementPeriodMilliSeconds
                0x0800751c       0x68 ./Drivers/VL53L0X/core/src/vl53l0x_api.o
                0x0800751c                VL53L0X_GetInterMeasurementPeriodMilliSeconds
 .text.VL53L0X_GetXTalkCompensationEnable
                0x08007584       0x2a ./Drivers/VL53L0X/core/src/vl53l0x_api.o
                0x08007584                VL53L0X_GetXTalkCompensationEnable
 .text.VL53L0X_GetXTalkCompensationRateMegaCps
                0x080075ae       0x66 ./Drivers/VL53L0X/core/src/vl53l0x_api.o
                0x080075ae                VL53L0X_GetXTalkCompensationRateMegaCps
 .text.VL53L0X_SetLimitCheckEnable
                0x08007614      0x118 ./Drivers/VL53L0X/core/src/vl53l0x_api.o
                0x08007614                VL53L0X_SetLimitCheckEnable
 .text.VL53L0X_GetLimitCheckEnable
                0x0800772c       0x46 ./Drivers/VL53L0X/core/src/vl53l0x_api.o
                0x0800772c                VL53L0X_GetLimitCheckEnable
 *fill*         0x08007772        0x2 
 .text.VL53L0X_SetLimitCheckValue
                0x08007774       0xc4 ./Drivers/VL53L0X/core/src/vl53l0x_api.o
                0x08007774                VL53L0X_SetLimitCheckValue
 .text.VL53L0X_GetLimitCheckValue
                0x08007838      0x11c ./Drivers/VL53L0X/core/src/vl53l0x_api.o
                0x08007838                VL53L0X_GetLimitCheckValue
 .text.VL53L0X_GetWrapAroundCheckEnable
                0x08007954       0x64 ./Drivers/VL53L0X/core/src/vl53l0x_api.o
                0x08007954                VL53L0X_GetWrapAroundCheckEnable
 .text.VL53L0X_PerformSingleMeasurement
                0x080079b8       0x68 ./Drivers/VL53L0X/core/src/vl53l0x_api.o
                0x080079b8                VL53L0X_PerformSingleMeasurement
 .text.VL53L0X_PerformRefCalibration
                0x08007a20       0x2c ./Drivers/VL53L0X/core/src/vl53l0x_api.o
                0x08007a20                VL53L0X_PerformRefCalibration
 .text.VL53L0X_CheckAndLoadInterruptSettings
                0x08007a4c       0xcc ./Drivers/VL53L0X/core/src/vl53l0x_api.o
                0x08007a4c                VL53L0X_CheckAndLoadInterruptSettings
 .text.VL53L0X_StartMeasurement
                0x08007b18      0x184 ./Drivers/VL53L0X/core/src/vl53l0x_api.o
                0x08007b18                VL53L0X_StartMeasurement
 .text.VL53L0X_GetMeasurementDataReady
                0x08007c9c       0x80 ./Drivers/VL53L0X/core/src/vl53l0x_api.o
                0x08007c9c                VL53L0X_GetMeasurementDataReady
 .text.VL53L0X_GetRangingMeasurementData
                0x08007d1c      0x238 ./Drivers/VL53L0X/core/src/vl53l0x_api.o
                0x08007d1c                VL53L0X_GetRangingMeasurementData
 .text.VL53L0X_PerformSingleRangingMeasurement
                0x08007f54       0x60 ./Drivers/VL53L0X/core/src/vl53l0x_api.o
                0x08007f54                VL53L0X_PerformSingleRangingMeasurement
 .text.VL53L0X_SetGpioConfig
                0x08007fb4      0x244 ./Drivers/VL53L0X/core/src/vl53l0x_api.o
                0x08007fb4                VL53L0X_SetGpioConfig
 .text.VL53L0X_GetInterruptThresholds
                0x080081f8       0x68 ./Drivers/VL53L0X/core/src/vl53l0x_api.o
                0x080081f8                VL53L0X_GetInterruptThresholds
 .text.VL53L0X_ClearInterruptMask
                0x08008260       0x80 ./Drivers/VL53L0X/core/src/vl53l0x_api.o
                0x08008260                VL53L0X_ClearInterruptMask
 .text.VL53L0X_GetInterruptMaskStatus
                0x080082e0       0x44 ./Drivers/VL53L0X/core/src/vl53l0x_api.o
                0x080082e0                VL53L0X_GetInterruptMaskStatus
 .text.VL53L0X_PerformRefSpadManagement
                0x08008324       0x2a ./Drivers/VL53L0X/core/src/vl53l0x_api.o
                0x08008324                VL53L0X_PerformRefSpadManagement
 .text.VL53L0X_get_offset_calibration_data_micro_meter
                0x0800834e       0x7e ./Drivers/VL53L0X/core/src/vl53l0x_api_calibration.o
                0x0800834e                VL53L0X_get_offset_calibration_data_micro_meter
 .text.get_next_good_spad
                0x080083cc       0xbc ./Drivers/VL53L0X/core/src/vl53l0x_api_calibration.o
                0x080083cc                get_next_good_spad
 .text.is_aperture
                0x08008488       0x34 ./Drivers/VL53L0X/core/src/vl53l0x_api_calibration.o
                0x08008488                is_aperture
 .text.enable_spad_bit
                0x080084bc       0x70 ./Drivers/VL53L0X/core/src/vl53l0x_api_calibration.o
                0x080084bc                enable_spad_bit
 .text.set_ref_spad_map
                0x0800852c       0x26 ./Drivers/VL53L0X/core/src/vl53l0x_api_calibration.o
                0x0800852c                set_ref_spad_map
 .text.get_ref_spad_map
                0x08008552       0x26 ./Drivers/VL53L0X/core/src/vl53l0x_api_calibration.o
                0x08008552                get_ref_spad_map
 .text.enable_ref_spads
                0x08008578       0xf8 ./Drivers/VL53L0X/core/src/vl53l0x_api_calibration.o
                0x08008578                enable_ref_spads
 .text.perform_ref_signal_measurement
                0x08008670       0xd4 ./Drivers/VL53L0X/core/src/vl53l0x_api_calibration.o
                0x08008670                perform_ref_signal_measurement
 .text.VL53L0X_perform_ref_spad_management
                0x08008744      0x418 ./Drivers/VL53L0X/core/src/vl53l0x_api_calibration.o
                0x08008744                VL53L0X_perform_ref_spad_management
 .text.VL53L0X_set_reference_spads
                0x08008b5c      0x14a ./Drivers/VL53L0X/core/src/vl53l0x_api_calibration.o
                0x08008b5c                VL53L0X_set_reference_spads
 .text.VL53L0X_perform_single_ref_calibration
                0x08008ca6       0x76 ./Drivers/VL53L0X/core/src/vl53l0x_api_calibration.o
                0x08008ca6                VL53L0X_perform_single_ref_calibration
 .text.VL53L0X_ref_calibration_io
                0x08008d1c      0x132 ./Drivers/VL53L0X/core/src/vl53l0x_api_calibration.o
                0x08008d1c                VL53L0X_ref_calibration_io
 .text.VL53L0X_perform_vhv_calibration
                0x08008e4e       0xce ./Drivers/VL53L0X/core/src/vl53l0x_api_calibration.o
                0x08008e4e                VL53L0X_perform_vhv_calibration
 .text.VL53L0X_perform_phase_calibration
                0x08008f1c       0xca ./Drivers/VL53L0X/core/src/vl53l0x_api_calibration.o
                0x08008f1c                VL53L0X_perform_phase_calibration
 .text.VL53L0X_perform_ref_calibration
                0x08008fe6       0x7a ./Drivers/VL53L0X/core/src/vl53l0x_api_calibration.o
                0x08008fe6                VL53L0X_perform_ref_calibration
 .text.VL53L0X_measurement_poll_for_completion
                0x08009060       0x60 ./Drivers/VL53L0X/core/src/vl53l0x_api_core.o
                0x08009060                VL53L0X_measurement_poll_for_completion
 .text.VL53L0X_decode_vcsel_period
                0x080090c0       0x26 ./Drivers/VL53L0X/core/src/vl53l0x_api_core.o
                0x080090c0                VL53L0X_decode_vcsel_period
 .text.VL53L0X_encode_vcsel_period
                0x080090e6       0x26 ./Drivers/VL53L0X/core/src/vl53l0x_api_core.o
                0x080090e6                VL53L0X_encode_vcsel_period
 .text.VL53L0X_isqrt
                0x0800910c       0x68 ./Drivers/VL53L0X/core/src/vl53l0x_api_core.o
                0x0800910c                VL53L0X_isqrt
 .text.VL53L0X_device_read_strobe
                0x08009174       0x86 ./Drivers/VL53L0X/core/src/vl53l0x_api_core.o
                0x08009174                VL53L0X_device_read_strobe
 .text.VL53L0X_get_info_from_device
                0x080091fa      0x99a ./Drivers/VL53L0X/core/src/vl53l0x_api_core.o
                0x080091fa                VL53L0X_get_info_from_device
 .text.VL53L0X_calc_macro_period_ps
                0x08009b94       0x3c ./Drivers/VL53L0X/core/src/vl53l0x_api_core.o
                0x08009b94                VL53L0X_calc_macro_period_ps
 .text.VL53L0X_encode_timeout
                0x08009bd0       0x54 ./Drivers/VL53L0X/core/src/vl53l0x_api_core.o
                0x08009bd0                VL53L0X_encode_timeout
 .text.VL53L0X_decode_timeout
                0x08009c24       0x2c ./Drivers/VL53L0X/core/src/vl53l0x_api_core.o
                0x08009c24                VL53L0X_decode_timeout
 .text.VL53L0X_calc_timeout_mclks
                0x08009c50       0x54 ./Drivers/VL53L0X/core/src/vl53l0x_api_core.o
                0x08009c50                VL53L0X_calc_timeout_mclks
 .text.VL53L0X_calc_timeout_us
                0x08009ca4       0x54 ./Drivers/VL53L0X/core/src/vl53l0x_api_core.o
                0x08009ca4                VL53L0X_calc_timeout_us
 .text.get_sequence_step_timeout
                0x08009cf8      0x1c0 ./Drivers/VL53L0X/core/src/vl53l0x_api_core.o
                0x08009cf8                get_sequence_step_timeout
 .text.set_sequence_step_timeout
                0x08009eb8      0x1e4 ./Drivers/VL53L0X/core/src/vl53l0x_api_core.o
                0x08009eb8                set_sequence_step_timeout
 .text.VL53L0X_set_vcsel_pulse_period
                0x0800a09c      0x50e ./Drivers/VL53L0X/core/src/vl53l0x_api_core.o
                0x0800a09c                VL53L0X_set_vcsel_pulse_period
 .text.VL53L0X_get_vcsel_pulse_period
                0x0800a5aa       0x6e ./Drivers/VL53L0X/core/src/vl53l0x_api_core.o
                0x0800a5aa                VL53L0X_get_vcsel_pulse_period
 .text.VL53L0X_set_measurement_timing_budget_micro_seconds
                0x0800a618      0x1c0 ./Drivers/VL53L0X/core/src/vl53l0x_api_core.o
                0x0800a618                VL53L0X_set_measurement_timing_budget_micro_seconds
 .text.VL53L0X_get_measurement_timing_budget_micro_seconds
                0x0800a7d8      0x162 ./Drivers/VL53L0X/core/src/vl53l0x_api_core.o
                0x0800a7d8                VL53L0X_get_measurement_timing_budget_micro_seconds
 *fill*         0x0800a93a        0x2 
 .text.VL53L0X_load_tuning_settings
                0x0800a93c      0x1c4 ./Drivers/VL53L0X/core/src/vl53l0x_api_core.o
                0x0800a93c                VL53L0X_load_tuning_settings
 .text.VL53L0X_get_total_xtalk_rate
                0x0800ab00       0x5e ./Drivers/VL53L0X/core/src/vl53l0x_api_core.o
                0x0800ab00                VL53L0X_get_total_xtalk_rate
 .text.VL53L0X_get_total_signal_rate
                0x0800ab5e       0x4a ./Drivers/VL53L0X/core/src/vl53l0x_api_core.o
                0x0800ab5e                VL53L0X_get_total_signal_rate
 .text.VL53L0X_calc_dmax
                0x0800aba8      0x238 ./Drivers/VL53L0X/core/src/vl53l0x_api_core.o
                0x0800aba8                VL53L0X_calc_dmax
 .text.VL53L0X_calc_sigma_estimate
                0x0800ade0      0x498 ./Drivers/VL53L0X/core/src/vl53l0x_api_core.o
                0x0800ade0                VL53L0X_calc_sigma_estimate
 .text.VL53L0X_get_pal_range_status
                0x0800b278      0x3b6 ./Drivers/VL53L0X/core/src/vl53l0x_api_core.o
                0x0800b278                VL53L0X_get_pal_range_status
 .text.VL53L0X_check_part_used
                0x0800b62e       0x6a ./Drivers/VL53L0X/core/src/vl53l0x_api_strings.o
                0x0800b62e                VL53L0X_check_part_used
 .text.VL53L0X_get_device_info
                0x0800b698      0x108 ./Drivers/VL53L0X/core/src/vl53l0x_api_strings.o
                0x0800b698                VL53L0X_get_device_info
 .text.__cvt    0x0800b7a0       0xca /Applications/STM32CubeIDE.app/Contents/Eclipse/plugins/com.st.stm32cube.ide.mcu.externaltools.gnu-tools-for-stm32.13.3.rel1.macos64_1.0.0.202411102158/tools/bin/../lib/gcc/arm-none-eabi/13.3.1/../../../../arm-none-eabi/lib/thumb/v7e-m+fp/hard/libc_nano.a(libc_a-nano-vfprintf_float.o)
                0x0800b7a0                __cvt
 .text.__exponent
                0x0800b86a       0x74 /Applications/STM32CubeIDE.app/Contents/Eclipse/plugins/com.st.stm32cube.ide.mcu.externaltools.gnu-tools-for-stm32.13.3.rel1.macos64_1.0.0.202411102158/tools/bin/../lib/gcc/arm-none-eabi/13.3.1/../../../../arm-none-eabi/lib/thumb/v7e-m+fp/hard/libc_nano.a(libc_a-nano-vfprintf_float.o)
                0x0800b86a                __exponent
 *fill*         0x0800b8de        0x2 
 .text._printf_float
                0x0800b8e0      0x454 /Applications/STM32CubeIDE.app/Contents/Eclipse/plugins/com.st.stm32cube.ide.mcu.externaltools.gnu-tools-for-stm32.13.3.rel1.macos64_1.0.0.202411102158/tools/bin/../lib/gcc/arm-none-eabi/13.3.1/../../../../arm-none-eabi/lib/thumb/v7e-m+fp/hard/libc_nano.a(libc_a-nano-vfprintf_float.o)
                0x0800b8e0                _printf_float
 .text.malloc   0x0800bd34       0x10 /Applications/STM32CubeIDE.app/Contents/Eclipse/plugins/com.st.stm32cube.ide.mcu.externaltools.gnu-tools-for-stm32.13.3.rel1.macos64_1.0.0.202411102158/tools/bin/../lib/gcc/arm-none-eabi/13.3.1/../../../../arm-none-eabi/lib/thumb/v7e-m+fp/hard/libc_nano.a(libc_a-malloc.o)
                0x0800bd34                malloc
 .text.free     0x0800bd44       0x10 /Applications/STM32CubeIDE.app/Contents/Eclipse/plugins/com.st.stm32cube.ide.mcu.externaltools.gnu-tools-for-stm32.13.3.rel1.macos64_1.0.0.202411102158/tools/bin/../lib/gcc/arm-none-eabi/13.3.1/../../../../arm-none-eabi/lib/thumb/v7e-m+fp/hard/libc_nano.a(libc_a-malloc.o)
                0x0800bd44                free
 .text.sbrk_aligned
                0x0800bd54       0x44 /Applications/STM32CubeIDE.app/Contents/Eclipse/plugins/com.st.stm32cube.ide.mcu.externaltools.gnu-tools-for-stm32.13.3.rel1.macos64_1.0.0.202411102158/tools/bin/../lib/gcc/arm-none-eabi/13.3.1/../../../../arm-none-eabi/lib/thumb/v7e-m+fp/hard/libc_nano.a(libc_a-mallocr.o)
 .text._malloc_r
                0x0800bd98      0x100 /Applications/STM32CubeIDE.app/Contents/Eclipse/plugins/com.st.stm32cube.ide.mcu.externaltools.gnu-tools-for-stm32.13.3.rel1.macos64_1.0.0.202411102158/tools/bin/../lib/gcc/arm-none-eabi/13.3.1/../../../../arm-none-eabi/lib/thumb/v7e-m+fp/hard/libc_nano.a(libc_a-mallocr.o)
                0x0800bd98                _malloc_r
 .text._printf_common
                0x0800be98       0xda /Applications/STM32CubeIDE.app/Contents/Eclipse/plugins/com.st.stm32cube.ide.mcu.externaltools.gnu-tools-for-stm32.13.3.rel1.macos64_1.0.0.202411102158/tools/bin/../lib/gcc/arm-none-eabi/13.3.1/../../../../arm-none-eabi/lib/thumb/v7e-m+fp/hard/libc_nano.a(libc_a-nano-vfprintf_i.o)
                0x0800be98                _printf_common
 *fill*         0x0800bf72        0x2 
 .text._printf_i
                0x0800bf74      0x23c /Applications/STM32CubeIDE.app/Contents/Eclipse/plugins/com.st.stm32cube.ide.mcu.externaltools.gnu-tools-for-stm32.13.3.rel1.macos64_1.0.0.202411102158/tools/bin/../lib/gcc/arm-none-eabi/13.3.1/../../../../arm-none-eabi/lib/thumb/v7e-m+fp/hard/libc_nano.a(libc_a-nano-vfprintf_i.o)
                0x0800bf74                _printf_i
 .text.snprintf
                0x0800c1b0       0x6c /Applications/STM32CubeIDE.app/Contents/Eclipse/plugins/com.st.stm32cube.ide.mcu.externaltools.gnu-tools-for-stm32.13.3.rel1.macos64_1.0.0.202411102158/tools/bin/../lib/gcc/arm-none-eabi/13.3.1/../../../../arm-none-eabi/lib/thumb/v7e-m+fp/hard/libc_nano.a(libc_a-snprintf.o)
                0x0800c1b0                snprintf
                0x0800c1b0                sniprintf
 .text.__malloc_lock
                0x0800c21c        0xc /Applications/STM32CubeIDE.app/Contents/Eclipse/plugins/com.st.stm32cube.ide.mcu.externaltools.gnu-tools-for-stm32.13.3.rel1.macos64_1.0.0.202411102158/tools/bin/../lib/gcc/arm-none-eabi/13.3.1/../../../../arm-none-eabi/lib/thumb/v7e-m+fp/hard/libc_nano.a(libc_a-mlock.o)
                0x0800c21c                __malloc_lock
 .text.__malloc_unlock
                0x0800c228        0xc /Applications/STM32CubeIDE.app/Contents/Eclipse/plugins/com.st.stm32cube.ide.mcu.externaltools.gnu-tools-for-stm32.13.3.rel1.macos64_1.0.0.202411102158/tools/bin/../lib/gcc/arm-none-eabi/13.3.1/../../../../arm-none-eabi/lib/thumb/v7e-m+fp/hard/libc_nano.a(libc_a-mlock.o)
                0x0800c228                __malloc_unlock
 .text.sprintf  0x0800c234       0x44 /Applications/STM32CubeIDE.app/Contents/Eclipse/plugins/com.st.stm32cube.ide.mcu.externaltools.gnu-tools-for-stm32.13.3.rel1.macos64_1.0.0.202411102158/tools/bin/../lib/gcc/arm-none-eabi/13.3.1/../../../../arm-none-eabi/lib/thumb/v7e-m+fp/hard/libc_nano.a(libc_a-sprintf.o)
                0x0800c234                sprintf
                0x0800c234                siprintf
 .text.std      0x0800c278       0x6c /Applications/STM32CubeIDE.app/Contents/Eclipse/plugins/com.st.stm32cube.ide.mcu.externaltools.gnu-tools-for-stm32.13.3.rel1.macos64_1.0.0.202411102158/tools/bin/../lib/gcc/arm-none-eabi/13.3.1/../../../../arm-none-eabi/lib/thumb/v7e-m+fp/hard/libc_nano.a(libc_a-findfp.o)
 .text.stdio_exit_handler
                0x0800c2e4       0x18 /Applications/STM32CubeIDE.app/Contents/Eclipse/plugins/com.st.stm32cube.ide.mcu.externaltools.gnu-tools-for-stm32.13.3.rel1.macos64_1.0.0.202411102158/tools/bin/../lib/gcc/arm-none-eabi/13.3.1/../../../../arm-none-eabi/lib/thumb/v7e-m+fp/hard/libc_nano.a(libc_a-findfp.o)
 .text.cleanup_stdio
                0x0800c2fc       0x40 /Applications/STM32CubeIDE.app/Contents/Eclipse/plugins/com.st.stm32cube.ide.mcu.externaltools.gnu-tools-for-stm32.13.3.rel1.macos64_1.0.0.202411102158/tools/bin/../lib/gcc/arm-none-eabi/13.3.1/../../../../arm-none-eabi/lib/thumb/v7e-m+fp/hard/libc_nano.a(libc_a-findfp.o)
 .text.global_stdio_init.part.0
                0x0800c33c       0x3c /Applications/STM32CubeIDE.app/Contents/Eclipse/plugins/com.st.stm32cube.ide.mcu.externaltools.gnu-tools-for-stm32.13.3.rel1.macos64_1.0.0.202411102158/tools/bin/../lib/gcc/arm-none-eabi/13.3.1/../../../../arm-none-eabi/lib/thumb/v7e-m+fp/hard/libc_nano.a(libc_a-findfp.o)
 .text.__sfp_lock_acquire
                0x0800c378        0xc /Applications/STM32CubeIDE.app/Contents/Eclipse/plugins/com.st.stm32cube.ide.mcu.externaltools.gnu-tools-for-stm32.13.3.rel1.macos64_1.0.0.202411102158/tools/bin/../lib/gcc/arm-none-eabi/13.3.1/../../../../arm-none-eabi/lib/thumb/v7e-m+fp/hard/libc_nano.a(libc_a-findfp.o)
                0x0800c378                __sfp_lock_acquire
 .text.__sfp_lock_release
                0x0800c384        0xc /Applications/STM32CubeIDE.app/Contents/Eclipse/plugins/com.st.stm32cube.ide.mcu.externaltools.gnu-tools-for-stm32.13.3.rel1.macos64_1.0.0.202411102158/tools/bin/../lib/gcc/arm-none-eabi/13.3.1/../../../../arm-none-eabi/lib/thumb/v7e-m+fp/hard/libc_nano.a(libc_a-findfp.o)
                0x0800c384                __sfp_lock_release
 .text.__sinit  0x0800c390       0x30 /Applications/STM32CubeIDE.app/Contents/Eclipse/plugins/com.st.stm32cube.ide.mcu.externaltools.gnu-tools-for-stm32.13.3.rel1.macos64_1.0.0.202411102158/tools/bin/../lib/gcc/arm-none-eabi/13.3.1/../../../../arm-none-eabi/lib/thumb/v7e-m+fp/hard/libc_nano.a(libc_a-findfp.o)
                0x0800c390                __sinit
 .text._fwalk_sglue
                0x0800c3c0       0x3c /Applications/STM32CubeIDE.app/Contents/Eclipse/plugins/com.st.stm32cube.ide.mcu.externaltools.gnu-tools-for-stm32.13.3.rel1.macos64_1.0.0.202411102158/tools/bin/../lib/gcc/arm-none-eabi/13.3.1/../../../../arm-none-eabi/lib/thumb/v7e-m+fp/hard/libc_nano.a(libc_a-fwalk.o)
                0x0800c3c0                _fwalk_sglue
 .text.printf   0x0800c3fc       0x24 /Applications/STM32CubeIDE.app/Contents/Eclipse/plugins/com.st.stm32cube.ide.mcu.externaltools.gnu-tools-for-stm32.13.3.rel1.macos64_1.0.0.202411102158/tools/bin/../lib/gcc/arm-none-eabi/13.3.1/../../../../arm-none-eabi/lib/thumb/v7e-m+fp/hard/libc_nano.a(libc_a-printf.o)
                0x0800c3fc                printf
                0x0800c3fc                iprintf
 .text._puts_r  0x0800c420       0xaa /Applications/STM32CubeIDE.app/Contents/Eclipse/plugins/com.st.stm32cube.ide.mcu.externaltools.gnu-tools-for-stm32.13.3.rel1.macos64_1.0.0.202411102158/tools/bin/../lib/gcc/arm-none-eabi/13.3.1/../../../../arm-none-eabi/lib/thumb/v7e-m+fp/hard/libc_nano.a(libc_a-puts.o)
                0x0800c420                _puts_r
 *fill*         0x0800c4ca        0x2 
 .text.puts     0x0800c4cc       0x10 /Applications/STM32CubeIDE.app/Contents/Eclipse/plugins/com.st.stm32cube.ide.mcu.externaltools.gnu-tools-for-stm32.13.3.rel1.macos64_1.0.0.202411102158/tools/bin/../lib/gcc/arm-none-eabi/13.3.1/../../../../arm-none-eabi/lib/thumb/v7e-m+fp/hard/libc_nano.a(libc_a-puts.o)
                0x0800c4cc                puts
 .text.memset   0x0800c4dc       0x10 /Applications/STM32CubeIDE.app/Contents/Eclipse/plugins/com.st.stm32cube.ide.mcu.externaltools.gnu-tools-for-stm32.13.3.rel1.macos64_1.0.0.202411102158/tools/bin/../lib/gcc/arm-none-eabi/13.3.1/../../../../arm-none-eabi/lib/thumb/v7e-m+fp/hard/libc_nano.a(libc_a-memset.o)
                0x0800c4dc                memset
 .text._sbrk_r  0x0800c4ec       0x20 /Applications/STM32CubeIDE.app/Contents/Eclipse/plugins/com.st.stm32cube.ide.mcu.externaltools.gnu-tools-for-stm32.13.3.rel1.macos64_1.0.0.202411102158/tools/bin/../lib/gcc/arm-none-eabi/13.3.1/../../../../arm-none-eabi/lib/thumb/v7e-m+fp/hard/libc_nano.a(libc_a-sbrkr.o)
                0x0800c4ec                _sbrk_r
 .text.__errno  0x0800c50c        0xc /Applications/STM32CubeIDE.app/Contents/Eclipse/plugins/com.st.stm32cube.ide.mcu.externaltools.gnu-tools-for-stm32.13.3.rel1.macos64_1.0.0.202411102158/tools/bin/../lib/gcc/arm-none-eabi/13.3.1/../../../../arm-none-eabi/lib/thumb/v7e-m+fp/hard/libc_nano.a(libc_a-errno.o)
                0x0800c50c                __errno
 .text.__libc_init_array
                0x0800c518       0x48 /Applications/STM32CubeIDE.app/Contents/Eclipse/plugins/com.st.stm32cube.ide.mcu.externaltools.gnu-tools-for-stm32.13.3.rel1.macos64_1.0.0.202411102158/tools/bin/../lib/gcc/arm-none-eabi/13.3.1/../../../../arm-none-eabi/lib/thumb/v7e-m+fp/hard/libc_nano.a(libc_a-init.o)
                0x0800c518                __libc_init_array
 .text.__retarget_lock_init_recursive
                0x0800c560        0x2 /Applications/STM32CubeIDE.app/Contents/Eclipse/plugins/com.st.stm32cube.ide.mcu.externaltools.gnu-tools-for-stm32.13.3.rel1.macos64_1.0.0.202411102158/tools/bin/../lib/gcc/arm-none-eabi/13.3.1/../../../../arm-none-eabi/lib/thumb/v7e-m+fp/hard/libc_nano.a(libc_a-lock.o)
                0x0800c560                __retarget_lock_init_recursive
 .text.__retarget_lock_acquire_recursive
                0x0800c562        0x2 /Applications/STM32CubeIDE.app/Contents/Eclipse/plugins/com.st.stm32cube.ide.mcu.externaltools.gnu-tools-for-stm32.13.3.rel1.macos64_1.0.0.202411102158/tools/bin/../lib/gcc/arm-none-eabi/13.3.1/../../../../arm-none-eabi/lib/thumb/v7e-m+fp/hard/libc_nano.a(libc_a-lock.o)
                0x0800c562                __retarget_lock_acquire_recursive
 .text.__retarget_lock_release_recursive
                0x0800c564        0x2 /Applications/STM32CubeIDE.app/Contents/Eclipse/plugins/com.st.stm32cube.ide.mcu.externaltools.gnu-tools-for-stm32.13.3.rel1.macos64_1.0.0.202411102158/tools/bin/../lib/gcc/arm-none-eabi/13.3.1/../../../../arm-none-eabi/lib/thumb/v7e-m+fp/hard/libc_nano.a(libc_a-lock.o)
                0x0800c564                __retarget_lock_release_recursive
 *fill*         0x0800c566        0x2 
 .text._localeconv_r
                0x0800c568        0x8 /Applications/STM32CubeIDE.app/Contents/Eclipse/plugins/com.st.stm32cube.ide.mcu.externaltools.gnu-tools-for-stm32.13.3.rel1.macos64_1.0.0.202411102158/tools/bin/../lib/gcc/arm-none-eabi/13.3.1/../../../../arm-none-eabi/lib/thumb/v7e-m+fp/hard/libc_nano.a(libc_a-localeconv.o)
                0x0800c568                _localeconv_r
 .text.strcpy   0x0800c570       0x10 /Applications/STM32CubeIDE.app/Contents/Eclipse/plugins/com.st.stm32cube.ide.mcu.externaltools.gnu-tools-for-stm32.13.3.rel1.macos64_1.0.0.202411102158/tools/bin/../lib/gcc/arm-none-eabi/13.3.1/../../../../arm-none-eabi/lib/thumb/v7e-m+fp/hard/libc_nano.a(libc_a-strcpy.o)
                0x0800c570                strcpy
 .text.memcpy   0x0800c580       0x1c /Applications/STM32CubeIDE.app/Contents/Eclipse/plugins/com.st.stm32cube.ide.mcu.externaltools.gnu-tools-for-stm32.13.3.rel1.macos64_1.0.0.202411102158/tools/bin/../lib/gcc/arm-none-eabi/13.3.1/../../../../arm-none-eabi/lib/thumb/v7e-m+fp/hard/libc_nano.a(libc_a-memcpy-stub.o)
                0x0800c580                memcpy
 .text.quorem   0x0800c59c      0x110 /Applications/STM32CubeIDE.app/Contents/Eclipse/plugins/com.st.stm32cube.ide.mcu.externaltools.gnu-tools-for-stm32.13.3.rel1.macos64_1.0.0.202411102158/tools/bin/../lib/gcc/arm-none-eabi/13.3.1/../../../../arm-none-eabi/lib/thumb/v7e-m+fp/hard/libc_nano.a(libc_a-dtoa.o)
 *fill*         0x0800c6ac        0x4 
 .text._dtoa_r  0x0800c6b0      0xba0 /Applications/STM32CubeIDE.app/Contents/Eclipse/plugins/com.st.stm32cube.ide.mcu.externaltools.gnu-tools-for-stm32.13.3.rel1.macos64_1.0.0.202411102158/tools/bin/../lib/gcc/arm-none-eabi/13.3.1/../../../../arm-none-eabi/lib/thumb/v7e-m+fp/hard/libc_nano.a(libc_a-dtoa.o)
                0x0800c6b0                _dtoa_r
 .text._free_r  0x0800d250       0x94 /Applications/STM32CubeIDE.app/Contents/Eclipse/plugins/com.st.stm32cube.ide.mcu.externaltools.gnu-tools-for-stm32.13.3.rel1.macos64_1.0.0.202411102158/tools/bin/../lib/gcc/arm-none-eabi/13.3.1/../../../../arm-none-eabi/lib/thumb/v7e-m+fp/hard/libc_nano.a(libc_a-freer.o)
                0x0800d250                _free_r
 .text.__ssputs_r
                0x0800d2e4       0xb6 /Applications/STM32CubeIDE.app/Contents/Eclipse/plugins/com.st.stm32cube.ide.mcu.externaltools.gnu-tools-for-stm32.13.3.rel1.macos64_1.0.0.202411102158/tools/bin/../lib/gcc/arm-none-eabi/13.3.1/../../../../arm-none-eabi/lib/thumb/v7e-m+fp/hard/libc_nano.a(libc_a-nano-svfprintf.o)
                0x0800d2e4                __ssputs_r
 *fill*         0x0800d39a        0x2 
 .text._svfprintf_r
                0x0800d39c      0x1f8 /Applications/STM32CubeIDE.app/Contents/Eclipse/plugins/com.st.stm32cube.ide.mcu.externaltools.gnu-tools-for-stm32.13.3.rel1.macos64_1.0.0.202411102158/tools/bin/../lib/gcc/arm-none-eabi/13.3.1/../../../../arm-none-eabi/lib/thumb/v7e-m+fp/hard/libc_nano.a(libc_a-nano-svfprintf.o)
                0x0800d39c                _svfprintf_r
                0x0800d39c                _svfiprintf_r
 .text.__sfputc_r
                0x0800d594       0x2e /Applications/STM32CubeIDE.app/Contents/Eclipse/plugins/com.st.stm32cube.ide.mcu.externaltools.gnu-tools-for-stm32.13.3.rel1.macos64_1.0.0.202411102158/tools/bin/../lib/gcc/arm-none-eabi/13.3.1/../../../../arm-none-eabi/lib/thumb/v7e-m+fp/hard/libc_nano.a(libc_a-nano-vfprintf.o)
 .text.__sfputs_r
                0x0800d5c2       0x24 /Applications/STM32CubeIDE.app/Contents/Eclipse/plugins/com.st.stm32cube.ide.mcu.externaltools.gnu-tools-for-stm32.13.3.rel1.macos64_1.0.0.202411102158/tools/bin/../lib/gcc/arm-none-eabi/13.3.1/../../../../arm-none-eabi/lib/thumb/v7e-m+fp/hard/libc_nano.a(libc_a-nano-vfprintf.o)
                0x0800d5c2                __sfputs_r
 *fill*         0x0800d5e6        0x2 
 .text._vfprintf_r
                0x0800d5e8      0x230 /Applications/STM32CubeIDE.app/Contents/Eclipse/plugins/com.st.stm32cube.ide.mcu.externaltools.gnu-tools-for-stm32.13.3.rel1.macos64_1.0.0.202411102158/tools/bin/../lib/gcc/arm-none-eabi/13.3.1/../../../../arm-none-eabi/lib/thumb/v7e-m+fp/hard/libc_nano.a(libc_a-nano-vfprintf.o)
                0x0800d5e8                _vfiprintf_r
                0x0800d5e8                _vfprintf_r
 .text.__sflush_r
                0x0800d818      0x108 /Applications/STM32CubeIDE.app/Contents/Eclipse/plugins/com.st.stm32cube.ide.mcu.externaltools.gnu-tools-for-stm32.13.3.rel1.macos64_1.0.0.202411102158/tools/bin/../lib/gcc/arm-none-eabi/13.3.1/../../../../arm-none-eabi/lib/thumb/v7e-m+fp/hard/libc_nano.a(libc_a-fflush.o)
                0x0800d818                __sflush_r
 .text._fflush_r
                0x0800d920       0x50 /Applications/STM32CubeIDE.app/Contents/Eclipse/plugins/com.st.stm32cube.ide.mcu.externaltools.gnu-tools-for-stm32.13.3.rel1.macos64_1.0.0.202411102158/tools/bin/../lib/gcc/arm-none-eabi/13.3.1/../../../../arm-none-eabi/lib/thumb/v7e-m+fp/hard/libc_nano.a(libc_a-fflush.o)
                0x0800d920                _fflush_r
 .text._Balloc  0x0800d970       0x80 /Applications/STM32CubeIDE.app/Contents/Eclipse/plugins/com.st.stm32cube.ide.mcu.externaltools.gnu-tools-for-stm32.13.3.rel1.macos64_1.0.0.202411102158/tools/bin/../lib/gcc/arm-none-eabi/13.3.1/../../../../arm-none-eabi/lib/thumb/v7e-m+fp/hard/libc_nano.a(libc_a-mprec.o)
                0x0800d970                _Balloc
 .text._Bfree   0x0800d9f0       0x44 /Applications/STM32CubeIDE.app/Contents/Eclipse/plugins/com.st.stm32cube.ide.mcu.externaltools.gnu-tools-for-stm32.13.3.rel1.macos64_1.0.0.202411102158/tools/bin/../lib/gcc/arm-none-eabi/13.3.1/../../../../arm-none-eabi/lib/thumb/v7e-m+fp/hard/libc_nano.a(libc_a-mprec.o)
                0x0800d9f0                _Bfree
 .text.__multadd
                0x0800da34       0x8c /Applications/STM32CubeIDE.app/Contents/Eclipse/plugins/com.st.stm32cube.ide.mcu.externaltools.gnu-tools-for-stm32.13.3.rel1.macos64_1.0.0.202411102158/tools/bin/../lib/gcc/arm-none-eabi/13.3.1/../../../../arm-none-eabi/lib/thumb/v7e-m+fp/hard/libc_nano.a(libc_a-mprec.o)
                0x0800da34                __multadd
 .text.__hi0bits
                0x0800dac0       0x3e /Applications/STM32CubeIDE.app/Contents/Eclipse/plugins/com.st.stm32cube.ide.mcu.externaltools.gnu-tools-for-stm32.13.3.rel1.macos64_1.0.0.202411102158/tools/bin/../lib/gcc/arm-none-eabi/13.3.1/../../../../arm-none-eabi/lib/thumb/v7e-m+fp/hard/libc_nano.a(libc_a-mprec.o)
                0x0800dac0                __hi0bits
 .text.__lo0bits
                0x0800dafe       0x5a /Applications/STM32CubeIDE.app/Contents/Eclipse/plugins/com.st.stm32cube.ide.mcu.externaltools.gnu-tools-for-stm32.13.3.rel1.macos64_1.0.0.202411102158/tools/bin/../lib/gcc/arm-none-eabi/13.3.1/../../../../arm-none-eabi/lib/thumb/v7e-m+fp/hard/libc_nano.a(libc_a-mprec.o)
                0x0800dafe                __lo0bits
 .text.__i2b    0x0800db58       0x2c /Applications/STM32CubeIDE.app/Contents/Eclipse/plugins/com.st.stm32cube.ide.mcu.externaltools.gnu-tools-for-stm32.13.3.rel1.macos64_1.0.0.202411102158/tools/bin/../lib/gcc/arm-none-eabi/13.3.1/../../../../arm-none-eabi/lib/thumb/v7e-m+fp/hard/libc_nano.a(libc_a-mprec.o)
                0x0800db58                __i2b
 .text.__multiply
                0x0800db84      0x144 /Applications/STM32CubeIDE.app/Contents/Eclipse/plugins/com.st.stm32cube.ide.mcu.externaltools.gnu-tools-for-stm32.13.3.rel1.macos64_1.0.0.202411102158/tools/bin/../lib/gcc/arm-none-eabi/13.3.1/../../../../arm-none-eabi/lib/thumb/v7e-m+fp/hard/libc_nano.a(libc_a-mprec.o)
                0x0800db84                __multiply
 .text.__pow5mult
                0x0800dcc8       0xb4 /Applications/STM32CubeIDE.app/Contents/Eclipse/plugins/com.st.stm32cube.ide.mcu.externaltools.gnu-tools-for-stm32.13.3.rel1.macos64_1.0.0.202411102158/tools/bin/../lib/gcc/arm-none-eabi/13.3.1/../../../../arm-none-eabi/lib/thumb/v7e-m+fp/hard/libc_nano.a(libc_a-mprec.o)
                0x0800dcc8                __pow5mult
 .text.__lshift
                0x0800dd7c       0xd8 /Applications/STM32CubeIDE.app/Contents/Eclipse/plugins/com.st.stm32cube.ide.mcu.externaltools.gnu-tools-for-stm32.13.3.rel1.macos64_1.0.0.202411102158/tools/bin/../lib/gcc/arm-none-eabi/13.3.1/../../../../arm-none-eabi/lib/thumb/v7e-m+fp/hard/libc_nano.a(libc_a-mprec.o)
                0x0800dd7c                __lshift
 .text.__mcmp   0x0800de54       0x36 /Applications/STM32CubeIDE.app/Contents/Eclipse/plugins/com.st.stm32cube.ide.mcu.externaltools.gnu-tools-for-stm32.13.3.rel1.macos64_1.0.0.202411102158/tools/bin/../lib/gcc/arm-none-eabi/13.3.1/../../../../arm-none-eabi/lib/thumb/v7e-m+fp/hard/libc_nano.a(libc_a-mprec.o)
                0x0800de54                __mcmp
 *fill*         0x0800de8a        0x2 
 .text.__mdiff  0x0800de8c      0x128 /Applications/STM32CubeIDE.app/Contents/Eclipse/plugins/com.st.stm32cube.ide.mcu.externaltools.gnu-tools-for-stm32.13.3.rel1.macos64_1.0.0.202411102158/tools/bin/../lib/gcc/arm-none-eabi/13.3.1/../../../../arm-none-eabi/lib/thumb/v7e-m+fp/hard/libc_nano.a(libc_a-mprec.o)
                0x0800de8c                __mdiff
 .text.__d2b    0x0800dfb4       0xb0 /Applications/STM32CubeIDE.app/Contents/Eclipse/plugins/com.st.stm32cube.ide.mcu.externaltools.gnu-tools-for-stm32.13.3.rel1.macos64_1.0.0.202411102158/tools/bin/../lib/gcc/arm-none-eabi/13.3.1/../../../../arm-none-eabi/lib/thumb/v7e-m+fp/hard/libc_nano.a(libc_a-mprec.o)
                0x0800dfb4                __d2b
 .text.__sread  0x0800e064       0x22 /Applications/STM32CubeIDE.app/Contents/Eclipse/plugins/com.st.stm32cube.ide.mcu.externaltools.gnu-tools-for-stm32.13.3.rel1.macos64_1.0.0.202411102158/tools/bin/../lib/gcc/arm-none-eabi/13.3.1/../../../../arm-none-eabi/lib/thumb/v7e-m+fp/hard/libc_nano.a(libc_a-stdio.o)
                0x0800e064                __sread
 .text.__swrite
                0x0800e086       0x38 /Applications/STM32CubeIDE.app/Contents/Eclipse/plugins/com.st.stm32cube.ide.mcu.externaltools.gnu-tools-for-stm32.13.3.rel1.macos64_1.0.0.202411102158/tools/bin/../lib/gcc/arm-none-eabi/13.3.1/../../../../arm-none-eabi/lib/thumb/v7e-m+fp/hard/libc_nano.a(libc_a-stdio.o)
                0x0800e086                __swrite
 .text.__sseek  0x0800e0be       0x24 /Applications/STM32CubeIDE.app/Contents/Eclipse/plugins/com.st.stm32cube.ide.mcu.externaltools.gnu-tools-for-stm32.13.3.rel1.macos64_1.0.0.202411102158/tools/bin/../lib/gcc/arm-none-eabi/13.3.1/../../../../arm-none-eabi/lib/thumb/v7e-m+fp/hard/libc_nano.a(libc_a-stdio.o)
                0x0800e0be                __sseek
 .text.__sclose
                0x0800e0e2        0x8 /Applications/STM32CubeIDE.app/Contents/Eclipse/plugins/com.st.stm32cube.ide.mcu.externaltools.gnu-tools-for-stm32.13.3.rel1.macos64_1.0.0.202411102158/tools/bin/../lib/gcc/arm-none-eabi/13.3.1/../../../../arm-none-eabi/lib/thumb/v7e-m+fp/hard/libc_nano.a(libc_a-stdio.o)
                0x0800e0e2                __sclose
 .text._realloc_r
                0x0800e0ea       0x5c /Applications/STM32CubeIDE.app/Contents/Eclipse/plugins/com.st.stm32cube.ide.mcu.externaltools.gnu-tools-for-stm32.13.3.rel1.macos64_1.0.0.202411102158/tools/bin/../lib/gcc/arm-none-eabi/13.3.1/../../../../arm-none-eabi/lib/thumb/v7e-m+fp/hard/libc_nano.a(libc_a-reallocr.o)
                0x0800e0ea                _realloc_r
 .text.__swbuf_r
                0x0800e146       0x7c /Applications/STM32CubeIDE.app/Contents/Eclipse/plugins/com.st.stm32cube.ide.mcu.externaltools.gnu-tools-for-stm32.13.3.rel1.macos64_1.0.0.202411102158/tools/bin/../lib/gcc/arm-none-eabi/13.3.1/../../../../arm-none-eabi/lib/thumb/v7e-m+fp/hard/libc_nano.a(libc_a-wbuf.o)
                0x0800e146                __swbuf_r
 *fill*         0x0800e1c2        0x2 
 .text.__swsetup_r
                0x0800e1c4       0xac /Applications/STM32CubeIDE.app/Contents/Eclipse/plugins/com.st.stm32cube.ide.mcu.externaltools.gnu-tools-for-stm32.13.3.rel1.macos64_1.0.0.202411102158/tools/bin/../lib/gcc/arm-none-eabi/13.3.1/../../../../arm-none-eabi/lib/thumb/v7e-m+fp/hard/libc_nano.a(libc_a-wsetup.o)
                0x0800e1c4                __swsetup_r
 .text.__swhatbuf_r
                0x0800e270       0x4c /Applications/STM32CubeIDE.app/Contents/Eclipse/plugins/com.st.stm32cube.ide.mcu.externaltools.gnu-tools-for-stm32.13.3.rel1.macos64_1.0.0.202411102158/tools/bin/../lib/gcc/arm-none-eabi/13.3.1/../../../../arm-none-eabi/lib/thumb/v7e-m+fp/hard/libc_nano.a(libc_a-makebuf.o)
                0x0800e270                __swhatbuf_r
 .text.__smakebuf_r
                0x0800e2bc       0x78 /Applications/STM32CubeIDE.app/Contents/Eclipse/plugins/com.st.stm32cube.ide.mcu.externaltools.gnu-tools-for-stm32.13.3.rel1.macos64_1.0.0.202411102158/tools/bin/../lib/gcc/arm-none-eabi/13.3.1/../../../../arm-none-eabi/lib/thumb/v7e-m+fp/hard/libc_nano.a(libc_a-makebuf.o)
                0x0800e2bc                __smakebuf_r
 .text.memmove  0x0800e334       0x34 /Applications/STM32CubeIDE.app/Contents/Eclipse/plugins/com.st.stm32cube.ide.mcu.externaltools.gnu-tools-for-stm32.13.3.rel1.macos64_1.0.0.202411102158/tools/bin/../lib/gcc/arm-none-eabi/13.3.1/../../../../arm-none-eabi/lib/thumb/v7e-m+fp/hard/libc_nano.a(libc_a-memmove.o)
                0x0800e334                memmove
 .text._isatty_r
                0x0800e368       0x20 /Applications/STM32CubeIDE.app/Contents/Eclipse/plugins/com.st.stm32cube.ide.mcu.externaltools.gnu-tools-for-stm32.13.3.rel1.macos64_1.0.0.202411102158/tools/bin/../lib/gcc/arm-none-eabi/13.3.1/../../../../arm-none-eabi/lib/thumb/v7e-m+fp/hard/libc_nano.a(libc_a-isattyr.o)
                0x0800e368                _isatty_r
 .text._lseek_r
                0x0800e388       0x24 /Applications/STM32CubeIDE.app/Contents/Eclipse/plugins/com.st.stm32cube.ide.mcu.externaltools.gnu-tools-for-stm32.13.3.rel1.macos64_1.0.0.202411102158/tools/bin/../lib/gcc/arm-none-eabi/13.3.1/../../../../arm-none-eabi/lib/thumb/v7e-m+fp/hard/libc_nano.a(libc_a-lseekr.o)
                0x0800e388                _lseek_r
 .text._read_r  0x0800e3ac       0x24 /Applications/STM32CubeIDE.app/Contents/Eclipse/plugins/com.st.stm32cube.ide.mcu.externaltools.gnu-tools-for-stm32.13.3.rel1.macos64_1.0.0.202411102158/tools/bin/../lib/gcc/arm-none-eabi/13.3.1/../../../../arm-none-eabi/lib/thumb/v7e-m+fp/hard/libc_nano.a(libc_a-readr.o)
                0x0800e3ac                _read_r
 .text._write_r
                0x0800e3d0       0x24 /Applications/STM32CubeIDE.app/Contents/Eclipse/plugins/com.st.stm32cube.ide.mcu.externaltools.gnu-tools-for-stm32.13.3.rel1.macos64_1.0.0.202411102158/tools/bin/../lib/gcc/arm-none-eabi/13.3.1/../../../../arm-none-eabi/lib/thumb/v7e-m+fp/hard/libc_nano.a(libc_a-writer.o)
                0x0800e3d0                _write_r
 .text._close_r
                0x0800e3f4       0x20 /Applications/STM32CubeIDE.app/Contents/Eclipse/plugins/com.st.stm32cube.ide.mcu.externaltools.gnu-tools-for-stm32.13.3.rel1.macos64_1.0.0.202411102158/tools/bin/../lib/gcc/arm-none-eabi/13.3.1/../../../../arm-none-eabi/lib/thumb/v7e-m+fp/hard/libc_nano.a(libc_a-closer.o)
                0x0800e3f4                _close_r
 .text._fstat_r
                0x0800e414       0x24 /Applications/STM32CubeIDE.app/Contents/Eclipse/plugins/com.st.stm32cube.ide.mcu.externaltools.gnu-tools-for-stm32.13.3.rel1.macos64_1.0.0.202411102158/tools/bin/../lib/gcc/arm-none-eabi/13.3.1/../../../../arm-none-eabi/lib/thumb/v7e-m+fp/hard/libc_nano.a(libc_a-fstatr.o)
                0x0800e414                _fstat_r
 .text.__assert_func
                0x0800e438       0x3c /Applications/STM32CubeIDE.app/Contents/Eclipse/plugins/com.st.stm32cube.ide.mcu.externaltools.gnu-tools-for-stm32.13.3.rel1.macos64_1.0.0.202411102158/tools/bin/../lib/gcc/arm-none-eabi/13.3.1/../../../../arm-none-eabi/lib/thumb/v7e-m+fp/hard/libc_nano.a(libc_a-assert.o)
                0x0800e438                __assert_func
 .text._calloc_r
                0x0800e474       0x28 /Applications/STM32CubeIDE.app/Contents/Eclipse/plugins/com.st.stm32cube.ide.mcu.externaltools.gnu-tools-for-stm32.13.3.rel1.macos64_1.0.0.202411102158/tools/bin/../lib/gcc/arm-none-eabi/13.3.1/../../../../arm-none-eabi/lib/thumb/v7e-m+fp/hard/libc_nano.a(libc_a-callocr.o)
                0x0800e474                _calloc_r
 .text.__ascii_mbtowc
                0x0800e49c       0x24 /Applications/STM32CubeIDE.app/Contents/Eclipse/plugins/com.st.stm32cube.ide.mcu.externaltools.gnu-tools-for-stm32.13.3.rel1.macos64_1.0.0.202411102158/tools/bin/../lib/gcc/arm-none-eabi/13.3.1/../../../../arm-none-eabi/lib/thumb/v7e-m+fp/hard/libc_nano.a(libc_a-mbtowc_r.o)
                0x0800e49c                __ascii_mbtowc
 .text._malloc_usable_size_r
                0x0800e4c0       0x10 /Applications/STM32CubeIDE.app/Contents/Eclipse/plugins/com.st.stm32cube.ide.mcu.externaltools.gnu-tools-for-stm32.13.3.rel1.macos64_1.0.0.202411102158/tools/bin/../lib/gcc/arm-none-eabi/13.3.1/../../../../arm-none-eabi/lib/thumb/v7e-m+fp/hard/libc_nano.a(libc_a-msizer.o)
                0x0800e4c0                _malloc_usable_size_r
 .text.fprintf  0x0800e4d0       0x24 /Applications/STM32CubeIDE.app/Contents/Eclipse/plugins/com.st.stm32cube.ide.mcu.externaltools.gnu-tools-for-stm32.13.3.rel1.macos64_1.0.0.202411102158/tools/bin/../lib/gcc/arm-none-eabi/13.3.1/../../../../arm-none-eabi/lib/thumb/v7e-m+fp/hard/libc_nano.a(libc_a-fprintf.o)
                0x0800e4d0                fprintf
                0x0800e4d0                fiprintf
 .text.__ascii_wctomb
                0x0800e4f4       0x1a /Applications/STM32CubeIDE.app/Contents/Eclipse/plugins/com.st.stm32cube.ide.mcu.externaltools.gnu-tools-for-stm32.13.3.rel1.macos64_1.0.0.202411102158/tools/bin/../lib/gcc/arm-none-eabi/13.3.1/../../../../arm-none-eabi/lib/thumb/v7e-m+fp/hard/libc_nano.a(libc_a-wctomb_r.o)
                0x0800e4f4                __ascii_wctomb
 .text.abort    0x0800e50e        0xe /Applications/STM32CubeIDE.app/Contents/Eclipse/plugins/com.st.stm32cube.ide.mcu.externaltools.gnu-tools-for-stm32.13.3.rel1.macos64_1.0.0.202411102158/tools/bin/../lib/gcc/arm-none-eabi/13.3.1/../../../../arm-none-eabi/lib/thumb/v7e-m+fp/hard/libc_nano.a(libc_a-abort.o)
                0x0800e50e                abort
 .text._raise_r
                0x0800e51c       0x50 /Applications/STM32CubeIDE.app/Contents/Eclipse/plugins/com.st.stm32cube.ide.mcu.externaltools.gnu-tools-for-stm32.13.3.rel1.macos64_1.0.0.202411102158/tools/bin/../lib/gcc/arm-none-eabi/13.3.1/../../../../arm-none-eabi/lib/thumb/v7e-m+fp/hard/libc_nano.a(libc_a-signal.o)
                0x0800e51c                _raise_r
 .text.raise    0x0800e56c       0x10 /Applications/STM32CubeIDE.app/Contents/Eclipse/plugins/com.st.stm32cube.ide.mcu.externaltools.gnu-tools-for-stm32.13.3.rel1.macos64_1.0.0.202411102158/tools/bin/../lib/gcc/arm-none-eabi/13.3.1/../../../../arm-none-eabi/lib/thumb/v7e-m+fp/hard/libc_nano.a(libc_a-signal.o)
                0x0800e56c                raise
 .text._kill_r  0x0800e57c       0x24 /Applications/STM32CubeIDE.app/Contents/Eclipse/plugins/com.st.stm32cube.ide.mcu.externaltools.gnu-tools-for-stm32.13.3.rel1.macos64_1.0.0.202411102158/tools/bin/../lib/gcc/arm-none-eabi/13.3.1/../../../../arm-none-eabi/lib/thumb/v7e-m+fp/hard/libc_nano.a(libc_a-signalr.o)
                0x0800e57c                _kill_r
 .text._getpid_r
                0x0800e5a0        0x4 /Applications/STM32CubeIDE.app/Contents/Eclipse/plugins/com.st.stm32cube.ide.mcu.externaltools.gnu-tools-for-stm32.13.3.rel1.macos64_1.0.0.202411102158/tools/bin/../lib/gcc/arm-none-eabi/13.3.1/../../../../arm-none-eabi/lib/thumb/v7e-m+fp/hard/libc_nano.a(libc_a-signalr.o)
                0x0800e5a0                _getpid_r
 *(.glue_7)
 .glue_7        0x0800e5a4        0x0 linker stubs
 *(.glue_7t)
 .glue_7t       0x0800e5a4        0x0 linker stubs
 *(.eh_frame)
 .eh_frame      0x0800e5a4        0x0 /Applications/STM32CubeIDE.app/Contents/Eclipse/plugins/com.st.stm32cube.ide.mcu.externaltools.gnu-tools-for-stm32.13.3.rel1.macos64_1.0.0.202411102158/tools/bin/../lib/gcc/arm-none-eabi/13.3.1/thumb/v7e-m+fp/hard/crtbegin.o
 *(.init)
 .init          0x0800e5a4        0x4 /Applications/STM32CubeIDE.app/Contents/Eclipse/plugins/com.st.stm32cube.ide.mcu.externaltools.gnu-tools-for-stm32.13.3.rel1.macos64_1.0.0.202411102158/tools/bin/../lib/gcc/arm-none-eabi/13.3.1/thumb/v7e-m+fp/hard/crti.o
                0x0800e5a4                _init
 .init          0x0800e5a8        0x8 /Applications/STM32CubeIDE.app/Contents/Eclipse/plugins/com.st.stm32cube.ide.mcu.externaltools.gnu-tools-for-stm32.13.3.rel1.macos64_1.0.0.202411102158/tools/bin/../lib/gcc/arm-none-eabi/13.3.1/thumb/v7e-m+fp/hard/crtn.o
 *(.fini)
 .fini          0x0800e5b0        0x4 /Applications/STM32CubeIDE.app/Contents/Eclipse/plugins/com.st.stm32cube.ide.mcu.externaltools.gnu-tools-for-stm32.13.3.rel1.macos64_1.0.0.202411102158/tools/bin/../lib/gcc/arm-none-eabi/13.3.1/thumb/v7e-m+fp/hard/crti.o
                0x0800e5b0                _fini
 .fini          0x0800e5b4        0x8 /Applications/STM32CubeIDE.app/Contents/Eclipse/plugins/com.st.stm32cube.ide.mcu.externaltools.gnu-tools-for-stm32.13.3.rel1.macos64_1.0.0.202411102158/tools/bin/../lib/gcc/arm-none-eabi/13.3.1/thumb/v7e-m+fp/hard/crtn.o
                0x0800e5bc                        . = ALIGN (0x4)
                0x0800e5bc                        _etext = .

.vfp11_veneer   0x0800e5bc        0x0
 .vfp11_veneer  0x0800e5bc        0x0 linker stubs

.v4_bx          0x0800e5bc        0x0
 .v4_bx         0x0800e5bc        0x0 linker stubs

.iplt           0x0800e5bc        0x0
 .iplt          0x0800e5bc        0x0 /Applications/STM32CubeIDE.app/Contents/Eclipse/plugins/com.st.stm32cube.ide.mcu.externaltools.gnu-tools-for-stm32.13.3.rel1.macos64_1.0.0.202411102158/tools/bin/../lib/gcc/arm-none-eabi/13.3.1/thumb/v7e-m+fp/hard/crtbegin.o

.rodata         0x0800e5c0      0xb6c
                0x0800e5c0                        . = ALIGN (0x4)
 *(.rodata)
 .rodata        0x0800e5c0      0x115 ./Core/Src/cup_system.o
 *fill*         0x0800e6d5        0x3 
 .rodata        0x0800e6d8      0x1e1 ./Core/Src/main.o
 *fill*         0x0800e8b9        0x3 
 .rodata        0x0800e8bc      0x4a2 ./Drivers/VL53L0X/core/src/vl53l0x_api_strings.o
 *(.rodata*)
 *fill*         0x0800ed5e        0x2 
 .rodata.AHBPrescTable
                0x0800ed60       0x10 ./Core/Src/system_stm32f4xx.o
                0x0800ed60                AHBPrescTable
 .rodata.APBPrescTable
                0x0800ed70        0x8 ./Core/Src/system_stm32f4xx.o
                0x0800ed70                APBPrescTable
 .rodata.ModeConfigs
                0x0800ed78       0x40 ./Core/Src/vl53l0x_wrapper.o
 .rodata._printf_float.str1.1
                0x0800edb8      0x171 /Applications/STM32CubeIDE.app/Contents/Eclipse/plugins/com.st.stm32cube.ide.mcu.externaltools.gnu-tools-for-stm32.13.3.rel1.macos64_1.0.0.202411102158/tools/bin/../lib/gcc/arm-none-eabi/13.3.1/../../../../arm-none-eabi/lib/thumb/v7e-m+fp/hard/libc_nano.a(libc_a-nano-vfprintf_float.o)
                                 0x12 (size before relaxing)
 .rodata._printf_i.str1.1
                0x0800ef29       0x22 /Applications/STM32CubeIDE.app/Contents/Eclipse/plugins/com.st.stm32cube.ide.mcu.externaltools.gnu-tools-for-stm32.13.3.rel1.macos64_1.0.0.202411102158/tools/bin/../lib/gcc/arm-none-eabi/13.3.1/../../../../arm-none-eabi/lib/thumb/v7e-m+fp/hard/libc_nano.a(libc_a-nano-vfprintf_i.o)
 .rodata._dtoa_r.str1.1
                0x0800ef29       0x8f /Applications/STM32CubeIDE.app/Contents/Eclipse/plugins/com.st.stm32cube.ide.mcu.externaltools.gnu-tools-for-stm32.13.3.rel1.macos64_1.0.0.202411102158/tools/bin/../lib/gcc/arm-none-eabi/13.3.1/../../../../arm-none-eabi/lib/thumb/v7e-m+fp/hard/libc_nano.a(libc_a-dtoa.o)
 .rodata._svfprintf_r.str1.1
                0x0800ef29       0x11 /Applications/STM32CubeIDE.app/Contents/Eclipse/plugins/com.st.stm32cube.ide.mcu.externaltools.gnu-tools-for-stm32.13.3.rel1.macos64_1.0.0.202411102158/tools/bin/../lib/gcc/arm-none-eabi/13.3.1/../../../../arm-none-eabi/lib/thumb/v7e-m+fp/hard/libc_nano.a(libc_a-nano-svfprintf.o)
 .rodata._vfprintf_r.str1.1
                0x0800ef29       0x11 /Applications/STM32CubeIDE.app/Contents/Eclipse/plugins/com.st.stm32cube.ide.mcu.externaltools.gnu-tools-for-stm32.13.3.rel1.macos64_1.0.0.202411102158/tools/bin/../lib/gcc/arm-none-eabi/13.3.1/../../../../arm-none-eabi/lib/thumb/v7e-m+fp/hard/libc_nano.a(libc_a-nano-vfprintf.o)
 .rodata._Balloc.str1.1
                0x0800ef29       0x70 /Applications/STM32CubeIDE.app/Contents/Eclipse/plugins/com.st.stm32cube.ide.mcu.externaltools.gnu-tools-for-stm32.13.3.rel1.macos64_1.0.0.202411102158/tools/bin/../lib/gcc/arm-none-eabi/13.3.1/../../../../arm-none-eabi/lib/thumb/v7e-m+fp/hard/libc_nano.a(libc_a-mprec.o)
 .rodata.__multadd.str1.1
                0x0800ef29       0x11 /Applications/STM32CubeIDE.app/Contents/Eclipse/plugins/com.st.stm32cube.ide.mcu.externaltools.gnu-tools-for-stm32.13.3.rel1.macos64_1.0.0.202411102158/tools/bin/../lib/gcc/arm-none-eabi/13.3.1/../../../../arm-none-eabi/lib/thumb/v7e-m+fp/hard/libc_nano.a(libc_a-mprec.o)
 *fill*         0x0800ef29        0x3 
 .rodata.p05.0  0x0800ef2c        0xc /Applications/STM32CubeIDE.app/Contents/Eclipse/plugins/com.st.stm32cube.ide.mcu.externaltools.gnu-tools-for-stm32.13.3.rel1.macos64_1.0.0.202411102158/tools/bin/../lib/gcc/arm-none-eabi/13.3.1/../../../../arm-none-eabi/lib/thumb/v7e-m+fp/hard/libc_nano.a(libc_a-mprec.o)
 .rodata.__mprec_bigtens
                0x0800ef38       0x28 /Applications/STM32CubeIDE.app/Contents/Eclipse/plugins/com.st.stm32cube.ide.mcu.externaltools.gnu-tools-for-stm32.13.3.rel1.macos64_1.0.0.202411102158/tools/bin/../lib/gcc/arm-none-eabi/13.3.1/../../../../arm-none-eabi/lib/thumb/v7e-m+fp/hard/libc_nano.a(libc_a-mprec.o)
                0x0800ef38                __mprec_bigtens
 .rodata.__mprec_tens
                0x0800ef60       0xc8 /Applications/STM32CubeIDE.app/Contents/Eclipse/plugins/com.st.stm32cube.ide.mcu.externaltools.gnu-tools-for-stm32.13.3.rel1.macos64_1.0.0.202411102158/tools/bin/../lib/gcc/arm-none-eabi/13.3.1/../../../../arm-none-eabi/lib/thumb/v7e-m+fp/hard/libc_nano.a(libc_a-mprec.o)
                0x0800ef60                __mprec_tens
 .rodata._setlocale_r.str1.1
                0x0800f028        0x9 /Applications/STM32CubeIDE.app/Contents/Eclipse/plugins/com.st.stm32cube.ide.mcu.externaltools.gnu-tools-for-stm32.13.3.rel1.macos64_1.0.0.202411102158/tools/bin/../lib/gcc/arm-none-eabi/13.3.1/../../../../arm-none-eabi/lib/thumb/v7e-m+fp/hard/libc_nano.a(libc_a-locale.o)
 .rodata.str1.1
                0x0800f028        0x2 /Applications/STM32CubeIDE.app/Contents/Eclipse/plugins/com.st.stm32cube.ide.mcu.externaltools.gnu-tools-for-stm32.13.3.rel1.macos64_1.0.0.202411102158/tools/bin/../lib/gcc/arm-none-eabi/13.3.1/../../../../arm-none-eabi/lib/thumb/v7e-m+fp/hard/libc_nano.a(libc_a-locale.o)
 .rodata._ctype_
                0x0800f028      0x101 /Applications/STM32CubeIDE.app/Contents/Eclipse/plugins/com.st.stm32cube.ide.mcu.externaltools.gnu-tools-for-stm32.13.3.rel1.macos64_1.0.0.202411102158/tools/bin/../lib/gcc/arm-none-eabi/13.3.1/../../../../arm-none-eabi/lib/thumb/v7e-m+fp/hard/libc_nano.a(libc_a-ctype_.o)
                0x0800f028                _ctype_
 .rodata.__assert_func.str1.1
                0x0800f129       0x3d /Applications/STM32CubeIDE.app/Contents/Eclipse/plugins/com.st.stm32cube.ide.mcu.externaltools.gnu-tools-for-stm32.13.3.rel1.macos64_1.0.0.202411102158/tools/bin/../lib/gcc/arm-none-eabi/13.3.1/../../../../arm-none-eabi/lib/thumb/v7e-m+fp/hard/libc_nano.a(libc_a-assert.o)
                0x0800f168                        . = ALIGN (0x4)
 *fill*         0x0800f129        0x3 

.ARM.extab      0x0800f12c        0x0
                0x0800f12c                        . = ALIGN (0x4)
 *(.ARM.extab* .gnu.linkonce.armextab.*)
                0x0800f12c                        . = ALIGN (0x4)

.ARM            0x0800f12c        0x8
                0x0800f12c                        . = ALIGN (0x4)
                0x0800f12c                        __exidx_start = .
 *(.ARM.exidx*)
 .ARM.exidx     0x0800f12c        0x8 /Applications/STM32CubeIDE.app/Contents/Eclipse/plugins/com.st.stm32cube.ide.mcu.externaltools.gnu-tools-for-stm32.13.3.rel1.macos64_1.0.0.202411102158/tools/bin/../lib/gcc/arm-none-eabi/13.3.1/../../../../arm-none-eabi/lib/thumb/v7e-m+fp/hard/libc_nano.a(libc_a-memchr.o)
 .ARM.exidx     0x0800f134        0x0 /Applications/STM32CubeIDE.app/Contents/Eclipse/plugins/com.st.stm32cube.ide.mcu.externaltools.gnu-tools-for-stm32.13.3.rel1.macos64_1.0.0.202411102158/tools/bin/../lib/gcc/arm-none-eabi/13.3.1/../../../../arm-none-eabi/lib/thumb/v7e-m+fp/hard/libc_nano.a(libc_a-strlen.o)
                                  0x8 (size before relaxing)
 .ARM.exidx     0x0800f134        0x0 /Applications/STM32CubeIDE.app/Contents/Eclipse/plugins/com.st.stm32cube.ide.mcu.externaltools.gnu-tools-for-stm32.13.3.rel1.macos64_1.0.0.202411102158/tools/bin/../lib/gcc/arm-none-eabi/13.3.1/thumb/v7e-m+fp/hard/libgcc.a(_udivmoddi4.o)
                                  0x8 (size before relaxing)
                0x0800f134                        __exidx_end = .
                0x0800f134                        . = ALIGN (0x4)

.preinit_array  0x0800f134        0x0
                0x0800f134                        . = ALIGN (0x4)
                0x0800f134                        PROVIDE (__preinit_array_start = .)
 *(.preinit_array*)
                0x0800f134                        PROVIDE (__preinit_array_end = .)
                0x0800f134                        . = ALIGN (0x4)

.init_array     0x0800f134        0x4
                0x0800f134                        . = ALIGN (0x4)
                0x0800f134                        PROVIDE (__init_array_start = .)
 *(SORT_BY_NAME(.init_array.*))
 *(.init_array*)
 .init_array    0x0800f134        0x4 /Applications/STM32CubeIDE.app/Contents/Eclipse/plugins/com.st.stm32cube.ide.mcu.externaltools.gnu-tools-for-stm32.13.3.rel1.macos64_1.0.0.202411102158/tools/bin/../lib/gcc/arm-none-eabi/13.3.1/thumb/v7e-m+fp/hard/crtbegin.o
                0x0800f138                        PROVIDE (__init_array_end = .)
                0x0800f138                        . = ALIGN (0x4)

.fini_array     0x0800f138        0x4
                0x0800f138                        . = ALIGN (0x4)
                [!provide]                        PROVIDE (__fini_array_start = .)
 *(SORT_BY_NAME(.fini_array.*))
 *(.fini_array*)
 .fini_array    0x0800f138        0x4 /Applications/STM32CubeIDE.app/Contents/Eclipse/plugins/com.st.stm32cube.ide.mcu.externaltools.gnu-tools-for-stm32.13.3.rel1.macos64_1.0.0.202411102158/tools/bin/../lib/gcc/arm-none-eabi/13.3.1/thumb/v7e-m+fp/hard/crtbegin.o
                [!provide]                        PROVIDE (__fini_array_end = .)