Archive member included to satisfy reference by file (symbol)

/Applications/STM32CubeIDE.app/Contents/Eclipse/plugins/com.st.stm32cube.ide.mcu.externaltools.gnu-tools-for-stm32.13.3.rel1.macos64_1.0.0.202411102158/tools/bin/../lib/gcc/arm-none-eabi/13.3.1/../../../../arm-none-eabi/lib/thumb/v7e-m+fp/hard/libc_nano.a(libc_a-exit.o)
                              /Applications/STM32CubeIDE.app/Contents/Eclipse/plugins/com.st.stm32cube.ide.mcu.externaltools.gnu-tools-for-stm32.13.3.rel1.macos64_1.0.0.202411102158/tools/bin/../lib/gcc/arm-none-eabi/13.3.1/../../../../arm-none-eabi/lib/thumb/v7e-m+fp/hard/crt0.o (exit)
/Applications/STM32CubeIDE.app/Contents/Eclipse/plugins/com.st.stm32cube.ide.mcu.externaltools.gnu-tools-for-stm32.13.3.rel1.macos64_1.0.0.202411102158/tools/bin/../lib/gcc/arm-none-eabi/13.3.1/../../../../arm-none-eabi/lib/thumb/v7e-m+fp/hard/libc_nano.a(libc_a-nano-vfprintf_float.o)
                              (_printf_float)
/Applications/STM32CubeIDE.app/Contents/Eclipse/plugins/com.st.stm32cube.ide.mcu.externaltools.gnu-tools-for-stm32.13.3.rel1.macos64_1.0.0.202411102158/tools/bin/../lib/gcc/arm-none-eabi/13.3.1/../../../../arm-none-eabi/lib/thumb/v7e-m+fp/hard/libc_nano.a(libc_a-malloc.o)
                              ./Core/Src/vl53l0x_platform.o (malloc)
/Applications/STM32CubeIDE.app/Contents/Eclipse/plugins/com.st.stm32cube.ide.mcu.externaltools.gnu-tools-for-stm32.13.3.rel1.macos64_1.0.0.202411102158/tools/bin/../lib/gcc/arm-none-eabi/13.3.1/../../../../arm-none-eabi/lib/thumb/v7e-m+fp/hard/libc_nano.a(libc_a-mallocr.o)
                              /Applications/STM32CubeIDE.app/Contents/Eclipse/plugins/com.st.stm32cube.ide.mcu.externaltools.gnu-tools-for-stm32.13.3.rel1.macos64_1.0.0.202411102158/tools/bin/../lib/gcc/arm-none-eabi/13.3.1/../../../../arm-none-eabi/lib/thumb/v7e-m+fp/hard/libc_nano.a(libc_a-malloc.o) (_malloc_r)
/Applications/STM32CubeIDE.app/Contents/Eclipse/plugins/com.st.stm32cube.ide.mcu.externaltools.gnu-tools-for-stm32.13.3.rel1.macos64_1.0.0.202411102158/tools/bin/../lib/gcc/arm-none-eabi/13.3.1/../../../../arm-none-eabi/lib/thumb/v7e-m+fp/hard/libc_nano.a(libc_a-nano-vfprintf_i.o)
                              /Applications/STM32CubeIDE.app/Contents/Eclipse/plugins/com.st.stm32cube.ide.mcu.externaltools.gnu-tools-for-stm32.13.3.rel1.macos64_1.0.0.202411102158/tools/bin/../lib/gcc/arm-none-eabi/13.3.1/../../../../arm-none-eabi/lib/thumb/v7e-m+fp/hard/libc_nano.a(libc_a-nano-vfprintf_float.o) (_printf_common)
/Applications/STM32CubeIDE.app/Contents/Eclipse/plugins/com.st.stm32cube.ide.mcu.externaltools.gnu-tools-for-stm32.13.3.rel1.macos64_1.0.0.202411102158/tools/bin/../lib/gcc/arm-none-eabi/13.3.1/../../../../arm-none-eabi/lib/thumb/v7e-m+fp/hard/libc_nano.a(libc_a-snprintf.o)
                              ./Core/Src/cup_system.o (snprintf)
/Applications/STM32CubeIDE.app/Contents/Eclipse/plugins/com.st.stm32cube.ide.mcu.externaltools.gnu-tools-for-stm32.13.3.rel1.macos64_1.0.0.202411102158/tools/bin/../lib/gcc/arm-none-eabi/13.3.1/../../../../arm-none-eabi/lib/thumb/v7e-m+fp/hard/libc_nano.a(libc_a-mlock.o)
                              /Applications/STM32CubeIDE.app/Contents/Eclipse/plugins/com.st.stm32cube.ide.mcu.externaltools.gnu-tools-for-stm32.13.3.rel1.macos64_1.0.0.202411102158/tools/bin/../lib/gcc/arm-none-eabi/13.3.1/../../../../arm-none-eabi/lib/thumb/v7e-m+fp/hard/libc_nano.a(libc_a-mallocr.o) (__malloc_lock)
/Applications/STM32CubeIDE.app/Contents/Eclipse/plugins/com.st.stm32cube.ide.mcu.externaltools.gnu-tools-for-stm32.13.3.rel1.macos64_1.0.0.202411102158/tools/bin/../lib/gcc/arm-none-eabi/13.3.1/../../../../arm-none-eabi/lib/thumb/v7e-m+fp/hard/libc_nano.a(libc_a-sprintf.o)
                              ./Core/Src/main.o (sprintf)
/Applications/STM32CubeIDE.app/Contents/Eclipse/plugins/com.st.stm32cube.ide.mcu.externaltools.gnu-tools-for-stm32.13.3.rel1.macos64_1.0.0.202411102158/tools/bin/../lib/gcc/arm-none-eabi/13.3.1/../../../../arm-none-eabi/lib/thumb/v7e-m+fp/hard/libc_nano.a(libc_a-findfp.o)
                              /Applications/STM32CubeIDE.app/Contents/Eclipse/plugins/com.st.stm32cube.ide.mcu.externaltools.gnu-tools-for-stm32.13.3.rel1.macos64_1.0.0.202411102158/tools/bin/../lib/gcc/arm-none-eabi/13.3.1/../../../../arm-none-eabi/lib/thumb/v7e-m+fp/hard/libc_nano.a(libc_a-exit.o) (__stdio_exit_handler)
/Applications/STM32CubeIDE.app/Contents/Eclipse/plugins/com.st.stm32cube.ide.mcu.externaltools.gnu-tools-for-stm32.13.3.rel1.macos64_1.0.0.202411102158/tools/bin/../lib/gcc/arm-none-eabi/13.3.1/../../../../arm-none-eabi/lib/thumb/v7e-m+fp/hard/libc_nano.a(libc_a-fwalk.o)
                              /Applications/STM32CubeIDE.app/Contents/Eclipse/plugins/com.st.stm32cube.ide.mcu.externaltools.gnu-tools-for-stm32.13.3.rel1.macos64_1.0.0.202411102158/tools/bin/../lib/gcc/arm-none-eabi/13.3.1/../../../../arm-none-eabi/lib/thumb/v7e-m+fp/hard/libc_nano.a(libc_a-findfp.o) (_fwalk_sglue)
[...]
Memory Configuration

Name             Origin             Length             Attributes
RAM              0x20000000         0x00020000         xrw
FLASH            0x08000000         0x00080000         xr
*default*        0x00000000         0xffffffff

Linker script and memory map

LOAD /Applications/STM32CubeIDE.app/Contents/Eclipse/plugins/com.st.stm32cube.ide.mcu.externaltools.gnu-tools-for-stm32.13.3.rel1.macos64_1.0.0.202411102158/tools/bin/../lib/gcc/arm-none-eabi/13.3.1/thumb/v7e-m+fp/hard/crti.o
LOAD /Applications/STM32CubeIDE.app/Contents/Eclipse/plugins/com.st.stm32cube.ide.mcu.externaltools.gnu-tools-for-stm32.13.3.rel1.macos64_1.0.0.202411102158/tools/bin/../lib/gcc/arm-none-eabi/13.3.1/thumb/v7e-m+fp/hard/crtbegin.o
LOAD /Applications/STM32CubeIDE.app/Contents/Eclipse/plugins/com.st.stm32cube.ide.mcu.externaltools.gnu-tools-for-stm32.13.3.rel1.macos64_1.0.0.202411102158/tools/bin/../lib/gcc/arm-none-eabi/13.3.1/../../../../arm-none-eabi/lib/thumb/v7e-m+fp/hard/crt0.o
LOAD ./Core/Inc/sx1272/sx1272.o
LOAD ./Core/Inc/sx1272/sx1272mb2das-board.o
LOAD ./Core/Inc/sx1272/timer.o
LOAD ./Core/Inc/sx1272/utilities.o
LOAD ./Core/Src/cup_system.o
LOAD ./Core/Src/hx711.o
LOAD ./Core/Src/main.o
LOAD ./Core/Src/stm32f4xx_hal_msp.o
LOAD ./Core/Src/stm32f4xx_it.o
LOAD ./Core/Src/syscalls.o
LOAD ./Core/Src/sysmem.o
LOAD ./Core/Src/system_stm32f4xx.o
LOAD ./Core/Src/ultra.o
LOAD ./Core/Src/vl53l0x_platform.o
LOAD ./Core/Src/vl53l0x_wrapper.o
LOAD ./Core/Startup/startup_stm32f446retx.o
LOAD ./Drivers/STM32F4xx_HAL_Driver/Src/stm32f4xx_hal.o
LOAD ./Drivers/STM32F4xx_HAL_Driver/Src/stm32f4xx_hal_cortex.o
LOAD ./Drivers/STM32F4xx_HAL_Driver/Src/stm32f4xx_hal_dma.o
LOAD ./Drivers/STM32F4xx_HAL_Driver/Src/stm32f4xx_hal_dma_ex.o
LOAD ./Drivers/STM32F4xx_HAL_Driver/Src/stm32f4xx_hal_exti.o
LOAD ./Drivers/STM32F4xx_HAL_Driver/Src/stm32f4xx_hal_flash.o
LOAD ./Drivers/STM32F4xx_HAL_Driver/Src/stm32f4xx_hal_flash_ex.o
LOAD ./Drivers/STM32F4xx_HAL_Driver/Src/stm32f4xx_hal_flash_ramfunc.o
LOAD ./Drivers/STM32F4xx_HAL_Driver/Src/stm32f4xx_hal_gpio.o
LOAD ./Drivers/STM32F4xx_HAL_Driver/Src/stm32f4xx_hal_i2c.o
LOAD ./Drivers/STM32F4xx_HAL_Driver/Src/stm32f4xx_hal_i2c_ex.o
LOAD ./Drivers/STM32F4xx_HAL_Driver/Src/stm32f4xx_hal_pwr.o
LOAD ./Drivers/STM32F4xx_HAL_Driver/Src/stm32f4xx_hal_pwr_ex.o
LOAD ./Drivers/STM32F4xx_HAL_Driver/Src/stm32f4xx_hal_rcc.o
LOAD ./Drivers/STM32F4xx_HAL_Driver/Src/stm32f4xx_hal_rcc_ex.o
LOAD ./Drivers/STM32F4xx_HAL_Driver/Src/stm32f4xx_hal_spi.o
LOAD ./Drivers/STM32F4xx_HAL_Driver/Src/stm32f4xx_hal_tim.o
LOAD ./Drivers/STM32F4xx_HAL_Driver/Src/stm32f4xx_hal_tim_ex.o
LOAD ./Drivers/STM32F4xx_HAL_Driver/Src/stm32f4xx_hal_uart.o
LOAD ./Drivers/VL53L0X/core/src/vl53l0x_api.o
LOAD ./Drivers/VL53L0X/core/src/vl53l0x_api_calibration.o
LOAD ./Drivers/VL53L0X/core/src/vl53l0x_api_core.o
LOAD ./Drivers/VL53L0X/core/src/vl53l0x_api_ranging.o
LOAD ./Drivers/VL53L0X/core/src/vl53l0x_api_strings.o
START GROUP
LOAD /Applications/STM32CubeIDE.app/Contents/Eclipse/plugins/com.st.stm32cube.ide.mcu.externaltools.gnu-tools-for-stm32.13.3.rel1.macos64_1.0.0.202411102158/tools/bin/../lib/gcc/arm-none-eabi/13.3.1/../../../../arm-none-eabi/lib/thumb/v7e-m+fp/hard/libc_nano.a
LOAD /Applications/STM32CubeIDE.app/Contents/Eclipse/plugins/com.st.stm32cube.ide.mcu.externaltools.gnu-tools-for-stm32.13.3.rel1.macos64_1.0.0.202411102158/tools/bin/../lib/gcc/arm-none-eabi/13.3.1/../../../../arm-none-eabi/lib/thumb/v7e-m+fp/hard/libm.a
END GROUP
START GROUP
LOAD /Applications/STM32CubeIDE.app/Contents/Eclipse/plugins/com.st.stm32cube.ide.mcu.externaltools.gnu-tools-for-stm32.13.3.rel1.macos64_1.0.0.202411102158/tools/bin/../lib/gcc/arm-none-eabi/13.3.1/thumb/v7e-m+fp/hard/libgcc.a
LOAD /Applications/STM32CubeIDE.app/Contents/Eclipse/plugins/com.st.stm32cube.ide.mcu.externaltools.gnu-tools-for-stm32.13.3.rel1.macos64_1.0.0.202411102158/tools/bin/../lib/gcc/arm-none-eabi/13.3.1/../../../../arm-none-eabi/lib/thumb/v7e-m+fp/hard/libc_nano.a
END GROUP
START GROUP
LOAD /Applications/STM32CubeIDE.app/Contents/Eclipse/plugins/com.st.stm32cube.ide.mcu.externaltools.gnu-tools-for-stm32.13.3.rel1.macos64_1.0.0.202411102158/tools/bin/../lib/gcc/arm-none-eabi/13.3.1/thumb/v7e-m+fp/hard/libgcc.a
LOAD /Applications/STM32CubeIDE.app/Contents/Eclipse/plugins/com.st.stm32cube.ide.mcu.externaltools.gnu-tools-for-stm32.13.3.rel1.macos64_1.0.0.202411102158/tools/bin/../lib/gcc/arm-none-eabi/13.3.1/../../../../arm-none-eabi/lib/thumb/v7e-m+fp/hard/libc_nano.a
LOAD /Applications/STM32CubeIDE.app/Contents/Eclipse/plugins/com.st.stm32cube.ide.mcu.externaltools.gnu-tools-for-stm32.13.3.rel1.macos64_1.0.0.202411102158/tools/bin/../lib/gcc/arm-none-eabi/13.3.1/../../../../arm-none-eabi/lib/thumb/v7e-m+fp/hard/libnosys.a
END GROUP
START GROUP
LOAD /Applications/STM32CubeIDE.app/Contents/Eclipse/plugins/com.st.stm32cube.ide.mcu.externaltools.gnu-tools-for-stm32.13.3.rel1.macos64_1.0.0.202411102158/tools/bin/../lib/gcc/arm-none-eabi/13.3.1/thumb/v7e-m+fp/hard/libgcc.a
LOAD /Applications/STM32CubeIDE.app/Contents/Eclipse/plugins/com.st.stm32cube.ide.mcu.externaltools.gnu-tools-for-stm32.13.3.rel1.macos64_1.0.0.202411102158/tools/bin/../lib/gcc/arm-none-eabi/13.3.1/../../../../arm-none-eabi/lib/thumb/v7e-m+fp/hard/libc_nano.a
LOAD /Applications/STM32CubeIDE.app/Contents/Eclipse/plugins/com.st.stm32cube.ide.mcu.externaltools.gnu-tools-for-stm32.13.3.rel1.macos64_1.0.0.202411102158/tools/bin/../lib/gcc/arm-none-eabi/13.3.1/../../../../arm-none-eabi/lib/thumb/v7e-m+fp/hard/libnosys.a
END GROUP
LOAD /Applications/STM32CubeIDE.app/Contents/Eclipse/plugins/com.st.stm32cube.ide.mcu.externaltools.gnu-tools-for-stm32.13.3.rel1.macos64_1.0.0.202411102158/tools/bin/../lib/gcc/arm-none-eabi/13.3.1/thumb/v7e-m+fp/hard/crtend.o
LOAD /Applications/STM32CubeIDE.app/Contents/Eclipse/plugins/com.st.stm32cube.ide.mcu.externaltools.gnu-tools-for-stm32.13.3.rel1.macos64_1.0.0.202411102158/tools/bin/../lib/gcc/arm-none-eabi/13.3.1/thumb/v7e-m+fp/hard/crtn.o
                0x20020000                        _estack = (ORIGIN (RAM) + LENGTH (RAM))
                0x00000200                        _Min_Heap_Size = 0x200
                0x00000400                        _Min_Stack_Size = 0x400

.isr_vector     0x08000000      0x1c4
                0x08000000                        . = ALIGN (0x4)
 *(.isr_vector)
 .isr_vector    0x08000000      0x1c4 ./Core/Startup/startup_stm32f446retx.o
                0x08000000                g_pfnVectors
                0x080001c4                        . = ALIGN (0x4)

.text           0x080001d0    0x11664
                0x080001d0                        . = ALIGN (0x4)
 *(.text)
 .text          0x080001d0       0x40 /Applications/STM32CubeIDE.app/Contents/Eclipse/plugins/com.st.stm32cube.ide.mcu.externaltools.gnu-tools-for-stm32.13.3.rel1.macos64_1.0.0.202411102158/tools/bin/../lib/gcc/arm-none-eabi/13.3.1/thumb/v7e-m+fp/hard/crtbegin.o
 .text          0x08000210       0xa0 /Applications/STM32CubeIDE.app/Contents/Eclipse/plugins/com.st.stm32cube.ide.mcu.externaltools.gnu-tools-for-stm32.13.3.rel1.macos64_1.0.0.202411102158/tools/bin/../lib/gcc/arm-none-eabi/13.3.1/../../../../arm-none-eabi/lib/thumb/v7e-m+fp/hard/libc_nano.a(libc_a-memchr.o)
                0x08000210                memchr
 .text          0x080002b0       0x10 /Applications/STM32CubeIDE.app/Contents/Eclipse/plugins/com.st.stm32cube.ide.mcu.externaltools.gnu-tools-for-stm32.13.3.rel1.macos64_1.0.0.202411102158/tools/bin/../lib/gcc/arm-none-eabi/13.3.1/../../../../arm-none-eabi/lib/thumb/v7e-m+fp/hard/libc_nano.a(libc_a-strlen.o)
                0x080002b0                strlen
 .text          0x080002c0      0x378 /Applications/STM32CubeIDE.app/Contents/Eclipse/plugins/com.st.stm32cube.ide.mcu.externaltools.gnu-tools-for-stm32.13.3.rel1.macos64_1.0.0.202411102158/tools/bin/../lib/gcc/arm-none-eabi/13.3.1/thumb/v7e-m+fp/hard/libgcc.a(_arm_addsubdf3.o)
                0x080002c0                __aeabi_drsub
                0x080002c8                __subdf3
                0x080002c8                __aeabi_dsub
                0x080002cc                __aeabi_dadd
                0x080002cc                __adddf3
                0x08000544                __aeabi_ui2d
                0x08000544                __floatunsidf
                0x08000564                __floatsidf
                0x08000564                __aeabi_i2d
                0x08000588                __extendsfdf2
                0x08000588                __aeabi_f2d
                0x080005cc                __aeabi_ul2d
                0x080005cc                __floatundidf
                0x080005dc                __aeabi_l2d
                0x080005dc                __floatdidf
 .text          0x08000638      0x424 /Applications/STM32CubeIDE.app/Contents/Eclipse/plugins/com.st.stm32cube.ide.mcu.externaltools.gnu-tools-for-stm32.13.3.rel1.macos64_1.0.0.202411102158/tools/bin/../lib/gcc/arm-none-eabi/13.3.1/thumb/v7e-m+fp/hard/libgcc.a(_arm_muldivdf3.o)
                0x08000638                __aeabi_dmul
                0x08000638                __muldf3
                0x0800088c                __aeabi_ddiv
                0x0800088c                __divdf3
 .text          0x08000a5c      0x110 /Applications/STM32CubeIDE.app/Contents/Eclipse/plugins/com.st.stm32cube.ide.mcu.externaltools.gnu-tools-for-stm32.13.3.rel1.macos64_1.0.0.202411102158/tools/bin/../lib/gcc/arm-none-eabi/13.3.1/thumb/v7e-m+fp/hard/libgcc.a(_arm_cmpdf2.o)
                0x08000a5c                __gedf2
                0x08000a5c                __gtdf2
                0x08000a64                __ledf2
                0x08000a64                __ltdf2
                0x08000a6c                __cmpdf2
                0x08000a6c                __eqdf2
                0x08000a6c                __nedf2
                0x08000ae8                __aeabi_cdrcmple
                0x08000af8                __aeabi_cdcmple
                0x08000af8                __aeabi_cdcmpeq
                0x08000b08                __aeabi_dcmpeq
                0x08000b1c                __aeabi_dcmplt
                0x08000b30                __aeabi_dcmple
                0x08000b44                __aeabi_dcmpge
                0x08000b58                __aeabi_dcmpgt
 .text          0x08000b6c       0x2c /Applications/STM32CubeIDE.app/Contents/Eclipse/plugins/com.st.stm32cube.ide.mcu.externaltools.gnu-tools-for-stm32.13.3.rel1.macos64_1.0.0.202411102158/tools/bin/../lib/gcc/arm-none-eabi/13.3.1/thumb/v7e-m+fp/hard/libgcc.a(_arm_unorddf2.o)
                0x08000b6c                __aeabi_dcmpun
                0x08000b6c                __unorddf2
 .text          0x08000b98       0x50 /Applications/STM32CubeIDE.app/Contents/Eclipse/plugins/com.st.stm32cube.ide.mcu.externaltools.gnu-tools-for-stm32.13.3.rel1.macos64_1.0.0.202411102158/tools/bin/../lib/gcc/arm-none-eabi/13.3.1/thumb/v7e-m+fp/hard/libgcc.a(_arm_fixdfsi.o)
                0x08000b98                __fixdfsi
                0x08000b98                __aeabi_d2iz
 .text          0x08000be8       0x40 /Applications/STM32CubeIDE.app/Contents/Eclipse/plugins/com.st.stm32cube.ide.mcu.externaltools.gnu-tools-for-stm32.13.3.rel1.macos64_1.0.0.202411102158/tools/bin/../lib/gcc/arm-none-eabi/13.3.1/thumb/v7e-m+fp/hard/libgcc.a(_arm_fixunsdfsi.o)
                0x08000be8                __fixunsdfsi
                0x08000be8                __aeabi_d2uiz
 .text          0x08000c28       0xa0 /Applications/STM32CubeIDE.app/Contents/Eclipse/plugins/com.st.stm32cube.ide.mcu.externaltools.gnu-tools-for-stm32.13.3.rel1.macos64_1.0.0.202411102158/tools/bin/../lib/gcc/arm-none-eabi/13.3.1/thumb/v7e-m+fp/hard/libgcc.a(_aeabi_ldivmod.o)
                0x08000c28                __aeabi_ldivmod
 .text          0x08000cc8       0x30 /Applications/STM32CubeIDE.app/Contents/Eclipse/plugins/com.st.stm32cube.ide.mcu.externaltools.gnu-tools-for-stm32.13.3.rel1.macos64_1.0.0.202411102158/tools/bin/../lib/gcc/arm-none-eabi/13.3.1/thumb/v7e-m+fp/hard/libgcc.a(_aeabi_uldivmod.o)
                0x08000cc8                __aeabi_uldivmod
 .text          0x08000cf8      0x2f8 /Applications/STM32CubeIDE.app/Contents/Eclipse/plugins/com.st.stm32cube.ide.mcu.externaltools.gnu-tools-for-stm32.13.3.rel1.macos64_1.0.0.202411102158/tools/bin/../lib/gcc/arm-none-eabi/13.3.1/thumb/v7e-m+fp/hard/libgcc.a(_udivmoddi4.o)
                0x08000cf8                __udivmoddi4
 .text          0x08000ff0        0x4 /Applications/STM32CubeIDE.app/Contents/Eclipse/plugins/com.st.stm32cube.ide.mcu.externaltools.gnu-tools-for-stm32.13.3.rel1.macos64_1.0.0.202411102158/tools/bin/../lib/gcc/arm-none-eabi/13.3.1/thumb/v7e-m+fp/hard/libgcc.a(_dvmd_tls.o)
                0x08000ff0                __aeabi_ldiv0
                0x08000ff0                __aeabi_idiv0
 *(.text*)
 .text.SX1272Init
                0x08000ff4       0xb0 ./Core/Inc/sx1272/sx1272.o
                0x08000ff4                SX1272Init
 .text.SX1272GetStatus
                0x080010a4       0x18 ./Core/Inc/sx1272/sx1272.o
                0x080010a4                SX1272GetStatus
 *fill*         0x080010bc        0x4 
 .text.SX1272SetChannel
                0x080010c0       0x6c ./Core/Inc/sx1272/sx1272.o
                0x080010c0                SX1272SetChannel
 .text.SX1272Random
                0x0800112c       0x5c ./Core/Inc/sx1272/sx1272.o
                0x0800112c                SX1272Random
 .text.GetFskBandwidthRegValue
                0x08001188       0x58 ./Core/Inc/sx1272/sx1272.o
 .text.SX1272SetRxConfig
                0x080011e0      0x3c8 ./Core/Inc/sx1272/sx1272.o
                0x080011e0                SX1272SetRxConfig
 .text.SX1272SetTxConfig
                0x080015a8      0x328 ./Core/Inc/sx1272/sx1272.o
                0x080015a8                SX1272SetTxConfig
 .text.SX1272GetTimeOnAir
                0x080018d0      0x370 ./Core/Inc/sx1272/sx1272.o
                0x080018d0                SX1272GetTimeOnAir
 .text.SX1272Send
                0x08001c40      0x158 ./Core/Inc/sx1272/sx1272.o
                0x08001c40                SX1272Send
 .text.SX1272SetSleep
                0x08001d98       0x34 ./Core/Inc/sx1272/sx1272.o
                0x08001d98                SX1272SetSleep
 .text.SX1272SetStby
                0x08001dcc       0x2c ./Core/Inc/sx1272/sx1272.o
                0x08001dcc                SX1272SetStby
 .text.SX1272SetRx
                0x08001df8      0x1c4 ./Core/Inc/sx1272/sx1272.o
                0x08001df8                SX1272SetRx
 .text.SX1272SetTx
                0x08001fbc       0xf4 ./Core/Inc/sx1272/sx1272.o
                0x08001fbc                SX1272SetTx
 .text.SX1272SetTxContinuousWave
                0x080020b0       0xa8 ./Core/Inc/sx1272/sx1272.o
                0x080020b0                SX1272SetTxContinuousWave
 .text.SX1272ReadRssi
                0x08002158       0x52 ./Core/Inc/sx1272/sx1272.o
                0x08002158                SX1272ReadRssi
 .text.SX1272SetOpMode
                0x080021aa       0x50 ./Core/Inc/sx1272/sx1272.o
                0x080021aa                SX1272SetOpMode
 *fill*         0x080021fa        0x2 
 .text.SX1272SetModem
                0x080021fc       0xa8 ./Core/Inc/sx1272/sx1272.o
                0x080021fc                SX1272SetModem
 .text.SX1272Write
                0x080022a4       0x24 ./Core/Inc/sx1272/sx1272.o
                0x080022a4                SX1272Write
 .text.SX1272Read
                0x080022c8       0x22 ./Core/Inc/sx1272/sx1272.o
                0x080022c8                SX1272Read
 *fill*         0x080022ea        0x2 
 .text.SX1272WriteBuffer
                0x080022ec       0x60 ./Core/Inc/sx1272/sx1272.o
                0x080022ec                SX1272WriteBuffer
 .text.SX1272ReadBuffer
                0x0800234c       0x60 ./Core/Inc/sx1272/sx1272.o
                0x0800234c                SX1272ReadBuffer
 .text.SX1272WriteFifo
                0x080023ac       0x20 ./Core/Inc/sx1272/sx1272.o
                0x080023ac                SX1272WriteFifo
 .text.SX1272ReadFifo
                0x080023cc       0x20 ./Core/Inc/sx1272/sx1272.o
                0x080023cc                SX1272ReadFifo
 .text.SX1272SetMaxPayloadLength
                0x080023ec       0x58 ./Core/Inc/sx1272/sx1272.o
                0x080023ec                SX1272SetMaxPayloadLength
 .text.SX1272SetPublicNetwork
                0x08002444       0x3c ./Core/Inc/sx1272/sx1272.o
                0x08002444                SX1272SetPublicNetwork
 .text.SX1272GetWakeupTime
                0x08002480       0x10 ./Core/Inc/sx1272/sx1272.o
                0x08002480                SX1272GetWakeupTime
 .text.SX1272OnTimeoutIrq
                0x08002490      0x144 ./Core/Inc/sx1272/sx1272.o
                0x08002490                SX1272OnTimeoutIrq
 .text.SX1272OnDio0Irq
                0x080025d4      0x1d4 ./Core/Inc/sx1272/sx1272.o
                0x080025d4                SX1272OnDio0Irq
 .text.SX1272OnDio1Irq
                0x080027a8       0x5c ./Core/Inc/sx1272/sx1272.o
                0x080027a8                SX1272OnDio1Irq
 .text.HAL_GPIO_EXTI_Callback
                0x08002804       0x64 ./Core/Inc/sx1272/sx1272.o
                0x08002804                HAL_GPIO_EXTI_Callback
 .text.SX1272SetBoardTcxo
                0x08002868       0x16 ./Core/Inc/sx1272/sx1272mb2das-board.o
                0x08002868                SX1272SetBoardTcxo
 .text.SX1272GetBoardTcxoWakeupTime
                0x0800287e       0x10 ./Core/Inc/sx1272/sx1272mb2das-board.o
                0x0800287e                SX1272GetBoardTcxoWakeupTime
 *fill*         0x0800288e        0x2 
 .text.SX1272Reset
                0x08002890       0x68 ./Core/Inc/sx1272/sx1272mb2das-board.o
                0x08002890                SX1272Reset
 .text.SX1272SetRfTxPower
                0x080028f8      0x144 ./Core/Inc/sx1272/sx1272mb2das-board.o
                0x080028f8                SX1272SetRfTxPower
 .text.SX1272GetPaSelect
                0x08002a3c       0x16 ./Core/Inc/sx1272/sx1272mb2das-board.o
 *fill*         0x08002a52        0x2 
 .text.SX1272SetAntSwLowPower
                0x08002a54       0x3c ./Core/Inc/sx1272/sx1272mb2das-board.o
                0x08002a54                SX1272SetAntSwLowPower
 .text.SX1272AntSwInit
                0x08002a90       0x64 ./Core/Inc/sx1272/sx1272mb2das-board.o
                0x08002a90                SX1272AntSwInit
 .text.SX1272AntSwDeInit
                0x08002af4       0x38 ./Core/Inc/sx1272/sx1272mb2das-board.o
                0x08002af4                SX1272AntSwDeInit
 .text.SX1272SetAntSw
                0x08002b2c       0x34 ./Core/Inc/sx1272/sx1272mb2das-board.o
                0x08002b2c                SX1272SetAntSw
 .text.SX1272CheckRfFrequency
                0x08002b60       0x16 ./Core/Inc/sx1272/sx1272mb2das-board.o
                0x08002b60                SX1272CheckRfFrequency
 *fill*         0x08002b76        0x2 
 .text.TimerInsertInList
                0x08002b78       0x88 ./Core/Inc/sx1272/timer.o
 .text.TimerRemoveFromList
                0x08002c00       0x78 ./Core/Inc/sx1272/timer.o
 .text.TimerInit
                0x08002c78       0x34 ./Core/Inc/sx1272/timer.o
                0x08002c78                TimerInit
 .text.TimerStart
                0x08002cac       0x80 ./Core/Inc/sx1272/timer.o
                0x08002cac                TimerStart
 .text.TimerStop
                0x08002d2c       0x3c ./Core/Inc/sx1272/timer.o
                0x08002d2c                TimerStop
 .text.TimerSetValue
                0x08002d68       0x2c ./Core/Inc/sx1272/timer.o
                0x08002d68                TimerSetValue
 .text.memcpy1  0x08002d94       0x38 ./Core/Inc/sx1272/utilities.o
                0x08002d94                memcpy1
 .text.CupSystem_Init
                0x08002dcc       0x2c ./Core/Src/cup_system.o
                0x08002dcc                CupSystem_Init
 .text.CupSystem_Update
                0x08002df8      0x104 ./Core/Src/cup_system.o
                0x08002df8                CupSystem_Update
 .text.HX711_IsReady
                0x08002efc       0x2c ./Core/Src/hx711.o
 .text.HX711_Init
                0x08002f28       0x5e ./Core/Src/hx711.o
                0x08002f28                HX711_Init
 .text.HX711_ReadRaw
                0x08002f86      0x126 ./Core/Src/hx711.o
                0x08002f86                HX711_ReadRaw
 .text.HX711_Tare
                0x080030ac       0x86 ./Core/Src/hx711.o
                0x080030ac                HX711_Tare
 *fill*         0x08003132        0x2 
 .text.HX711_DWT_Delay_Init
                0x08003134       0x34 ./Core/Src/hx711.o
 .text.HX711_DWT_Delay_us
                0x08003168       0x48 ./Core/Src/hx711.o
 .text._write   0x080031b0       0x2c ./Core/Src/main.o
                0x080031b0                _write
 .text.main     0x080031dc      0x53c ./Core/Src/main.o
                0x080031dc                main
 .text.SystemClock_Config
                0x08003718       0xdc ./Core/Src/main.o
                0x08003718                SystemClock_Config
 .text.MX_I2C1_Init
                0x080037f4       0x5c ./Core/Src/main.o
 .text.MX_SPI1_Init
                0x08003850       0x6c ./Core/Src/main.o
 .text.MX_TIM2_Init
                0x080038bc       0xec ./Core/Src/main.o
 .text.MX_TIM3_Init
                0x080039a8       0x9c ./Core/Src/main.o
 .text.MX_USART2_UART_Init
                0x08003a44       0x54 ./Core/Src/main.o
 .text.MX_GPIO_Init
                0x08003a98      0x23c ./Core/Src/main.o
 .text.LoRa_Init
                0x08003cd4       0x74 ./Core/Src/main.o
                0x08003cd4                LoRa_Init
 .text.LoRa_Send
                0x08003d48       0xac ./Core/Src/main.o
                0x08003d48                LoRa_Send
 .text.OnTxDone
                0x08003df4       0x28 ./Core/Src/main.o
 .text.OnTxTimeout
                0x08003e1c       0x1c ./Core/Src/main.o
 .text.generate_event_id
                0x08003e38      0x110 ./Core/Src/main.o
                0x08003e38                generate_event_id
 .text.SendLaserDataToServer
                0x08003f48       0xfc ./Core/Src/main.o
                0x08003f48                SendLaserDataToServer
 .text.SendDataToServer
                0x08004044       0x48 ./Core/Src/main.o
                0x08004044                SendDataToServer
 .text.SendUltraOverLoRa
                0x0800408c       0xf8 ./Core/Src/main.o
                0x0800408c                SendUltraOverLoRa
 .text.LoadCell_Init
                0x08004184       0x96 ./Core/Src/main.o
                0x08004184                LoadCell_Init
 .text.LoadCell_ResetAvg
                0x0800421a       0x42 ./Core/Src/main.o
                0x0800421a                LoadCell_ResetAvg
 .text.LoadCell_PushAvg
                0x0800425c       0xb0 ./Core/Src/main.o
                0x0800425c                LoadCell_PushAvg
 .text.LoadCell_IsSaturated
                0x0800430c       0x30 ./Core/Src/main.o
                0x0800430c                LoadCell_IsSaturated
 .text.LoadCell_Process
                0x0800433c       0xfc ./Core/Src/main.o
                0x0800433c                LoadCell_Process
 .text.__io_getchar
                0x08004438       0x24 ./Core/Src/main.o
                0x08004438                __io_getchar
 .text.Error_Handler
                0x0800445c        0xc ./Core/Src/main.o
                0x0800445c                Error_Handler
 .text.HAL_MspInit
                0x08004468       0x50 ./Core/Src/stm32f4xx_hal_msp.o
                0x08004468                HAL_MspInit
 .text.HAL_I2C_MspInit
                0x080044b8       0x90 ./Core/Src/stm32f4xx_hal_msp.o
                0x080044b8                HAL_I2C_MspInit
 .text.HAL_SPI_MspInit
                0x08004548       0x90 ./Core/Src/stm32f4xx_hal_msp.o
                0x08004548                HAL_SPI_MspInit
 .text.HAL_TIM_Base_MspInit
                0x080045d8       0x88 ./Core/Src/stm32f4xx_hal_msp.o
                0x080045d8                HAL_TIM_Base_MspInit
 .text.HAL_TIM_MspPostInit
                0x08004660       0x70 ./Core/Src/stm32f4xx_hal_msp.o
                0x08004660                HAL_TIM_MspPostInit
 .text.HAL_UART_MspInit
                0x080046d0       0x90 ./Core/Src/stm32f4xx_hal_msp.o
                0x080046d0                HAL_UART_MspInit
 .text.NMI_Handler
                0x08004760        0x8 ./Core/Src/stm32f4xx_it.o
                0x08004760                NMI_Handler
 .text.HardFault_Handler
                0x08004768        0x8 ./Core/Src/stm32f4xx_it.o
                0x08004768                HardFault_Handler
 .text.MemManage_Handler
                0x08004770        0x8 ./Core/Src/stm32f4xx_it.o
                0x08004770                MemManage_Handler
 .text.BusFault_Handler
                0x08004778        0x8 ./Core/Src/stm32f4xx_it.o
                0x08004778                BusFault_Handler
 .text.UsageFault_Handler
                0x08004780        0x8 ./Core/Src/stm32f4xx_it.o
                0x08004780                UsageFault_Handler
 .text.SVC_Handler
                0x08004788        0xe ./Core/Src/stm32f4xx_it.o
                0x08004788                SVC_Handler
 .text.DebugMon_Handler
                0x08004796        0xe ./Core/Src/stm32f4xx_it.o
                0x08004796                DebugMon_Handler
 .text.PendSV_Handler
                0x080047a4        0xe ./Core/Src/stm32f4xx_it.o
                0x080047a4                PendSV_Handler
 .text.SysTick_Handler
                0x080047b2        0xc ./Core/Src/stm32f4xx_it.o
                0x080047b2                SysTick_Handler
 .text.EXTI3_IRQHandler
                0x080047be        0xe ./Core/Src/stm32f4xx_it.o
                0x080047be                EXTI3_IRQHandler
 .text.TIM2_IRQHandler
                0x080047cc       0x14 ./Core/Src/stm32f4xx_it.o
                0x080047cc                TIM2_IRQHandler
 .text.TIM3_IRQHandler
                0x080047e0       0x14 ./Core/Src/stm32f4xx_it.o
                0x080047e0                TIM3_IRQHandler
 .text.EXTI15_10_IRQHandler
                0x080047f4       0x18 ./Core/Src/stm32f4xx_it.o
                0x080047f4                EXTI15_10_IRQHandler
 .text._getpid  0x0800480c       0x10 ./Core/Src/syscalls.o
                0x0800480c                _getpid
 .text._kill    0x0800481c       0x20 ./Core/Src/syscalls.o
                0x0800481c                _kill
 .text._exit    0x0800483c       0x16 ./Core/Src/syscalls.o
                0x0800483c                _exit
 .text._read    0x08004852       0x3a ./Core/Src/syscalls.o
                0x08004852                _read
 .text._close   0x0800488c       0x18 ./Core/Src/syscalls.o
                0x0800488c                _close
 .text._fstat   0x080048a4       0x20 ./Core/Src/syscalls.o
                0x080048a4                _fstat
 .text._isatty  0x080048c4       0x16 ./Core/Src/syscalls.o
                0x080048c4                _isatty
 .text._lseek   0x080048da       0x1a ./Core/Src/syscalls.o
                0x080048da                _lseek
 .text._sbrk    0x080048f4       0x6c ./Core/Src/sysmem.o
                0x080048f4                _sbrk
 .text.SystemInit
                0x08004960       0x24 ./Core/Src/system_stm32f4xx.o
                0x08004960                SystemInit
 .text.Ultra_Init
                0x08004984        0xc ./Core/Src/ultra.o
                0x08004984                Ultra_Init
 .text.US_Trigger10us
                0x08004990       0x3c ./Core/Src/ultra.o
 .text.US_MeasureEcho_us
                0x080049cc       0xa4 ./Core/Src/ultra.o
 .text.Ultra_GetDistance_CM
                0x08004a70       0x50 ./Core/Src/ultra.o
                0x08004a70                Ultra_GetDistance_CM
 .text.Ultra_CalibrateHeight
                0x08004ac0       0x6a ./Core/Src/ultra.o
                0x08004ac0                Ultra_CalibrateHeight
 *fill*         0x08004b2a        0x2 
 .text.DWT_DelayInit
                0x08004b2c       0x34 ./Core/Src/ultra.o
 .text.DWT_Delay_us
                0x08004b60       0x50 ./Core/Src/ultra.o
 .text.VL53L0X_WriteMulti
                0x08004bb0       0x84 ./Core/Src/vl53l0x_platform.o
                0x08004bb0                VL53L0X_WriteMulti
 .text.VL53L0X_ReadMulti
                0x08004c34       0x58 ./Core/Src/vl53l0x_platform.o
                0x08004c34                VL53L0X_ReadMulti
 .text.VL53L0X_WrByte
                0x08004c8c       0x26 ./Core/Src/vl53l0x_platform.o
                0x08004c8c                VL53L0X_WrByte
 .text.VL53L0X_RdByte
                0x08004cb2       0x24 ./Core/Src/vl53l0x_platform.o
                0x08004cb2                VL53L0X_RdByte
 .text.VL53L0X_WrWord
                0x08004cd6       0x38 ./Core/Src/vl53l0x_platform.o
                0x08004cd6                VL53L0X_WrWord
 .text.VL53L0X_RdWord
                0x08004d0e       0x42 ./Core/Src/vl53l0x_platform.o
                0x08004d0e                VL53L0X_RdWord
 .text.VL53L0X_RdDWord
                0x08004d50       0x44 ./Core/Src/vl53l0x_platform.o
                0x08004d50                VL53L0X_RdDWord
 .text.VL53L0X_PollingDelay
                0x08004d94       0x18 ./Core/Src/vl53l0x_platform.o
                0x08004d94                VL53L0X_PollingDelay
 .text.VL53L0X_UpdateByte
                0x08004dac       0x6a ./Core/Src/vl53l0x_platform.o
                0x08004dac                VL53L0X_UpdateByte
 .text.VL53L0X_Calibration
                0x08004e16       0x74 ./Core/Src/vl53l0x_wrapper.o
 *fill*         0x08004e8a        0x2 
 .text.VL53L0X_SetMode
                0x08004e8c      0x170 ./Core/Src/vl53l0x_wrapper.o
                0x08004e8c                VL53L0X_SetMode
 .text.VL53L0X_DeviceInit
                0x08004ffc       0x80 ./Core/Src/vl53l0x_wrapper.o
                0x08004ffc                VL53L0X_DeviceInit
 .text.VL53L0X_SingleMeasurement
                0x0800507c       0x40 ./Core/Src/vl53l0x_wrapper.o
                0x0800507c                VL53L0X_SingleMeasurement
 .text.Reset_Handler
                0x080050bc       0x50 ./Core/Startup/startup_stm32f446retx.o
                0x080050bc                Reset_Handler
 .text.Default_Handler
                0x0800510c        0x2 ./Core/Startup/startup_stm32f446retx.o
                0x0800510c                DMA1_Stream3_IRQHandler
                0x0800510c                EXTI2_IRQHandler
                0x0800510c                TIM8_CC_IRQHandler
                0x0800510c                FMPI2C1_EV_IRQHandler
                0x0800510c                SPI4_IRQHandler
                0x0800510c                TIM1_CC_IRQHandler
                0x0800510c                DMA2_Stream5_IRQHandler
                0x0800510c                DMA1_Stream5_IRQHandler
                0x0800510c                PVD_IRQHandler
                0x0800510c                SDIO_IRQHandler
                0x0800510c                TAMP_STAMP_IRQHandler
                0x0800510c                CAN2_RX1_IRQHandler
                0x0800510c                TIM8_TRG_COM_TIM14_IRQHandler
                0x0800510c                TIM1_UP_TIM10_IRQHandler
                0x0800510c                TIM8_UP_TIM13_IRQHandler
                0x0800510c                I2C3_ER_IRQHandler
                0x0800510c                EXTI0_IRQHandler
                0x0800510c                I2C2_EV_IRQHandler
                0x0800510c                DMA1_Stream2_IRQHandler
                0x0800510c                CAN1_RX0_IRQHandler
                0x0800510c                FPU_IRQHandler
                0x0800510c                OTG_HS_WKUP_IRQHandler
                0x0800510c                CAN2_SCE_IRQHandler
                0x0800510c                DMA2_Stream2_IRQHandler
                0x0800510c                SPI1_IRQHandler
                0x0800510c                TIM6_DAC_IRQHandler
                0x0800510c                TIM1_BRK_TIM9_IRQHandler
                0x0800510c                DCMI_IRQHandler
                0x0800510c                CAN2_RX0_IRQHandler
                0x0800510c                DMA2_Stream3_IRQHandler
                0x0800510c                SAI2_IRQHandler
                0x0800510c                USART6_IRQHandler
                0x0800510c                USART3_IRQHandler
                0x0800510c                CAN1_RX1_IRQHandler
                0x0800510c                UART5_IRQHandler
                0x0800510c                DMA2_Stream0_IRQHandler
                0x0800510c                TIM4_IRQHandler
                0x0800510c                QUADSPI_IRQHandler
                0x0800510c                I2C1_EV_IRQHandler
                0x0800510c                DMA1_Stream6_IRQHandler
                0x0800510c                DMA1_Stream1_IRQHandler
                0x0800510c                UART4_IRQHandler
                0x0800510c                RCC_IRQHandler
                0x0800510c                TIM8_BRK_TIM12_IRQHandler
                0x0800510c                Default_Handler
                0x0800510c                CEC_IRQHandler
                0x0800510c                ADC_IRQHandler
                0x0800510c                DMA1_Stream7_IRQHandler
                0x0800510c                TIM7_IRQHandler
                0x0800510c                CAN2_TX_IRQHandler
                0x0800510c                TIM5_IRQHandler
                0x0800510c                DMA2_Stream7_IRQHandler
                0x0800510c                I2C3_EV_IRQHandler
                0x0800510c                EXTI9_5_IRQHandler
                0x0800510c                RTC_WKUP_IRQHandler
                0x0800510c                SPDIF_RX_IRQHandler
                0x0800510c                SPI2_IRQHandler
                0x0800510c                OTG_HS_EP1_IN_IRQHandler
                0x0800510c                DMA1_Stream0_IRQHandler
                0x0800510c                CAN1_TX_IRQHandler
                0x0800510c                FMPI2C1_ER_IRQHandler
                0x0800510c                EXTI4_IRQHandler
                0x0800510c                OTG_HS_EP1_OUT_IRQHandler
                0x0800510c                WWDG_IRQHandler
                0x0800510c                OTG_FS_WKUP_IRQHandler
                0x0800510c                TIM1_TRG_COM_TIM11_IRQHandler
                0x0800510c                OTG_HS_IRQHandler
                0x0800510c                EXTI1_IRQHandler
                0x0800510c                USART2_IRQHandler
                0x0800510c                I2C2_ER_IRQHandler
                0x0800510c                DMA2_Stream1_IRQHandler
                0x0800510c                CAN1_SCE_IRQHandler
                0x0800510c                FLASH_IRQHandler
                0x0800510c                DMA2_Stream4_IRQHandler
                0x0800510c                USART1_IRQHandler
                0x0800510c                OTG_FS_IRQHandler
                0x0800510c                SPI3_IRQHandler
                0x0800510c                DMA1_Stream4_IRQHandler
                0x0800510c                I2C1_ER_IRQHandler
                0x0800510c                FMC_IRQHandler
                0x0800510c                DMA2_Stream6_IRQHandler
                0x0800510c                SAI1_IRQHandler
                0x0800510c                RTC_Alarm_IRQHandler
 *fill*         0x0800510e        0x2 
 .text.HAL_Init
                0x08005110       0x44 ./Drivers/STM32F4xx_HAL_Driver/Src/stm32f4xx_hal.o
                0x08005110                HAL_Init
 .text.HAL_InitTick
                0x08005154       0x60 ./Drivers/STM32F4xx_HAL_Driver/Src/stm32f4xx_hal.o
                0x08005154                HAL_InitTick
 .text.HAL_IncTick
                0x080051b4       0x28 ./Drivers/STM32F4xx_HAL_Driver/Src/stm32f4xx_hal.o
                0x080051b4                HAL_IncTick
 .text.HAL_GetTick
                0x080051dc       0x18 ./Drivers/STM32F4xx_HAL_Driver/Src/stm32f4xx_hal.o
                0x080051dc                HAL_GetTick
 .text.HAL_Delay
                0x080051f4       0x48 ./Drivers/STM32F4xx_HAL_Driver/Src/stm32f4xx_hal.o
                0x080051f4                HAL_Delay
 .text.__NVIC_SetPriorityGrouping
                0x0800523c       0x48 ./Drivers/STM32F4xx_HAL_Driver/Src/stm32f4xx_hal_cortex.o
 .text.__NVIC_GetPriorityGrouping
                0x08005284       0x1c ./Drivers/STM32F4xx_HAL_Driver/Src/stm32f4xx_hal_cortex.o
 .text.__NVIC_EnableIRQ
                0x080052a0       0x3c ./Drivers/STM32F4xx_HAL_Driver/Src/stm32f4xx_hal_cortex.o
 .text.__NVIC_SetPriority
                0x080052dc       0x54 ./Drivers/STM32F4xx_HAL_Driver/Src/stm32f4xx_hal_cortex.o
 .text.NVIC_EncodePriority
                0x08005330       0x66 ./Drivers/STM32F4xx_HAL_Driver/Src/stm32f4xx_hal_cortex.o
 *fill*         0x08005396        0x2 
 .text.SysTick_Config
                0x08005398       0x44 ./Drivers/STM32F4xx_HAL_Driver/Src/stm32f4xx_hal_cortex.o
 .text.HAL_NVIC_SetPriorityGrouping
                0x080053dc       0x16 ./Drivers/STM32F4xx_HAL_Driver/Src/stm32f4xx_hal_cortex.o
                0x080053dc                HAL_NVIC_SetPriorityGrouping
 .text.HAL_NVIC_SetPriority
                0x080053f2       0x38 ./Drivers/STM32F4xx_HAL_Driver/Src/stm32f4xx_hal_cortex.o
                0x080053f2                HAL_NVIC_SetPriority
 .text.HAL_NVIC_EnableIRQ
                0x0800542a       0x1c ./Drivers/STM32F4xx_HAL_Driver/Src/stm32f4xx_hal_cortex.o
                0x0800542a                HAL_NVIC_EnableIRQ
 .text.HAL_SYSTICK_Config
                0x08005446       0x18 ./Drivers/STM32F4xx_HAL_Driver/Src/stm32f4xx_hal_cortex.o
                0x08005446                HAL_SYSTICK_Config
 *fill*         0x0800545e        0x2 
 .text.HAL_GPIO_Init
                0x08005460      0x328 ./Drivers/STM32F4xx_HAL_Driver/Src/stm32f4xx_hal_gpio.o
                0x08005460                HAL_GPIO_Init
 .text.HAL_GPIO_ReadPin
                0x08005788       0x30 ./Drivers/STM32F4xx_HAL_Driver/Src/stm32f4xx_hal_gpio.o
                0x08005788                HAL_GPIO_ReadPin
 .text.HAL_GPIO_WritePin
                0x080057b8       0x32 ./Drivers/STM32F4xx_HAL_Driver/Src/stm32f4xx_hal_gpio.o
                0x080057b8                HAL_GPIO_WritePin
 *fill*         0x080057ea        0x2 
 .text.HAL_GPIO_EXTI_IRQHandler
                0x080057ec       0x30 ./Drivers/STM32F4xx_HAL_Driver/Src/stm32f4xx_hal_gpio.o
                0x080057ec                HAL_GPIO_EXTI_IRQHandler
 .text.HAL_I2C_Init
                0x0800581c      0x288 ./Drivers/STM32F4xx_HAL_Driver/Src/stm32f4xx_hal_i2c.o
                0x0800581c                HAL_I2C_Init
 .text.HAL_I2C_Master_Transmit
                0x08005aa4      0x1fc ./Drivers/STM32F4xx_HAL_Driver/Src/stm32f4xx_hal_i2c.o
                0x08005aa4                HAL_I2C_Master_Transmit
 .text.HAL_I2C_Mem_Read
                0x08005ca0      0x464 ./Drivers/STM32F4xx_HAL_Driver/Src/stm32f4xx_hal_i2c.o
                0x08005ca0                HAL_I2C_Mem_Read
 .text.I2C_MasterRequestWrite
                0x08006104      0x104 ./Drivers/STM32F4xx_HAL_Driver/Src/stm32f4xx_hal_i2c.o
 .text.I2C_RequestMemoryRead
                0x08006208      0x1d0 ./Drivers/STM32F4xx_HAL_Driver/Src/stm32f4xx_hal_i2c.o
 .text.I2C_WaitOnFlagUntilTimeout
                0x080063d8       0xf4 ./Drivers/STM32F4xx_HAL_Driver/Src/stm32f4xx_hal_i2c.o
 .text.I2C_WaitOnMasterAddressFlagUntilTimeout
                0x080064cc      0x140 ./Drivers/STM32F4xx_HAL_Driver/Src/stm32f4xx_hal_i2c.o
 .text.I2C_WaitOnTXEFlagUntilTimeout
                0x0800660c       0x90 ./Drivers/STM32F4xx_HAL_Driver/Src/stm32f4xx_hal_i2c.o
 .text.I2C_WaitOnBTFFlagUntilTimeout
                0x0800669c       0x90 ./Drivers/STM32F4xx_HAL_Driver/Src/stm32f4xx_hal_i2c.o
 .text.I2C_WaitOnRXNEFlagUntilTimeout
                0x0800672c       0xba ./Drivers/STM32F4xx_HAL_Driver/Src/stm32f4xx_hal_i2c.o
 .text.I2C_IsAcknowledgeFailed
                0x080067e6       0x5e ./Drivers/STM32F4xx_HAL_Driver/Src/stm32f4xx_hal_i2c.o
 .text.HAL_RCC_ClockConfig
                0x08006844      0x1cc ./Drivers/STM32F4xx_HAL_Driver/Src/stm32f4xx_hal_rcc.o
                0x08006844                HAL_RCC_ClockConfig
 .text.HAL_RCC_GetHCLKFreq
                0x08006a10       0x18 ./Drivers/STM32F4xx_HAL_Driver/Src/stm32f4xx_hal_rcc.o
                0x08006a10                HAL_RCC_GetHCLKFreq
 .text.HAL_RCC_GetPCLK1Freq
                0x08006a28       0x28 ./Drivers/STM32F4xx_HAL_Driver/Src/stm32f4xx_hal_rcc.o
                0x08006a28                HAL_RCC_GetPCLK1Freq
 .text.HAL_RCC_GetPCLK2Freq
                0x08006a50       0x28 ./Drivers/STM32F4xx_HAL_Driver/Src/stm32f4xx_hal_rcc.o
                0x08006a50                HAL_RCC_GetPCLK2Freq
 .text.HAL_RCC_GetSysClockFreq
                0x08006a78      0x460 ./Drivers/STM32F4xx_HAL_Driver/Src/stm32f4xx_hal_rcc_ex.o
                0x08006a78                HAL_RCC_GetSysClockFreq
 .text.HAL_RCC_OscConfig
                0x08006ed8      0x53c ./Drivers/STM32F4xx_HAL_Driver/Src/stm32f4xx_hal_rcc_ex.o
                0x08006ed8                HAL_RCC_OscConfig
 .text.HAL_SPI_Init
                0x08007414      0x112 ./Drivers/STM32F4xx_HAL_Driver/Src/stm32f4xx_hal_spi.o
                0x08007414                HAL_SPI_Init
 .text.HAL_SPI_Transmit
                0x08007526      0x288 ./Drivers/STM32F4xx_HAL_Driver/Src/stm32f4xx_hal_spi.o
                0x08007526                HAL_SPI_Transmit
 .text.HAL_SPI_Receive
                0x080077ae      0x232 ./Drivers/STM32F4xx_HAL_Driver/Src/stm32f4xx_hal_spi.o
                0x080077ae                HAL_SPI_Receive
 .text.HAL_SPI_TransmitReceive
                0x080079e0      0x352 ./Drivers/STM32F4xx_HAL_Driver/Src/stm32f4xx_hal_spi.o
                0x080079e0                HAL_SPI_TransmitReceive
 *fill*         0x08007d32        0x2 
 .text.SPI_WaitFlagStateUntilTimeout
                0x08007d34      0x110 ./Drivers/STM32F4xx_HAL_Driver/Src/stm32f4xx_hal_spi.o
 .text.SPI_EndRxTransaction
                0x08007e44       0xca ./Drivers/STM32F4xx_HAL_Driver/Src/stm32f4xx_hal_spi.o
 *fill*         0x08007f0e        0x2 
 .text.SPI_EndRxTxTransaction
                0x08007f10       0xa8 ./Drivers/STM32F4xx_HAL_Driver/Src/stm32f4xx_hal_spi.o
 .text.HAL_TIM_Base_Init
                0x08007fb8       0x9e ./Drivers/STM32F4xx_HAL_Driver/Src/stm32f4xx_hal_tim.o
                0x08007fb8                HAL_TIM_Base_Init
 *fill*         0x08008056        0x2 
 .text.HAL_TIM_Base_Start_IT
                0x08008058       0xe0 ./Drivers/STM32F4xx_HAL_Driver/Src/stm32f4xx_hal_tim.o
                0x08008058                HAL_TIM_Base_Start_IT
 .text.HAL_TIM_Base_Stop_IT
                0x08008138       0x5e ./Drivers/STM32F4xx_HAL_Driver/Src/stm32f4xx_hal_tim.o
                0x08008138                HAL_TIM_Base_Stop_IT
 .text.HAL_TIM_PWM_Init
                0x08008196       0x9e ./Drivers/STM32F4xx_HAL_Driver/Src/stm32f4xx_hal_tim.o
                0x08008196                HAL_TIM_PWM_Init
 .text.HAL_TIM_PWM_MspInit
                0x08008234       0x14 ./Drivers/STM32F4xx_HAL_Driver/Src/stm32f4xx_hal_tim.o
                0x08008234                HAL_TIM_PWM_MspInit
 .text.HAL_TIM_PWM_Start
                0x08008248      0x190 ./Drivers/STM32F4xx_HAL_Driver/Src/stm32f4xx_hal_tim.o
                0x08008248                HAL_TIM_PWM_Start
 .text.HAL_TIM_IRQHandler
                0x080083d8      0x1e0 ./Drivers/STM32F4xx_HAL_Driver/Src/stm32f4xx_hal_tim.o
                0x080083d8                HAL_TIM_IRQHandler
 .text.HAL_TIM_PWM_ConfigChannel
                0x080085b8      0x184 ./Drivers/STM32F4xx_HAL_Driver/Src/stm32f4xx_hal_tim.o
                0x080085b8                HAL_TIM_PWM_ConfigChannel
 .text.HAL_TIM_ConfigClockSource
                0x0800873c      0x18e ./Drivers/STM32F4xx_HAL_Driver/Src/stm32f4xx_hal_tim.o
                0x0800873c                HAL_TIM_ConfigClockSource
 .text.HAL_TIM_PeriodElapsedCallback
                0x080088ca       0x14 ./Drivers/STM32F4xx_HAL_Driver/Src/stm32f4xx_hal_tim.o
                0x080088ca                HAL_TIM_PeriodElapsedCallback
 .text.HAL_TIM_OC_DelayElapsedCallback
                0x080088de       0x14 ./Drivers/STM32F4xx_HAL_Driver/Src/stm32f4xx_hal_tim.o
                0x080088de                HAL_TIM_OC_DelayElapsedCallback
 .text.HAL_TIM_IC_CaptureCallback
                0x080088f2       0x14 ./Drivers/STM32F4xx_HAL_Driver/Src/stm32f4xx_hal_tim.o
                0x080088f2                HAL_TIM_IC_CaptureCallback
 .text.HAL_TIM_PWM_PulseFinishedCallback
                0x08008906       0x14 ./Drivers/STM32F4xx_HAL_Driver/Src/stm32f4xx_hal_tim.o
                0x08008906                HAL_TIM_PWM_PulseFinishedCallback
 .text.HAL_TIM_TriggerCallback
                0x0800891a       0x14 ./Drivers/STM32F4xx_HAL_Driver/Src/stm32f4xx_hal_tim.o
                0x0800891a                HAL_TIM_TriggerCallback
 *fill*         0x0800892e        0x2 
 .text.TIM_Base_SetConfig
                0x08008930      0x14c ./Drivers/STM32F4xx_HAL_Driver/Src/stm32f4xx_hal_tim.o
                0x08008930                TIM_Base_SetConfig
 .text.TIM_OC1_SetConfig
                0x08008a7c       0xe0 ./Drivers/STM32F4xx_HAL_Driver/Src/stm32f4xx_hal_tim.o
 .text.TIM_OC2_SetConfig
                0x08008b5c       0xec ./Drivers/STM32F4xx_HAL_Driver/Src/stm32f4xx_hal_tim.o
                0x08008b5c                TIM_OC2_SetConfig
 .text.TIM_OC3_SetConfig
                0x08008c48       0xe8 ./Drivers/STM32F4xx_HAL_Driver/Src/stm32f4xx_hal_tim.o
 .text.TIM_OC4_SetConfig
                0x08008d30       0xac ./Drivers/STM32F4xx_HAL_Driver/Src/stm32f4xx_hal_tim.o
 .text.TIM_TI1_ConfigInputStage
                0x08008ddc       0x5e ./Drivers/STM32F4xx_HAL_Driver/Src/stm32f4xx_hal_tim.o
 .text.TIM_TI2_ConfigInputStage
                0x08008e3a       0x60 ./Drivers/STM32F4xx_HAL_Driver/Src/stm32f4xx_hal_tim.o
 .text.TIM_ITRx_SetConfig
                0x08008e9a       0x36 ./Drivers/STM32F4xx_HAL_Driver/Src/stm32f4xx_hal_tim.o
 .text.TIM_ETR_SetConfig
                0x08008ed0       0x40 ./Drivers/STM32F4xx_HAL_Driver/Src/stm32f4xx_hal_tim.o
                0x08008ed0                TIM_ETR_SetConfig
 .text.TIM_CCxChannelCmd
                0x08008f10       0x4a ./Drivers/STM32F4xx_HAL_Driver/Src/stm32f4xx_hal_tim.o
                0x08008f10                TIM_CCxChannelCmd
 *fill*         0x08008f5a        0x2 
 .text.HAL_TIMEx_MasterConfigSynchronization
                0x08008f5c       0xf8 ./Drivers/STM32F4xx_HAL_Driver/Src/stm32f4xx_hal_tim_ex.o
                0x08008f5c                HAL_TIMEx_MasterConfigSynchronization
 .text.HAL_TIMEx_CommutCallback
                0x08009054       0x14 ./Drivers/STM32F4xx_HAL_Driver/Src/stm32f4xx_hal_tim_ex.o
                0x08009054                HAL_TIMEx_CommutCallback
 .text.HAL_TIMEx_BreakCallback
                0x08009068       0x14 ./Drivers/STM32F4xx_HAL_Driver/Src/stm32f4xx_hal_tim_ex.o
                0x08009068                HAL_TIMEx_BreakCallback
 .text.HAL_UART_Init
                0x0800907c       0xa0 ./Drivers/STM32F4xx_HAL_Driver/Src/stm32f4xx_hal_uart.o
                0x0800907c                HAL_UART_Init
 .text.HAL_UART_Transmit
                0x0800911c      0x116 ./Drivers/STM32F4xx_HAL_Driver/Src/stm32f4xx_hal_uart.o
                0x0800911c                HAL_UART_Transmit
 .text.HAL_UART_Receive
                0x08009232      0x12e ./Drivers/STM32F4xx_HAL_Driver/Src/stm32f4xx_hal_uart.o
                0x08009232                HAL_UART_Receive
 .text.UART_WaitOnFlagUntilTimeout
                0x08009360       0xb2 ./Drivers/STM32F4xx_HAL_Driver/Src/stm32f4xx_hal_uart.o
 .text.UART_EndRxTransfer
                0x08009412       0xc6 ./Drivers/STM32F4xx_HAL_Driver/Src/stm32f4xx_hal_uart.o
 .text.UART_SetConfig
                0x080094d8      0x4e8 ./Drivers/STM32F4xx_HAL_Driver/Src/stm32f4xx_hal_uart.o
 .text.VL53L0X_GetDeviceInfo
                0x080099c0       0x26 ./Drivers/VL53L0X/core/src/vl53l0x_api.o
                0x080099c0                VL53L0X_GetDeviceInfo
 .text.VL53L0X_GetOffsetCalibrationDataMicroMeter
                0x080099e6       0x26 ./Drivers/VL53L0X/core/src/vl53l0x_api.o
                0x080099e6                VL53L0X_GetOffsetCalibrationDataMicroMeter
 .text.VL53L0X_DataInit
                0x08009a0c      0x2c8 ./Drivers/VL53L0X/core/src/vl53l0x_api.o
                0x08009a0c                VL53L0X_DataInit
 .text.VL53L0X_StaticInit
                0x08009cd4      0x300 ./Drivers/VL53L0X/core/src/vl53l0x_api.o
                0x08009cd4                VL53L0X_StaticInit
 .text.VL53L0X_GetDeviceParameters
                0x08009fd4      0x120 ./Drivers/VL53L0X/core/src/vl53l0x_api.o
                0x08009fd4                VL53L0X_GetDeviceParameters
 .text.VL53L0X_SetDeviceMode
                0x0800a0f4       0x58 ./Drivers/VL53L0X/core/src/vl53l0x_api.o
                0x0800a0f4                VL53L0X_SetDeviceMode
 .text.VL53L0X_GetDeviceMode
                0x0800a14c       0x26 ./Drivers/VL53L0X/core/src/vl53l0x_api.o
                0x0800a14c                VL53L0X_GetDeviceMode
 .text.VL53L0X_GetFractionEnable
                0x0800a172       0x3e ./Drivers/VL53L0X/core/src/vl53l0x_api.o
                0x0800a172                VL53L0X_GetFractionEnable
 .text.VL53L0X_SetMeasurementTimingBudgetMicroSeconds
                0x0800a1b0       0x26 ./Drivers/VL53L0X/core/src/vl53l0x_api.o
                0x0800a1b0                VL53L0X_SetMeasurementTimingBudgetMicroSeconds
 .text.VL53L0X_GetMeasurementTimingBudgetMicroSeconds
                0x0800a1d6       0x26 ./Drivers/VL53L0X/core/src/vl53l0x_api.o
                0x0800a1d6                VL53L0X_GetMeasurementTimingBudgetMicroSeconds
 .text.VL53L0X_SetVcselPulsePeriod
                0x0800a1fc       0x30 ./Drivers/VL53L0X/core/src/vl53l0x_api.o
                0x0800a1fc                VL53L0X_SetVcselPulsePeriod
 .text.VL53L0X_GetVcselPulsePeriod
                0x0800a22c       0x2e ./Drivers/VL53L0X/core/src/vl53l0x_api.o
                0x0800a22c                VL53L0X_GetVcselPulsePeriod
 *fill*         0x0800a25a        0x2 
 .text.VL53L0X_SetSequenceStepEnable
                0x0800a25c      0x140 ./Drivers/VL53L0X/core/src/vl53l0x_api.o
                0x0800a25c                VL53L0X_SetSequenceStepEnable
 .text.sequence_step_enabled
                0x0800a39c       0xa4 ./Drivers/VL53L0X/core/src/vl53l0x_api.o
                0x0800a39c                sequence_step_enabled
 .text.VL53L0X_GetSequenceStepEnables
                0x0800a440       0xb0 ./Drivers/VL53L0X/core/src/vl53l0x_api.o
                0x0800a440                VL53L0X_GetSequenceStepEnables
 .text.VL53L0X_GetInterMeasurementPeriodMilliSeconds
                0x0800a4f0       0x68 ./Drivers/VL53L0X/core/src/vl53l0x_api.o
                0x0800a4f0                VL53L0X_GetInterMeasurementPeriodMilliSeconds
 .text.VL53L0X_GetXTalkCompensationEnable
                0x0800a558       0x2a ./Drivers/VL53L0X/core/src/vl53l0x_api.o
                0x0800a558                VL53L0X_GetXTalkCompensationEnable
 .text.VL53L0X_GetXTalkCompensationRateMegaCps
                0x0800a582       0x66 ./Drivers/VL53L0X/core/src/vl53l0x_api.o
                0x0800a582                VL53L0X_GetXTalkCompensationRateMegaCps
 .text.VL53L0X_SetLimitCheckEnable
                0x0800a5e8      0x118 ./Drivers/VL53L0X/core/src/vl53l0x_api.o
                0x0800a5e8                VL53L0X_SetLimitCheckEnable
 .text.VL53L0X_GetLimitCheckEnable
                0x0800a700       0x46 ./Drivers/VL53L0X/core/src/vl53l0x_api.o
                0x0800a700                VL53L0X_GetLimitCheckEnable
 *fill*         0x0800a746        0x2 
 .text.VL53L0X_SetLimitCheckValue
                0x0800a748       0xc4 ./Drivers/VL53L0X/core/src/vl53l0x_api.o
                0x0800a748                VL53L0X_SetLimitCheckValue
 .text.VL53L0X_GetLimitCheckValue
                0x0800a80c      0x11c ./Drivers/VL53L0X/core/src/vl53l0x_api.o
                0x0800a80c                VL53L0X_GetLimitCheckValue
 .text.VL53L0X_GetWrapAroundCheckEnable
                0x0800a928       0x64 ./Drivers/VL53L0X/core/src/vl53l0x_api.o
                0x0800a928                VL53L0X_GetWrapAroundCheckEnable
 .text.VL53L0X_PerformSingleMeasurement
                0x0800a98c       0x68 ./Drivers/VL53L0X/core/src/vl53l0x_api.o
                0x0800a98c                VL53L0X_PerformSingleMeasurement
 .text.VL53L0X_PerformRefCalibration
                0x0800a9f4       0x2c ./Drivers/VL53L0X/core/src/vl53l0x_api.o
                0x0800a9f4                VL53L0X_PerformRefCalibration
 .text.VL53L0X_CheckAndLoadInterruptSettings
                0x0800aa20       0xcc ./Drivers/VL53L0X/core/src/vl53l0x_api.o
                0x0800aa20                VL53L0X_CheckAndLoadInterruptSettings
 .text.VL53L0X_StartMeasurement
                0x0800aaec      0x184 ./Drivers/VL53L0X/core/src/vl53l0x_api.o
                0x0800aaec                VL53L0X_StartMeasurement
 .text.VL53L0X_GetMeasurementDataReady
                0x0800ac70       0x80 ./Drivers/VL53L0X/core/src/vl53l0x_api.o
                0x0800ac70                VL53L0X_GetMeasurementDataReady
 .text.VL53L0X_GetRangingMeasurementData
                0x0800acf0      0x238 ./Drivers/VL53L0X/core/src/vl53l0x_api.o
                0x0800acf0                VL53L0X_GetRangingMeasurementData
 .text.VL53L0X_PerformSingleRangingMeasurement
                0x0800af28       0x60 ./Drivers/VL53L0X/core/src/vl53l0x_api.o
                0x0800af28                VL53L0X_PerformSingleRangingMeasurement
 .text.VL53L0X_SetGpioConfig
                0x0800af88      0x244 ./Drivers/VL53L0X/core/src/vl53l0x_api.o
                0x0800af88                VL53L0X_SetGpioConfig
 .text.VL53L0X_GetInterruptThresholds
                0x0800b1cc       0x68 ./Drivers/VL53L0X/core/src/vl53l0x_api.o
                0x0800b1cc                VL53L0X_GetInterruptThresholds
 .text.VL53L0X_ClearInterruptMask
                0x0800b234       0x80 ./Drivers/VL53L0X/core/src/vl53l0x_api.o
                0x0800b234                VL53L0X_ClearInterruptMask
 .text.VL53L0X_GetInterruptMaskStatus
                0x0800b2b4       0x44 ./Drivers/VL53L0X/core/src/vl53l0x_api.o
                0x0800b2b4                VL53L0X_GetInterruptMaskStatus
 .text.VL53L0X_PerformRefSpadManagement
                0x0800b2f8       0x2a ./Drivers/VL53L0X/core/src/vl53l0x_api.o
                0x0800b2f8                VL53L0X_PerformRefSpadManagement
 .text.VL53L0X_get_offset_calibration_data_micro_meter
                0x0800b322       0x7e ./Drivers/VL53L0X/core/src/vl53l0x_api_calibration.o
                0x0800b322                VL53L0X_get_offset_calibration_data_micro_meter
 .text.get_next_good_spad
                0x0800b3a0       0xbc ./Drivers/VL53L0X/core/src/vl53l0x_api_calibration.o
                0x0800b3a0                get_next_good_spad
 .text.is_aperture
                0x0800b45c       0x34 ./Drivers/VL53L0X/core/src/vl53l0x_api_calibration.o
                0x0800b45c                is_aperture
 .text.enable_spad_bit
                0x0800b490       0x70 ./Drivers/VL53L0X/core/src/vl53l0x_api_calibration.o
                0x0800b490                enable_spad_bit
 .text.set_ref_spad_map
                0x0800b500       0x26 ./Drivers/VL53L0X/core/src/vl53l0x_api_calibration.o
                0x0800b500                set_ref_spad_map
 .text.get_ref_spad_map
                0x0800b526       0x26 ./Drivers/VL53L0X/core/src/vl53l0x_api_calibration.o
                0x0800b526                get_ref_spad_map
 .text.enable_ref_spads
                0x0800b54c       0xf8 ./Drivers/VL53L0X/core/src/vl53l0x_api_calibration.o
                0x0800b54c                enable_ref_spads
 .text.perform_ref_signal_measurement
                0x0800b644       0xd4 ./Drivers/VL53L0X/core/src/vl53l0x_api_calibration.o
                0x0800b644                perform_ref_signal_measurement
 .text.VL53L0X_perform_ref_spad_management
                0x0800b718      0x418 ./Drivers/VL53L0X/core/src/vl53l0x_api_calibration.o
                0x0800b718                VL53L0X_perform_ref_spad_management
 .text.VL53L0X_set_reference_spads
                0x0800bb30      0x14a ./Drivers/VL53L0X/core/src/vl53l0x_api_calibration.o
                0x0800bb30                VL53L0X_set_reference_spads
 .text.VL53L0X_perform_single_ref_calibration
                0x0800bc7a       0x76 ./Drivers/VL53L0X/core/src/vl53l0x_api_calibration.o
                0x0800bc7a                VL53L0X_perform_single_ref_calibration
 .text.VL53L0X_ref_calibration_io
                0x0800bcf0      0x132 ./Drivers/VL53L0X/core/src/vl53l0x_api_calibration.o
                0x0800bcf0                VL53L0X_ref_calibration_io
 .text.VL53L0X_perform_vhv_calibration
                0x0800be22       0xce ./Drivers/VL53L0X/core/src/vl53l0x_api_calibration.o
                0x0800be22                VL53L0X_perform_vhv_calibration
 .text.VL53L0X_perform_phase_calibration
                0x0800bef0       0xca ./Drivers/VL53L0X/core/src/vl53l0x_api_calibration.o
                0x0800bef0                VL53L0X_perform_phase_calibration
 .text.VL53L0X_perform_ref_calibration
                0x0800bfba       0x7a ./Drivers/VL53L0X/core/src/vl53l0x_api_calibration.o
                0x0800bfba                VL53L0X_perform_ref_calibration
 .text.VL53L0X_measurement_poll_for_completion
                0x0800c034       0x60 ./Drivers/VL53L0X/core/src/vl53l0x_api_core.o
                0x0800c034                VL53L0X_measurement_poll_for_completion
 .text.VL53L0X_decode_vcsel_period
                0x0800c094       0x26 ./Drivers/VL53L0X/core/src/vl53l0x_api_core.o
                0x0800c094                VL53L0X_decode_vcsel_period
 .text.VL53L0X_encode_vcsel_period
                0x0800c0ba       0x26 ./Drivers/VL53L0X/core/src/vl53l0x_api_core.o
                0x0800c0ba                VL53L0X_encode_vcsel_period
 .text.VL53L0X_isqrt
                0x0800c0e0       0x68 ./Drivers/VL53L0X/core/src/vl53l0x_api_core.o
                0x0800c0e0                VL53L0X_isqrt
 .text.VL53L0X_device_read_strobe
                0x0800c148       0x86 ./Drivers/VL53L0X/core/src/vl53l0x_api_core.o
                0x0800c148                VL53L0X_device_read_strobe
 .text.VL53L0X_get_info_from_device
                0x0800c1ce      0x99a ./Drivers/VL53L0X/core/src/vl53l0x_api_core.o
                0x0800c1ce                VL53L0X_get_info_from_device
 .text.VL53L0X_calc_macro_period_ps
                0x0800cb68       0x3c ./Drivers/VL53L0X/core/src/vl53l0x_api_core.o
                0x0800cb68                VL53L0X_calc_macro_period_ps
 .text.VL53L0X_encode_timeout
                0x0800cba4       0x54 ./Drivers/VL53L0X/core/src/vl53l0x_api_core.o
                0x0800cba4                VL53L0X_encode_timeout
 .text.VL53L0X_decode_timeout
                0x0800cbf8       0x2c ./Drivers/VL53L0X/core/src/vl53l0x_api_core.o
                0x0800cbf8                VL53L0X_decode_timeout
 .text.VL53L0X_calc_timeout_mclks
                0x0800cc24       0x54 ./Drivers/VL53L0X/core/src/vl53l0x_api_core.o
                0x0800cc24                VL53L0X_calc_timeout_mclks
 .text.VL53L0X_calc_timeout_us
                0x0800cc78       0x54 ./Drivers/VL53L0X/core/src/vl53l0x_api_core.o
                0x0800cc78                VL53L0X_calc_timeout_us
 .text.get_sequence_step_timeout
                0x0800cccc      0x1c0 ./Drivers/VL53L0X/core/src/vl53l0x_api_core.o
                0x0800cccc                get_sequence_step_timeout
 .text.set_sequence_step_timeout
                0x0800ce8c      0x1e4 ./Drivers/VL53L0X/core/src/vl53l0x_api_core.o
                0x0800ce8c                set_sequence_step_timeout
 .text.VL53L0X_set_vcsel_pulse_period
                0x0800d070      0x50e ./Drivers/VL53L0X/core/src/vl53l0x_api_core.o
                0x0800d070                VL53L0X_set_vcsel_pulse_period
 .text.VL53L0X_get_vcsel_pulse_period
                0x0800d57e       0x6e ./Drivers/VL53L0X/core/src/vl53l0x_api_core.o
                0x0800d57e                VL53L0X_get_vcsel_pulse_period
 .text.VL53L0X_set_measurement_timing_budget_micro_seconds
                0x0800d5ec      0x1c0 ./Drivers/VL53L0X/core/src/vl53l0x_api_core.o
                0x0800d5ec                VL53L0X_set_measurement_timing_budget_micro_seconds
 .text.VL53L0X_get_measurement_timing_budget_micro_seconds
                0x0800d7ac      0x162 ./Drivers/VL53L0X/core/src/vl53l0x_api_core.o
                0x0800d7ac                VL53L0X_get_measurement_timing_budget_micro_seconds
 *fill*         0x0800d90e        0x2 
 .text.VL53L0X_load_tuning_settings
                0x0800d910      0x1c4 ./Drivers/VL53L0X/core/src/vl53l0x_api_core.o
                0x0800d910                VL53L0X_load_tuning_settings
 .text.VL53L0X_get_total_xtalk_rate
                0x0800dad4       0x5e ./Drivers/VL53L0X/core/src/vl53l0x_api_core.o
                0x0800dad4                VL53L0X_get_total_xtalk_rate
 .text.VL53L0X_get_total_signal_rate
                0x0800db32       0x4a ./Drivers/VL53L0X/core/src/vl53l0x_api_core.o
                0x0800db32                VL53L0X_get_total_signal_rate
 .text.VL53L0X_calc_dmax
                0x0800db7c      0x238 ./Drivers/VL53L0X/core/src/vl53l0x_api_core.o
                0x0800db7c                VL53L0X_calc_dmax
 .text.VL53L0X_calc_sigma_estimate
                0x0800ddb4      0x498 ./Drivers/VL53L0X/core/src/vl53l0x_api_core.o
                0x0800ddb4                VL53L0X_calc_sigma_estimate
 .text.VL53L0X_get_pal_range_status
                0x0800e24c      0x3b6 ./Drivers/VL53L0X/core/src/vl53l0x_api_core.o
                0x0800e24c                VL53L0X_get_pal_range_status
 .text.VL53L0X_check_part_used
                0x0800e602       0x6a ./Drivers/VL53L0X/core/src/vl53l0x_api_strings.o
                0x0800e602                VL53L0X_check_part_used
 .text.VL53L0X_get_device_info
                0x0800e66c      0x108 ./Drivers/VL53L0X/core/src/vl53l0x_api_strings.o
                0x0800e66c                VL53L0X_get_device_info
 .text.__cvt    0x0800e774       0xca /Applications/STM32CubeIDE.app/Contents/Eclipse/plugins/com.st.stm32cube.ide.mcu.externaltools.gnu-tools-for-stm32.13.3.rel1.macos64_1.0.0.202411102158/tools/bin/../lib/gcc/arm-none-eabi/13.3.1/../../../../arm-none-eabi/lib/thumb/v7e-m+fp/hard/libc_nano.a(libc_a-nano-vfprintf_float.o)
                0x0800e774                __cvt
 .text.__exponent
                0x0800e83e       0x74 /Applications/STM32CubeIDE.app/Contents/Eclipse/plugins/com.st.stm32cube.ide.mcu.externaltools.gnu-tools-for-stm32.13.3.rel1.macos64_1.0.0.202411102158/tools/bin/../lib/gcc/arm-none-eabi/13.3.1/../../../../arm-none-eabi/lib/thumb/v7e-m+fp/hard/libc_nano.a(libc_a-nano-vfprintf_float.o)
                0x0800e83e                __exponent
 *fill*         0x0800e8b2        0x2 
 .text._printf_float
                0x0800e8b4      0x454 /Applications/STM32CubeIDE.app/Contents/Eclipse/plugins/com.st.stm32cube.ide.mcu.externaltools.gnu-tools-for-stm32.13.3.rel1.macos64_1.0.0.202411102158/tools/bin/../lib/gcc/arm-none-eabi/13.3.1/../../../../arm-none-eabi/lib/thumb/v7e-m+fp/hard/libc_nano.a(libc_a-nano-vfprintf_float.o)
                0x0800e8b4                _printf_float
 .text.malloc   0x0800ed08       0x10 /Applications/STM32CubeIDE.app/Contents/Eclipse/plugins/com.st.stm32cube.ide.mcu.externaltools.gnu-tools-for-stm32.13.3.rel1.macos64_1.0.0.202411102158/tools/bin/../lib/gcc/arm-none-eabi/13.3.1/../../../../arm-none-eabi/lib/thumb/v7e-m+fp/hard/libc_nano.a(libc_a-malloc.o)
                0x0800ed08                malloc
 .text.free     0x0800ed18       0x10 /Applications/STM32CubeIDE.app/Contents/Eclipse/plugins/com.st.stm32cube.ide.mcu.externaltools.gnu-tools-for-stm32.13.3.rel1.macos64_1.0.0.202411102158/tools/bin/../lib/gcc/arm-none-eabi/13.3.1/../../../../arm-none-eabi/lib/thumb/v7e-m+fp/hard/libc_nano.a(libc_a-malloc.o)
                0x0800ed18                free
 .text.sbrk_aligned
                0x0800ed28       0x44 /Applications/STM32CubeIDE.app/Contents/Eclipse/plugins/com.st.stm32cube.ide.mcu.externaltools.gnu-tools-for-stm32.13.3.rel1.macos64_1.0.0.202411102158/tools/bin/../lib/gcc/arm-none-eabi/13.3.1/../../../../arm-none-eabi/lib/thumb/v7e-m+fp/hard/libc_nano.a(libc_a-mallocr.o)
 .text._malloc_r
                0x0800ed6c      0x100 /Applications/STM32CubeIDE.app/Contents/Eclipse/plugins/com.st.stm32cube.ide.mcu.externaltools.gnu-tools-for-stm32.13.3.rel1.macos64_1.0.0.202411102158/tools/bin/../lib/gcc/arm-none-eabi/13.3.1/../../../../arm-none-eabi/lib/thumb/v7e-m+fp/hard/libc_nano.a(libc_a-mallocr.o)
                0x0800ed6c                _malloc_r
 .text._printf_common
                0x0800ee6c       0xda /Applications/STM32CubeIDE.app/Contents/Eclipse/plugins/com.st.stm32cube.ide.mcu.externaltools.gnu-tools-for-stm32.13.3.rel1.macos64_1.0.0.202411102158/tools/bin/../lib/gcc/arm-none-eabi/13.3.1/../../../../arm-none-eabi/lib/thumb/v7e-m+fp/hard/libc_nano.a(libc_a-nano-vfprintf_i.o)
                0x0800ee6c                _printf_common
 *fill*         0x0800ef46        0x2 
 .text._printf_i
                0x0800ef48      0x23c /Applications/STM32CubeIDE.app/Contents/Eclipse/plugins/com.st.stm32cube.ide.mcu.externaltools.gnu-tools-for-stm32.13.3.rel1.macos64_1.0.0.202411102158/tools/bin/../lib/gcc/arm-none-eabi/13.3.1/../../../../arm-none-eabi/lib/thumb/v7e-m+fp/hard/libc_nano.a(libc_a-nano-vfprintf_i.o)
                0x0800ef48                _printf_i
 .text.snprintf
                0x0800f184       0x6c /Applications/STM32CubeIDE.app/Contents/Eclipse/plugins/com.st.stm32cube.ide.mcu.externaltools.gnu-tools-for-stm32.13.3.rel1.macos64_1.0.0.202411102158/tools/bin/../lib/gcc/arm-none-eabi/13.3.1/../../../../arm-none-eabi/lib/thumb/v7e-m+fp/hard/libc_nano.a(libc_a-snprintf.o)
                0x0800f184                snprintf
                0x0800f184                sniprintf
 .text.__malloc_lock
                0x0800f1f0        0xc /Applications/STM32CubeIDE.app/Contents/Eclipse/plugins/com.st.stm32cube.ide.mcu.externaltools.gnu-tools-for-stm32.13.3.rel1.macos64_1.0.0.202411102158/tools/bin/../lib/gcc/arm-none-eabi/13.3.1/../../../../arm-none-eabi/lib/thumb/v7e-m+fp/hard/libc_nano.a(libc_a-mlock.o)
                0x0800f1f0                __malloc_lock
 .text.__malloc_unlock
                0x0800f1fc        0xc /Applications/STM32CubeIDE.app/Contents/Eclipse/plugins/com.st.stm32cube.ide.mcu.externaltools.gnu-tools-for-stm32.13.3.rel1.macos64_1.0.0.202411102158/tools/bin/../lib/gcc/arm-none-eabi/13.3.1/../../../../arm-none-eabi/lib/thumb/v7e-m+fp/hard/libc_nano.a(libc_a-mlock.o)
                0x0800f1fc                __malloc_unlock
 .text.sprintf  0x0800f208       0x44 /Applications/STM32CubeIDE.app/Contents/Eclipse/plugins/com.st.stm32cube.ide.mcu.externaltools.gnu-tools-for-stm32.13.3.rel1.macos64_1.0.0.202411102158/tools/bin/../lib/gcc/arm-none-eabi/13.3.1/../../../../arm-none-eabi/lib/thumb/v7e-m+fp/hard/libc_nano.a(libc_a-sprintf.o)
                0x0800f208                sprintf
                0x0800f208                siprintf
 .text.std      0x0800f24c       0x6c /Applications/STM32CubeIDE.app/Contents/Eclipse/plugins/com.st.stm32cube.ide.mcu.externaltools.gnu-tools-for-stm32.13.3.rel1.macos64_1.0.0.202411102158/tools/bin/../lib/gcc/arm-none-eabi/13.3.1/../../../../arm-none-eabi/lib/thumb/v7e-m+fp/hard/libc_nano.a(libc_a-findfp.o)
 .text.stdio_exit_handler
                0x0800f2b8       0x18 /Applications/STM32CubeIDE.app/Contents/Eclipse/plugins/com.st.stm32cube.ide.mcu.externaltools.gnu-tools-for-stm32.13.3.rel1.macos64_1.0.0.202411102158/tools/bin/../lib/gcc/arm-none-eabi/13.3.1/../../../../arm-none-eabi/lib/thumb/v7e-m+fp/hard/libc_nano.a(libc_a-findfp.o)
 .text.cleanup_stdio
                0x0800f2d0       0x40 /Applications/STM32CubeIDE.app/Contents/Eclipse/plugins/com.st.stm32cube.ide.mcu.externaltools.gnu-tools-for-stm32.13.3.rel1.macos64_1.0.0.202411102158/tools/bin/../lib/gcc/arm-none-eabi/13.3.1/../../../../arm-none-eabi/lib/thumb/v7e-m+fp/hard/libc_nano.a(libc_a-findfp.o)
 .text.global_stdio_init.part.0
                0x0800f310       0x3c /Applications/STM32CubeIDE.app/Contents/Eclipse/plugins/com.st.stm32cube.ide.mcu.externaltools.gnu-tools-for-stm32.13.3.rel1.macos64_1.0.0.202411102158/tools/bin/../lib/gcc/arm-none-eabi/13.3.1/../../../../arm-none-eabi/lib/thumb/v7e-m+fp/hard/libc_nano.a(libc_a-findfp.o)
 .text.__sfp_lock_acquire
                0x0800f34c        0xc /Applications/STM32CubeIDE.app/Contents/Eclipse/plugins/com.st.stm32cube.ide.mcu.externaltools.gnu-tools-for-stm32.13.3.rel1.macos64_1.0.0.202411102158/tools/bin/../lib/gcc/arm-none-eabi/13.3.1/../../../../arm-none-eabi/lib/thumb/v7e-m+fp/hard/libc_nano.a(libc_a-findfp.o)
                0x0800f34c                __sfp_lock_acquire
 .text.__sfp_lock_release
                0x0800f358        0xc /Applications/STM32CubeIDE.app/Contents/Eclipse/plugins/com.st.stm32cube.ide.mcu.externaltools.gnu-tools-for-stm32.13.3.rel1.macos64_1.0.0.202411102158/tools/bin/../lib/gcc/arm-none-eabi/13.3.1/../../../../arm-none-eabi/lib/thumb/v7e-m+fp/hard/libc_nano.a(libc_a-findfp.o)
                0x0800f358                __sfp_lock_release
 .text.__sinit  0x0800f364       0x30 /Applications/STM32CubeIDE.app/Contents/Eclipse/plugins/com.st.stm32cube.ide.mcu.externaltools.gnu-tools-for-stm32.13.3.rel1.macos64_1.0.0.202411102158/tools/bin/../lib/gcc/arm-none-eabi/13.3.1/../../../../arm-none-eabi/lib/thumb/v7e-m+fp/hard/libc_nano.a(libc_a-findfp.o)
                0x0800f364                __sinit
 .text._fwalk_sglue
                0x0800f394       0x3c /Applications/STM32CubeIDE.app/Contents/Eclipse/plugins/com.st.stm32cube.ide.mcu.externaltools.gnu-tools-for-stm32.13.3.rel1.macos64_1.0.0.202411102158/tools/bin/../lib/gcc/arm-none-eabi/13.3.1/../../../../arm-none-eabi/lib/thumb/v7e-m+fp/hard/libc_nano.a(libc_a-fwalk.o)
                0x0800f394                _fwalk_sglue
 .text.printf   0x0800f3d0       0x24 /Applications/STM32CubeIDE.app/Contents/Eclipse/plugins/com.st.stm32cube.ide.mcu.externaltools.gnu-tools-for-stm32.13.3.rel1.macos64_1.0.0.202411102158/tools/bin/../lib/gcc/arm-none-eabi/13.3.1/../../../../arm-none-eabi/lib/thumb/v7e-m+fp/hard/libc_nano.a(libc_a-printf.o)
                0x0800f3d0                printf
                0x0800f3d0                iprintf
 .text._puts_r  0x0800f3f4       0xaa /Applications/STM32CubeIDE.app/Contents/Eclipse/plugins/com.st.stm32cube.ide.mcu.externaltools.gnu-tools-for-stm32.13.3.rel1.macos64_1.0.0.202411102158/tools/bin/../lib/gcc/arm-none-eabi/13.3.1/../../../../arm-none-eabi/lib/thumb/v7e-m+fp/hard/libc_nano.a(libc_a-puts.o)
                0x0800f3f4                _puts_r
 *fill*         0x0800f49e        0x2 
 .text.puts     0x0800f4a0       0x10 /Applications/STM32CubeIDE.app/Contents/Eclipse/plugins/com.st.stm32cube.ide.mcu.externaltools.gnu-tools-for-stm32.13.3.rel1.macos64_1.0.0.202411102158/tools/bin/../lib/gcc/arm-none-eabi/13.3.1/../../../../arm-none-eabi/lib/thumb/v7e-m+fp/hard/libc_nano.a(libc_a-puts.o)
                0x0800f4a0                puts
 .text.memset   0x0800f4b0       0x10 /Applications/STM32CubeIDE.app/Contents/Eclipse/plugins/com.st.stm32cube.ide.mcu.externaltools.gnu-tools-for-stm32.13.3.rel1.macos64_1.0.0.202411102158/tools/bin/../lib/gcc/arm-none-eabi/13.3.1/../../../../arm-none-eabi/lib/thumb/v7e-m+fp/hard/libc_nano.a(libc_a-memset.o)
                0x0800f4b0                memset
 .text.strncpy  0x0800f4c0       0x26 /Applications/STM32CubeIDE.app/Contents/Eclipse/plugins/com.st.stm32cube.ide.mcu.externaltools.gnu-tools-for-stm32.13.3.rel1.macos64_1.0.0.202411102158/tools/bin/../lib/gcc/arm-none-eabi/13.3.1/../../../../arm-none-eabi/lib/thumb/v7e-m+fp/hard/libc_nano.a(libc_a-strncpy.o)
                0x0800f4c0                strncpy
 *fill*         0x0800f4e6        0x2 
 .text._sbrk_r  0x0800f4e8       0x20 /Applications/STM32CubeIDE.app/Contents/Eclipse/plugins/com.st.stm32cube.ide.mcu.externaltools.gnu-tools-for-stm32.13.3.rel1.macos64_1.0.0.202411102158/tools/bin/../lib/gcc/arm-none-eabi/13.3.1/../../../../arm-none-eabi/lib/thumb/v7e-m+fp/hard/libc_nano.a(libc_a-sbrkr.o)
                0x0800f4e8                _sbrk_r
 .text.__errno  0x0800f508        0xc /Applications/STM32CubeIDE.app/Contents/Eclipse/plugins/com.st.stm32cube.ide.mcu.externaltools.gnu-tools-for-stm32.13.3.rel1.macos64_1.0.0.202411102158/tools/bin/../lib/gcc/arm-none-eabi/13.3.1/../../../../arm-none-eabi/lib/thumb/v7e-m+fp/hard/libc_nano.a(libc_a-errno.o)
                0x0800f508                __errno
 .text.__libc_init_array
                0x0800f514       0x48 /Applications/STM32CubeIDE.app/Contents/Eclipse/plugins/com.st.stm32cube.ide.mcu.externaltools.gnu-tools-for-stm32.13.3.rel1.macos64_1.0.0.202411102158/tools/bin/../lib/gcc/arm-none-eabi/13.3.1/../../../../arm-none-eabi/lib/thumb/v7e-m+fp/hard/libc_nano.a(libc_a-init.o)
                0x0800f514                __libc_init_array
 .text.__retarget_lock_init_recursive
                0x0800f55c        0x2 /Applications/STM32CubeIDE.app/Contents/Eclipse/plugins/com.st.stm32cube.ide.mcu.externaltools.gnu-tools-for-stm32.13.3.rel1.macos64_1.0.0.202411102158/tools/bin/../lib/gcc/arm-none-eabi/13.3.1/../../../../arm-none-eabi/lib/thumb/v7e-m+fp/hard/libc_nano.a(libc_a-lock.o)
                0x0800f55c                __retarget_lock_init_recursive
 .text.__retarget_lock_acquire_recursive
                0x0800f55e        0x2 /Applications/STM32CubeIDE.app/Contents/Eclipse/plugins/com.st.stm32cube.ide.mcu.externaltools.gnu-tools-for-stm32.13.3.rel1.macos64_1.0.0.202411102158/tools/bin/../lib/gcc/arm-none-eabi/13.3.1/../../../../arm-none-eabi/lib/thumb/v7e-m+fp/hard/libc_nano.a(libc_a-lock.o)
                0x0800f55e                __retarget_lock_acquire_recursive
 .text.__retarget_lock_release_recursive
                0x0800f560        0x2 /Applications/STM32CubeIDE.app/Contents/Eclipse/plugins/com.st.stm32cube.ide.mcu.externaltools.gnu-tools-for-stm32.13.3.rel1.macos64_1.0.0.202411102158/tools/bin/../lib/gcc/arm-none-eabi/13.3.1/../../../../arm-none-eabi/lib/thumb/v7e-m+fp/hard/libc_nano.a(libc_a-lock.o)
                0x0800f560                __retarget_lock_release_recursive
 *fill*         0x0800f562        0x2 
 .text._localeconv_r
                0x0800f564        0x8 /Applications/STM32CubeIDE.app/Contents/Eclipse/plugins/com.st.stm32cube.ide.mcu.externaltools.gnu-tools-for-stm32.13.3.rel1.macos64_1.0.0.202411102158/tools/bin/../lib/gcc/arm-none-eabi/13.3.1/../../../../arm-none-eabi/lib/thumb/v7e-m+fp/hard/libc_nano.a(libc_a-localeconv.o)
                0x0800f564                _localeconv_r
 .text.strcpy   0x0800f56c       0x10 /Applications/STM32CubeIDE.app/Contents/Eclipse/plugins/com.st.stm32cube.ide.mcu.externaltools.gnu-tools-for-stm32.13.3.rel1.macos64_1.0.0.202411102158/tools/bin/../lib/gcc/arm-none-eabi/13.3.1/../../../../arm-none-eabi/lib/thumb/v7e-m+fp/hard/libc_nano.a(libc_a-strcpy.o)
                0x0800f56c                strcpy
 .text.memcpy   0x0800f57c       0x1c /Applications/STM32CubeIDE.app/Contents/Eclipse/plugins/com.st.stm32cube.ide.mcu.externaltools.gnu-tools-for-stm32.13.3.rel1.macos64_1.0.0.202411102158/tools/bin/../lib/gcc/arm-none-eabi/13.3.1/../../../../arm-none-eabi/lib/thumb/v7e-m+fp/hard/libc_nano.a(libc_a-memcpy-stub.o)
                0x0800f57c                memcpy
 .text.quorem   0x0800f598      0x110 /Applications/STM32CubeIDE.app/Contents/Eclipse/plugins/com.st.stm32cube.ide.mcu.externaltools.gnu-tools-for-stm32.13.3.rel1.macos64_1.0.0.202411102158/tools/bin/../lib/gcc/arm-none-eabi/13.3.1/../../../../arm-none-eabi/lib/thumb/v7e-m+fp/hard/libc_nano.a(libc_a-dtoa.o)
 .text._dtoa_r  0x0800f6a8      0xba0 /Applications/STM32CubeIDE.app/Contents/Eclipse/plugins/com.st.stm32cube.ide.mcu.externaltools.gnu-tools-for-stm32.13.3.rel1.macos64_1.0.0.202411102158/tools/bin/../lib/gcc/arm-none-eabi/13.3.1/../../../../arm-none-eabi/lib/thumb/v7e-m+fp/hard/libc_nano.a(libc_a-dtoa.o)
                0x0800f6a8                _dtoa_r
 .text._free_r  0x08010248       0x94 /Applications/STM32CubeIDE.app/Contents/Eclipse/plugins/com.st.stm32cube.ide.mcu.externaltools.gnu-tools-for-stm32.13.3.rel1.macos64_1.0.0.202411102158/tools/bin/../lib/gcc/arm-none-eabi/13.3.1/../../../../arm-none-eabi/lib/thumb/v7e-m+fp/hard/libc_nano.a(libc_a-freer.o)
                0x08010248                _free_r
 .text.__ssputs_r
                0x080102dc       0xb6 /Applications/STM32CubeIDE.app/Contents/Eclipse/plugins/com.st.stm32cube.ide.mcu.externaltools.gnu-tools-for-stm32.13.3.rel1.macos64_1.0.0.202411102158/tools/bin/../lib/gcc/arm-none-eabi/13.3.1/../../../../arm-none-eabi/lib/thumb/v7e-m+fp/hard/libc_nano.a(libc_a-nano-svfprintf.o)
                0x080102dc                __ssputs_r
 *fill*         0x08010392        0x2 
 .text._svfprintf_r
                0x08010394      0x1f8 /Applications/STM32CubeIDE.app/Contents/Eclipse/plugins/com.st.stm32cube.ide.mcu.externaltools.gnu-tools-for-stm32.13.3.rel1.macos64_1.0.0.202411102158/tools/bin/../lib/gcc/arm-none-eabi/13.3.1/../../../../arm-none-eabi/lib/thumb/v7e-m+fp/hard/libc_nano.a(libc_a-nano-svfprintf.o)
                0x08010394                _svfprintf_r
                0x08010394                _svfiprintf_r
 .text.__sfputc_r
                0x0801058c       0x2e /Applications/STM32CubeIDE.app/Contents/Eclipse/plugins/com.st.stm32cube.ide.mcu.externaltools.gnu-tools-for-stm32.13.3.rel1.macos64_1.0.0.202411102158/tools/bin/../lib/gcc/arm-none-eabi/13.3.1/../../../../arm-none-eabi/lib/thumb/v7e-m+fp/hard/libc_nano.a(libc_a-nano-vfprintf.o)
 .text.__sfputs_r
                0x080105ba       0x24 /Applications/STM32CubeIDE.app/Contents/Eclipse/plugins/com.st.stm32cube.ide.mcu.externaltools.gnu-tools-for-stm32.13.3.rel1.macos64_1.0.0.202411102158/tools/bin/../lib/gcc/arm-none-eabi/13.3.1/../../../../arm-none-eabi/lib/thumb/v7e-m+fp/hard/libc_nano.a(libc_a-nano-vfprintf.o)
                0x080105ba                __sfputs_r
 *fill*         0x080105de        0x2 
 .text._vfprintf_r
                0x080105e0      0x230 /Applications/STM32CubeIDE.app/Contents/Eclipse/plugins/com.st.stm32cube.ide.mcu.externaltools.gnu-tools-for-stm32.13.3.rel1.macos64_1.0.0.202411102158/tools/bin/../lib/gcc/arm-none-eabi/13.3.1/../../../../arm-none-eabi/lib/thumb/v7e-m+fp/hard/libc_nano.a(libc_a-nano-vfprintf.o)
                0x080105e0                _vfiprintf_r
                0x080105e0                _vfprintf_r
 .text.__sflush_r
                0x08010810      0x108 /Applications/STM32CubeIDE.app/Contents/Eclipse/plugins/com.st.stm32cube.ide.mcu.externaltools.gnu-tools-for-stm32.13.3.rel1.macos64_1.0.0.202411102158/tools/bin/../lib/gcc/arm-none-eabi/13.3.1/../../../../arm-none-eabi/lib/thumb/v7e-m+fp/hard/libc_nano.a(libc_a-fflush.o)
                0x08010810                __sflush_r
 .text._fflush_r
                0x08010918       0x50 /Applications/STM32CubeIDE.app/Contents/Eclipse/plugins/com.st.stm32cube.ide.mcu.externaltools.gnu-tools-for-stm32.13.3.rel1.macos64_1.0.0.202411102158/tools/bin/../lib/gcc/arm-none-eabi/13.3.1/../../../../arm-none-eabi/lib/thumb/v7e-m+fp/hard/libc_nano.a(libc_a-fflush.o)
                0x08010918                _fflush_r
 .text._Balloc  0x08010968       0x80 /Applications/STM32CubeIDE.app/Contents/Eclipse/plugins/com.st.stm32cube.ide.mcu.externaltools.gnu-tools-for-stm32.13.3.rel1.macos64_1.0.0.202411102158/tools/bin/../lib/gcc/arm-none-eabi/13.3.1/../../../../arm-none-eabi/lib/thumb/v7e-m+fp/hard/libc_nano.a(libc_a-mprec.o)
                0x08010968                _Balloc
 .text._Bfree   0x080109e8       0x44 /Applications/STM32CubeIDE.app/Contents/Eclipse/plugins/com.st.stm32cube.ide.mcu.externaltools.gnu-tools-for-stm32.13.3.rel1.macos64_1.0.0.202411102158/tools/bin/../lib/gcc/arm-none-eabi/13.3.1/../../../../arm-none-eabi/lib/thumb/v7e-m+fp/hard/libc_nano.a(libc_a-mprec.o)
                0x080109e8                _Bfree
 .text.__multadd
                0x08010a2c       0x8c /Applications/STM32CubeIDE.app/Contents/Eclipse/plugins/com.st.stm32cube.ide.mcu.externaltools.gnu-tools-for-stm32.13.3.rel1.macos64_1.0.0.202411102158/tools/bin/../lib/gcc/arm-none-eabi/13.3.1/../../../../arm-none-eabi/lib/thumb/v7e-m+fp/hard/libc_nano.a(libc_a-mprec.o)
                0x08010a2c                __multadd
 .text.__hi0bits
                0x08010ab8       0x3e /Applications/STM32CubeIDE.app/Contents/Eclipse/plugins/com.st.stm32cube.ide.mcu.externaltools.gnu-tools-for-stm32.13.3.rel1.macos64_1.0.0.202411102158/tools/bin/../lib/gcc/arm-none-eabi/13.3.1/../../../../arm-none-eabi/lib/thumb/v7e-m+fp/hard/libc_nano.a(libc_a-mprec.o)
                0x08010ab8                __hi0bits
 .text.__lo0bits
                0x08010af6       0x5a /Applications/STM32CubeIDE.app/Contents/Eclipse/plugins/com.st.stm32cube.ide.mcu.externaltools.gnu-tools-for-stm32.13.3.rel1.macos64_1.0.0.202411102158/tools/bin/../lib/gcc/arm-none-eabi/13.3.1/../../../../arm-none-eabi/lib/thumb/v7e-m+fp/hard/libc_nano.a(libc_a-mprec.o)
                0x08010af6                __lo0bits
 .text.__i2b    0x08010b50       0x2c /Applications/STM32CubeIDE.app/Contents/Eclipse/plugins/com.st.stm32cube.ide.mcu.externaltools.gnu-tools-for-stm32.13.3.rel1.macos64_1.0.0.202411102158/tools/bin/../lib/gcc/arm-none-eabi/13.3.1/../../../../arm-none-eabi/lib/thumb/v7e-m+fp/hard/libc_nano.a(libc_a-mprec.o)
                0x08010b50                __i2b
 .text.__multiply
                0x08010b7c      0x144 /Applications/STM32CubeIDE.app/Contents/Eclipse/plugins/com.st.stm32cube.ide.mcu.externaltools.gnu-tools-for-stm32.13.3.rel1.macos64_1.0.0.202411102158/tools/bin/../lib/gcc/arm-none-eabi/13.3.1/../../../../arm-none-eabi/lib/thumb/v7e-m+fp/hard/libc_nano.a(libc_a-mprec.o)
                0x08010b7c                __multiply
 .text.__pow5mult
                0x08010cc0       0xb4 /Applications/STM32CubeIDE.app/Contents/Eclipse/plugins/com.st.stm32cube.ide.mcu.externaltools.gnu-tools-for-stm32.13.3.rel1.macos64_1.0.0.202411102158/tools/bin/../lib/gcc/arm-none-eabi/13.3.1/../../../../arm-none-eabi/lib/thumb/v7e-m+fp/hard/libc_nano.a(libc_a-mprec.o)
                0x08010cc0                __pow5mult
 .text.__lshift
                0x08010d74       0xd8 /Applications/STM32CubeIDE.app/Contents/Eclipse/plugins/com.st.stm32cube.ide.mcu.externaltools.gnu-tools-for-stm32.13.3.rel1.macos64_1.0.0.202411102158/tools/bin/../lib/gcc/arm-none-eabi/13.3.1/../../../../arm-none-eabi/lib/thumb/v7e-m+fp/hard/libc_nano.a(libc_a-mprec.o)
                0x08010d74                __lshift
 .text.__mcmp   0x08010e4c       0x36 /Applications/STM32CubeIDE.app/Contents/Eclipse/plugins/com.st.stm32cube.ide.mcu.externaltools.gnu-tools-for-stm32.13.3.rel1.macos64_1.0.0.202411102158/tools/bin/../lib/gcc/arm-none-eabi/13.3.1/../../../../arm-none-eabi/lib/thumb/v7e-m+fp/hard/libc_nano.a(libc_a-mprec.o)
                0x08010e4c                __mcmp
 *fill*         0x08010e82        0x2 
 .text.__mdiff  0x08010e84      0x128 /Applications/STM32CubeIDE.app/Contents/Eclipse/plugins/com.st.stm32cube.ide.mcu.externaltools.gnu-tools-for-stm32.13.3.rel1.macos64_1.0.0.202411102158/tools/bin/../lib/gcc/arm-none-eabi/13.3.1/../../../../arm-none-eabi/lib/thumb/v7e-m+fp/hard/libc_nano.a(libc_a-mprec.o)
                0x08010e84                __mdiff
 .text.__d2b    0x08010fac       0xb0 /Applications/STM32CubeIDE.app/Contents/Eclipse/plugins/com.st.stm32cube.ide.mcu.externaltools.gnu-tools-for-stm32.13.3.rel1.macos64_1.0.0.202411102158/tools/bin/../lib/gcc/arm-none-eabi/13.3.1/../../../../arm-none-eabi/lib/thumb/v7e-m+fp/hard/libc_nano.a(libc_a-mprec.o)
                0x08010fac                __d2b
 .text.__sread  0x0801105c       0x22 /Applications/STM32CubeIDE.app/Contents/Eclipse/plugins/com.st.stm32cube.ide.mcu.externaltools.gnu-tools-for-stm32.13.3.rel1.macos64_1.0.0.202411102158/tools/bin/../lib/gcc/arm-none-eabi/13.3.1/../../../../arm-none-eabi/lib/thumb/v7e-m+fp/hard/libc_nano.a(libc_a-stdio.o)
                0x0801105c                __sread
 .text.__swrite
                0x0801107e       0x38 /Applications/STM32CubeIDE.app/Contents/Eclipse/plugins/com.st.stm32cube.ide.mcu.externaltools.gnu-tools-for-stm32.13.3.rel1.macos64_1.0.0.202411102158/tools/bin/../lib/gcc/arm-none-eabi/13.3.1/../../../../arm-none-eabi/lib/thumb/v7e-m+fp/hard/libc_nano.a(libc_a-stdio.o)
                0x0801107e                __swrite
 .text.__sseek  0x080110b6       0x24 /Applications/STM32CubeIDE.app/Contents/Eclipse/plugins/com.st.stm32cube.ide.mcu.externaltools.gnu-tools-for-stm32.13.3.rel1.macos64_1.0.0.202411102158/tools/bin/../lib/gcc/arm-none-eabi/13.3.1/../../../../arm-none-eabi/lib/thumb/v7e-m+fp/hard/libc_nano.a(libc_a-stdio.o)
                0x080110b6                __sseek
 .text.__sclose
                0x080110da        0x8 /Applications/STM32CubeIDE.app/Contents/Eclipse/plugins/com.st.stm32cube.ide.mcu.externaltools.gnu-tools-for-stm32.13.3.rel1.macos64_1.0.0.202411102158/tools/bin/../lib/gcc/arm-none-eabi/13.3.1/../../../../arm-none-eabi/lib/thumb/v7e-m+fp/hard/libc_nano.a(libc_a-stdio.o)
                0x080110da                __sclose
 .text._realloc_r
                0x080110e2       0x5c /Applications/STM32CubeIDE.app/Contents/Eclipse/plugins/com.st.stm32cube.ide.mcu.externaltools.gnu-tools-for-stm32.13.3.rel1.macos64_1.0.0.202411102158/tools/bin/../lib/gcc/arm-none-eabi/13.3.1/../../../../arm-none-eabi/lib/thumb/v7e-m+fp/hard/libc_nano.a(libc_a-reallocr.o)
                0x080110e2                _realloc_r
 .text.__swbuf_r
                0x0801113e       0x7c /Applications/STM32CubeIDE.app/Contents/Eclipse/plugins/com.st.stm32cube.ide.mcu.externaltools.gnu-tools-for-stm32.13.3.rel1.macos64_1.0.0.202411102158/tools/bin/../lib/gcc/arm-none-eabi/13.3.1/../../../../arm-none-eabi/lib/thumb/v7e-m+fp/hard/libc_nano.a(libc_a-wbuf.o)
                0x0801113e                __swbuf_r
 *fill*         0x080111ba        0x2 
 .text.__swsetup_r
                0x080111bc       0xac /Applications/STM32CubeIDE.app/Contents/Eclipse/plugins/com.st.stm32cube.ide.mcu.externaltools.gnu-tools-for-stm32.13.3.rel1.macos64_1.0.0.202411102158/tools/bin/../lib/gcc/arm-none-eabi/13.3.1/../../../../arm-none-eabi/lib/thumb/v7e-m+fp/hard/libc_nano.a(libc_a-wsetup.o)
                0x080111bc                __swsetup_r
 .text.__swhatbuf_r
                0x08011268       0x4c /Applications/STM32CubeIDE.app/Contents/Eclipse/plugins/com.st.stm32cube.ide.mcu.externaltools.gnu-tools-for-stm32.13.3.rel1.macos64_1.0.0.202411102158/tools/bin/../lib/gcc/arm-none-eabi/13.3.1/../../../../arm-none-eabi/lib/thumb/v7e-m+fp/hard/libc_nano.a(libc_a-makebuf.o)
                0x08011268                __swhatbuf_r
 .text.__smakebuf_r
                0x080112b4       0x78 /Applications/STM32CubeIDE.app/Contents/Eclipse/plugins/com.st.stm32cube.ide.mcu.externaltools.gnu-tools-for-stm32.13.3.rel1.macos64_1.0.0.202411102158/tools/bin/../lib/gcc/arm-none-eabi/13.3.1/../../../../arm-none-eabi/lib/thumb/v7e-m+fp/hard/libc_nano.a(libc_a-makebuf.o)
                0x080112b4                __smakebuf_r
 .text.memmove  0x0801132c       0x34 /Applications/STM32CubeIDE.app/Contents/Eclipse/plugins/com.st.stm32cube.ide.mcu.externaltools.gnu-tools-for-stm32.13.3.rel1.macos64_1.0.0.202411102158/tools/bin/../lib/gcc/arm-none-eabi/13.3.1/../../../../arm-none-eabi/lib/thumb/v7e-m+fp/hard/libc_nano.a(libc_a-memmove.o)
                0x0801132c                memmove
 .text._isatty_r
                0x08011360       0x20 /Applications/STM32CubeIDE.app/Contents/Eclipse/plugins/com.st.stm32cube.ide.mcu.externaltools.gnu-tools-for-stm32.13.3.rel1.macos64_1.0.0.202411102158/tools/bin/../lib/gcc/arm-none-eabi/13.3.1/../../../../arm-none-eabi/lib/thumb/v7e-m+fp/hard/libc_nano.a(libc_a-isattyr.o)
                0x08011360                _isatty_r
 .text._lseek_r
                0x08011380       0x24 /Applications/STM32CubeIDE.app/Contents/Eclipse/plugins/com.st.stm32cube.ide.mcu.externaltools.gnu-tools-for-stm32.13.3.rel1.macos64_1.0.0.202411102158/tools/bin/../lib/gcc/arm-none-eabi/13.3.1/../../../../arm-none-eabi/lib/thumb/v7e-m+fp/hard/libc_nano.a(libc_a-lseekr.o)
                0x08011380                _lseek_r
 .text._read_r  0x080113a4       0x24 /Applications/STM32CubeIDE.app/Contents/Eclipse/plugins/com.st.stm32cube.ide.mcu.externaltools.gnu-tools-for-stm32.13.3.rel1.macos64_1.0.0.202411102158/tools/bin/../lib/gcc/arm-none-eabi/13.3.1/../../../../arm-none-eabi/lib/thumb/v7e-m+fp/hard/libc_nano.a(libc_a-readr.o)
                0x080113a4                _read_r
 .text._write_r
                0x080113c8       0x24 /Applications/STM32CubeIDE.app/Contents/Eclipse/plugins/com.st.stm32cube.ide.mcu.externaltools.gnu-tools-for-stm32.13.3.rel1.macos64_1.0.0.202411102158/tools/bin/../lib/gcc/arm-none-eabi/13.3.1/../../../../arm-none-eabi/lib/thumb/v7e-m+fp/hard/libc_nano.a(libc_a-writer.o)
                0x080113c8                _write_r
 .text._close_r
                0x080113ec       0x20 /Applications/STM32CubeIDE.app/Contents/Eclipse/plugins/com.st.stm32cube.ide.mcu.externaltools.gnu-tools-for-stm32.13.3.rel1.macos64_1.0.0.202411102158/tools/bin/../lib/gcc/arm-none-eabi/13.3.1/../../../../arm-none-eabi/lib/thumb/v7e-m+fp/hard/libc_nano.a(libc_a-closer.o)
                0x080113ec                _close_r
 .text._fstat_r
                0x0801140c       0x24 /Applications/STM32CubeIDE.app/Contents/Eclipse/plugins/com.st.stm32cube.ide.mcu.externaltools.gnu-tools-for-stm32.13.3.rel1.macos64_1.0.0.202411102158/tools/bin/../lib/gcc/arm-none-eabi/13.3.1/../../../../arm-none-eabi/lib/thumb/v7e-m+fp/hard/libc_nano.a(libc_a-fstatr.o)
                0x0801140c                _fstat_r
 .text.__assert_func
                0x08011430       0x3c /Applications/STM32CubeIDE.app/Contents/Eclipse/plugins/com.st.stm32cube.ide.mcu.externaltools.gnu-tools-for-stm32.13.3.rel1.macos64_1.0.0.202411102158/tools/bin/../lib/gcc/arm-none-eabi/13.3.1/../../../../arm-none-eabi/lib/thumb/v7e-m+fp/hard/libc_nano.a(libc_a-assert.o)
                0x08011430                __assert_func
 .text._calloc_r
                0x0801146c       0x28 /Applications/STM32CubeIDE.app/Contents/Eclipse/plugins/com.st.stm32cube.ide.mcu.externaltools.gnu-tools-for-stm32.13.3.rel1.macos64_1.0.0.202411102158/tools/bin/../lib/gcc/arm-none-eabi/13.3.1/../../../../arm-none-eabi/lib/thumb/v7e-m+fp/hard/libc_nano.a(libc_a-callocr.o)
                0x0801146c                _calloc_r
 .text.__ascii_mbtowc
                0x08011494       0x24 /Applications/STM32CubeIDE.app/Contents/Eclipse/plugins/com.st.stm32cube.ide.mcu.externaltools.gnu-tools-for-stm32.13.3.rel1.macos64_1.0.0.202411102158/tools/bin/../lib/gcc/arm-none-eabi/13.3.1/../../../../arm-none-eabi/lib/thumb/v7e-m+fp/hard/libc_nano.a(libc_a-mbtowc_r.o)
                0x08011494                __ascii_mbtowc
 .text._malloc_usable_size_r
                0x080114b8       0x10 /Applications/STM32CubeIDE.app/Contents/Eclipse/plugins/com.st.stm32cube.ide.mcu.externaltools.gnu-tools-for-stm32.13.3.rel1.macos64_1.0.0.202411102158/tools/bin/../lib/gcc/arm-none-eabi/13.3.1/../../../../arm-none-eabi/lib/thumb/v7e-m+fp/hard/libc_nano.a(libc_a-msizer.o)
                0x080114b8                _malloc_usable_size_r
 .text.fprintf  0x080114c8       0x24 /Applications/STM32CubeIDE.app/Contents/Eclipse/plugins/com.st.stm32cube.ide.mcu.externaltools.gnu-tools-for-stm32.13.3.rel1.macos64_1.0.0.202411102158/tools/bin/../lib/gcc/arm-none-eabi/13.3.1/../../../../arm-none-eabi/lib/thumb/v7e-m+fp/hard/libc_nano.a(libc_a-fprintf.o)
                0x080114c8                fprintf
                0x080114c8                fiprintf
 .text.__ascii_wctomb
                0x080114ec       0x1a /Applications/STM32CubeIDE.app/Contents/Eclipse/plugins/com.st.stm32cube.ide.mcu.externaltools.gnu-tools-for-stm32.13.3.rel1.macos64_1.0.0.202411102158/tools/bin/../lib/gcc/arm-none-eabi/13.3.1/../../../../arm-none-eabi/lib/thumb/v7e-m+fp/hard/libc_nano.a(libc_a-wctomb_r.o)
                0x080114ec                __ascii_wctomb
 .text.abort    0x08011506        0xe /Applications/STM32CubeIDE.app/Contents/Eclipse/plugins/com.st.stm32cube.ide.mcu.externaltools.gnu-tools-for-stm32.13.3.rel1.macos64_1.0.0.202411102158/tools/bin/../lib/gcc/arm-none-eabi/13.3.1/../../../../arm-none-eabi/lib/thumb/v7e-m+fp/hard/libc_nano.a(libc_a-abort.o)
                0x08011506                abort
 .text._raise_r
                0x08011514       0x50 /Applications/STM32CubeIDE.app/Contents/Eclipse/plugins/com.st.stm32cube.ide.mcu.externaltools.gnu-tools-for-stm32.13.3.rel1.macos64_1.0.0.202411102158/tools/bin/../lib/gcc/arm-none-eabi/13.3.1/../../../../arm-none-eabi/lib/thumb/v7e-m+fp/hard/libc_nano.a(libc_a-signal.o)
                0x08011514                _raise_r
 .text.raise    0x08011564       0x10 /Applications/STM32CubeIDE.app/Contents/Eclipse/plugins/com.st.stm32cube.ide.mcu.externaltools.gnu-tools-for-stm32.13.3.rel1.macos64_1.0.0.202411102158/tools/bin/../lib/gcc/arm-none-eabi/13.3.1/../../../../arm-none-eabi/lib/thumb/v7e-m+fp/hard/libc_nano.a(libc_a-signal.o)
                0x08011564                raise
 .text._kill_r  0x08011574       0x24 /Applications/STM32CubeIDE.app/Contents/Eclipse/plugins/com.st.stm32cube.ide.mcu.externaltools.gnu-tools-for-stm32.13.3.rel1.macos64_1.0.0.202411102158/tools/bin/../lib/gcc/arm-none-eabi/13.3.1/../../../../arm-none-eabi/lib/thumb/v7e-m+fp/hard/libc_nano.a(libc_a-signalr.o)
                0x08011574                _kill_r
 .text._getpid_r
                0x08011598        0x4 /Applications/STM32CubeIDE.app/Contents/Eclipse/plugins/com.st.stm32cube.ide.mcu.externaltools.gnu-tools-for-stm32.13.3.rel1.macos64_1.0.0.202411102158/tools/bin/../lib/gcc/arm-none-eabi/13.3.1/../../../../arm-none-eabi/lib/thumb/v7e-m+fp/hard/libc_nano.a(libc_a-signalr.o)
                0x08011598                _getpid_r
 *fill*         0x0801159c        0x4 