../Core/Src/main.c:179:13:avg_reset	16	static
../Core/Src/main.c:187:14:avg_push	24	static
../Core/Src/main.c:200:12:is_saturated	16	static
../Core/Src/main.c:208:5:_write	24	static
../Core/Src/main.c:220:5:main	80	static
../Core/Src/main.c:450:6:SystemClock_Config	88	static
../Core/Src/main.c:498:13:MX_I2C1_Init	8	static
../Core/Src/main.c:532:13:MX_SPI1_Init	8	static
../Core/Src/main.c:570:13:MX_TIM2_Init	64	static
../Core/Src/main.c:629:13:MX_TIM3_Init	32	static
../Core/Src/main.c:674:13:MX_USART2_UART_Init	8	static
../Core/Src/main.c:707:13:MX_GPIO_Init	48	static
../Core/Src/main.c:826:6:LoRa_Init	56	static
../Core/Src/main.c:855:6:LoRa_Send	24	static
../Core/Src/main.c:884:13:OnTxDone	8	static
../Core/Src/main.c:892:13:OnTxTimeout	8	static
../Core/Src/main.c:897:6:generate_event_id	72	static
../Core/Src/main.c:920:6:SendLaserDataToServer	32	static
../Core/Src/main.c:962:6:SendDataToServer	48	static
../Core/Src/main.c:972:6:SendUltraOverLoRa	192	static
../Core/Src/main.c:1028:6:LoadCell_Init	40	static
../Core/Src/main.c:1057:6:LoadCell_ResetAvg	24	static
../Core/Src/main.c:1069:7:LoadCell_PushAvg	24	static
../Core/Src/main.c:1085:5:LoadCell_IsSaturated	16	static
../Core/Src/main.c:1093:6:LoadCell_Process	40	static
../Core/Src/main.c:1146:5:__io_putchar	16	static
../Core/Src/main.c:1152:5:__io_getchar	16	static
../Core/Src/main.c:1164:6:Error_Handler	4	static,ignoring_inline_asm
