../Core/Src/main.c:123:13:avg_reset	16	static
../Core/Src/main.c:129:14:avg_push	24	static
../Core/Src/main.c:139:12:is_saturated	16	static
../Core/Src/main.c:146:5:_write	24	static
../Core/Src/main.c:159:5:main	104	static
../Core/Src/main.c:420:6:SystemClock_Config	88	static
../Core/Src/main.c:468:13:MX_I2C1_Init	8	static
../Core/Src/main.c:502:13:MX_TIM2_Init	64	static
../Core/Src/main.c:561:13:MX_USART2_UART_Init	8	static
../Core/Src/main.c:594:13:MX_GPIO_Init	48	static
../Core/Src/main.c:664:6:generate_uuid	56	static
../Core/Src/main.c:682:6:SendLaserDataToServer	16	static
../Core/Src/main.c:702:6:SendLoadcellDataToServer	40	static
../Core/Src/main.c:712:6:HAL_GPIO_EXTI_Callback	24	static
../Core/Src/main.c:729:5:__io_putchar	16	static
../Core/Src/main.c:734:5:__io_getchar	16	static
../Core/Src/main.c:745:6:Error_Handler	4	static,ignoring_inline_asm
