../Core/Src/main.c:179:13:avg_reset	16	static
../Core/Src/main.c:187:14:avg_push	24	static
../Core/Src/main.c:200:12:is_saturated	16	static
../Core/Src/main.c:208:5:_write	24	static
../Core/Src/main.c:220:5:main	88	static
../Core/Src/main.c:476:6:SystemClock_Config	88	static
../Core/Src/main.c:524:13:MX_I2C1_Init	8	static
../Core/Src/main.c:558:13:MX_SPI1_Init	8	static
../Core/Src/main.c:596:13:MX_TIM2_Init	64	static
../Core/Src/main.c:655:13:MX_TIM3_Init	32	static
../Core/Src/main.c:700:13:MX_USART2_UART_Init	8	static
../Core/Src/main.c:733:13:MX_GPIO_Init	48	static
../Core/Src/main.c:852:6:LoRa_Init	56	static
../Core/Src/main.c:881:6:LoRa_Send	24	static
../Core/Src/main.c:910:13:OnTxDone	8	static
../Core/Src/main.c:918:13:OnTxTimeout	8	static
../Core/Src/main.c:923:6:generate_event_id	72	static
../Core/Src/main.c:946:6:SendLaserDataToServer	32	static
../Core/Src/main.c:988:6:SendDataToServer	48	static
../Core/Src/main.c:998:6:SendUltraOverLoRa	192	static
../Core/Src/main.c:1054:6:LoadCell_Init	40	static
../Core/Src/main.c:1083:6:LoadCell_ResetAvg	24	static
../Core/Src/main.c:1095:7:LoadCell_PushAvg	24	static
../Core/Src/main.c:1111:5:LoadCell_IsSaturated	16	static
../Core/Src/main.c:1119:6:LoadCell_Process	40	static
../Core/Src/main.c:1176:5:__io_putchar	16	static
../Core/Src/main.c:1182:5:__io_getchar	16	static
../Core/Src/main.c:1194:6:Error_Handler	4	static,ignoring_inline_asm
