../Core/Src/main.c:202:13:avg_reset	16	static
../Core/Src/main.c:209:14:avg_push	24	static
../Core/Src/main.c:221:12:is_saturated	16	static
../Core/Src/main.c:229:5:_write	24	static
../Core/Src/main.c:240:5:main	80	static
../Core/Src/main.c:472:6:SystemClock_Config	88	static
../Core/Src/main.c:517:13:MX_I2C1_Init	8	static
../Core/Src/main.c:547:13:MX_SPI1_Init	8	static
../Core/Src/main.c:581:13:MX_TIM2_Init	64	static
../Core/Src/main.c:632:13:MX_TIM3_Init	32	static
../Core/Src/main.c:671:13:MX_USART2_UART_Init	8	static
../Core/Src/main.c:700:13:MX_GPIO_Init	48	static
../Core/Src/main.c:812:6:LoRa_Init	56	static
../Core/Src/main.c:841:6:LoRa_Send	24	static
../Core/Src/main.c:869:13:OnTxDone	8	static
../Core/Src/main.c:876:13:OnTxTimeout	8	static
../Core/Src/main.c:881:6:generate_event_id	72	static
../Core/Src/main.c:903:6:SendLaserDataToServer	32	static
../Core/Src/main.c:941:6:SendDataToServer	48	static
../Core/Src/main.c:950:6:SendUltraOverLoRa	192	static
../Core/Src/main.c:1002:6:LoadCell_Init	40	static
../Core/Src/main.c:1030:6:LoadCell_ResetAvg	24	static
../Core/Src/main.c:1041:7:LoadCell_PushAvg	24	static
../Core/Src/main.c:1056:5:LoadCell_IsSaturated	16	static
../Core/Src/main.c:1063:6:LoadCell_Process	40	static
../Core/Src/main.c:1120:5:__io_putchar	16	static
../Core/Src/main.c:1125:5:__io_getchar	16	static
../Core/Src/main.c:1137:6:Error_Handler	4	static,ignoring_inline_asm
